<?xml version="1.0"?>
<link_info>
   <banner>MSP430 Linker PC v4.3.3</banner>
   <copyright>Copyright (c) 2003-2014 Texas Instruments Incorporated</copyright>
   <link_time>0x55457c84</link_time>
   <link_errors>0x0</link_errors>
   <output_file>lab8_test.out</output_file>
   <entry_point>
      <name>_c_int00</name>
      <address>0x460a</address>
   </entry_point>
   <input_file_list>
      <input_file id="fl-2">
         <path>.\</path>
         <kind>object</kind>
         <file>hal.obj</file>
         <name>hal.obj</name>
      </input_file>
      <input_file id="fl-3">
         <path>.\</path>
         <kind>object</kind>
         <file>main.obj</file>
         <name>main.obj</name>
      </input_file>
      <input_file id="fl-4">
         <path>.\</path>
         <kind>object</kind>
         <file>system_pre_init.obj</file>
         <name>system_pre_init.obj</name>
      </input_file>
      <input_file id="fl-5">
         <path>.\driverlib\MSP430F5xx_6xx\</path>
         <kind>object</kind>
         <file>adc10_a.obj</file>
         <name>adc10_a.obj</name>
      </input_file>
      <input_file id="fl-6">
         <path>.\driverlib\MSP430F5xx_6xx\</path>
         <kind>object</kind>
         <file>adc12_a.obj</file>
         <name>adc12_a.obj</name>
      </input_file>
      <input_file id="fl-7">
         <path>.\driverlib\MSP430F5xx_6xx\</path>
         <kind>object</kind>
         <file>aes.obj</file>
         <name>aes.obj</name>
      </input_file>
      <input_file id="fl-8">
         <path>.\driverlib\MSP430F5xx_6xx\</path>
         <kind>object</kind>
         <file>battbak.obj</file>
         <name>battbak.obj</name>
      </input_file>
      <input_file id="fl-9">
         <path>.\driverlib\MSP430F5xx_6xx\</path>
         <kind>object</kind>
         <file>comp_b.obj</file>
         <name>comp_b.obj</name>
      </input_file>
      <input_file id="fl-a">
         <path>.\driverlib\MSP430F5xx_6xx\</path>
         <kind>object</kind>
         <file>crc.obj</file>
         <name>crc.obj</name>
      </input_file>
      <input_file id="fl-b">
         <path>.\driverlib\MSP430F5xx_6xx\</path>
         <kind>object</kind>
         <file>dac12_a.obj</file>
         <name>dac12_a.obj</name>
      </input_file>
      <input_file id="fl-c">
         <path>.\driverlib\MSP430F5xx_6xx\</path>
         <kind>object</kind>
         <file>dma.obj</file>
         <name>dma.obj</name>
      </input_file>
      <input_file id="fl-d">
         <path>.\driverlib\MSP430F5xx_6xx\</path>
         <kind>object</kind>
         <file>eusci_a_spi.obj</file>
         <name>eusci_a_spi.obj</name>
      </input_file>
      <input_file id="fl-e">
         <path>.\driverlib\MSP430F5xx_6xx\</path>
         <kind>object</kind>
         <file>eusci_a_uart.obj</file>
         <name>eusci_a_uart.obj</name>
      </input_file>
      <input_file id="fl-f">
         <path>.\driverlib\MSP430F5xx_6xx\</path>
         <kind>object</kind>
         <file>eusci_b_i2c.obj</file>
         <name>eusci_b_i2c.obj</name>
      </input_file>
      <input_file id="fl-10">
         <path>.\driverlib\MSP430F5xx_6xx\</path>
         <kind>object</kind>
         <file>eusci_b_spi.obj</file>
         <name>eusci_b_spi.obj</name>
      </input_file>
      <input_file id="fl-11">
         <path>.\driverlib\MSP430F5xx_6xx\</path>
         <kind>object</kind>
         <file>eusci_i2c.obj</file>
         <name>eusci_i2c.obj</name>
      </input_file>
      <input_file id="fl-12">
         <path>.\driverlib\MSP430F5xx_6xx\</path>
         <kind>object</kind>
         <file>eusci_spi.obj</file>
         <name>eusci_spi.obj</name>
      </input_file>
      <input_file id="fl-13">
         <path>.\driverlib\MSP430F5xx_6xx\</path>
         <kind>object</kind>
         <file>eusci_uart.obj</file>
         <name>eusci_uart.obj</name>
      </input_file>
      <input_file id="fl-14">
         <path>.\driverlib\MSP430F5xx_6xx\</path>
         <kind>object</kind>
         <file>flashctl.obj</file>
         <name>flashctl.obj</name>
      </input_file>
      <input_file id="fl-15">
         <path>.\driverlib\MSP430F5xx_6xx\</path>
         <kind>object</kind>
         <file>gpio.obj</file>
         <name>gpio.obj</name>
      </input_file>
      <input_file id="fl-16">
         <path>.\driverlib\MSP430F5xx_6xx\</path>
         <kind>object</kind>
         <file>ldopwr.obj</file>
         <name>ldopwr.obj</name>
      </input_file>
      <input_file id="fl-17">
         <path>.\driverlib\MSP430F5xx_6xx\</path>
         <kind>object</kind>
         <file>mpy32.obj</file>
         <name>mpy32.obj</name>
      </input_file>
      <input_file id="fl-18">
         <path>.\driverlib\MSP430F5xx_6xx\</path>
         <kind>object</kind>
         <file>pmap.obj</file>
         <name>pmap.obj</name>
      </input_file>
      <input_file id="fl-19">
         <path>.\driverlib\MSP430F5xx_6xx\</path>
         <kind>object</kind>
         <file>pmm.obj</file>
         <name>pmm.obj</name>
      </input_file>
      <input_file id="fl-1a">
         <path>.\driverlib\MSP430F5xx_6xx\</path>
         <kind>object</kind>
         <file>ram.obj</file>
         <name>ram.obj</name>
      </input_file>
      <input_file id="fl-1b">
         <path>.\driverlib\MSP430F5xx_6xx\</path>
         <kind>object</kind>
         <file>ref.obj</file>
         <name>ref.obj</name>
      </input_file>
      <input_file id="fl-1c">
         <path>.\driverlib\MSP430F5xx_6xx\</path>
         <kind>object</kind>
         <file>rtc_a.obj</file>
         <name>rtc_a.obj</name>
      </input_file>
      <input_file id="fl-1d">
         <path>.\driverlib\MSP430F5xx_6xx\</path>
         <kind>object</kind>
         <file>rtc_b.obj</file>
         <name>rtc_b.obj</name>
      </input_file>
      <input_file id="fl-1e">
         <path>.\driverlib\MSP430F5xx_6xx\</path>
         <kind>object</kind>
         <file>rtc_c.obj</file>
         <name>rtc_c.obj</name>
      </input_file>
      <input_file id="fl-1f">
         <path>.\driverlib\MSP430F5xx_6xx\</path>
         <kind>object</kind>
         <file>sd24_b.obj</file>
         <name>sd24_b.obj</name>
      </input_file>
      <input_file id="fl-20">
         <path>.\driverlib\MSP430F5xx_6xx\</path>
         <kind>object</kind>
         <file>sfr.obj</file>
         <name>sfr.obj</name>
      </input_file>
      <input_file id="fl-21">
         <path>.\driverlib\MSP430F5xx_6xx\</path>
         <kind>object</kind>
         <file>sysctl.obj</file>
         <name>sysctl.obj</name>
      </input_file>
      <input_file id="fl-22">
         <path>.\driverlib\MSP430F5xx_6xx\</path>
         <kind>object</kind>
         <file>tec.obj</file>
         <name>tec.obj</name>
      </input_file>
      <input_file id="fl-23">
         <path>.\driverlib\MSP430F5xx_6xx\</path>
         <kind>object</kind>
         <file>timer_a.obj</file>
         <name>timer_a.obj</name>
      </input_file>
      <input_file id="fl-24">
         <path>.\driverlib\MSP430F5xx_6xx\</path>
         <kind>object</kind>
         <file>timer_b.obj</file>
         <name>timer_b.obj</name>
      </input_file>
      <input_file id="fl-25">
         <path>.\driverlib\MSP430F5xx_6xx\</path>
         <kind>object</kind>
         <file>timer_d.obj</file>
         <name>timer_d.obj</name>
      </input_file>
      <input_file id="fl-26">
         <path>.\driverlib\MSP430F5xx_6xx\</path>
         <kind>object</kind>
         <file>tlv.obj</file>
         <name>tlv.obj</name>
      </input_file>
      <input_file id="fl-27">
         <path>.\driverlib\MSP430F5xx_6xx\</path>
         <kind>object</kind>
         <file>ucs.obj</file>
         <name>ucs.obj</name>
      </input_file>
      <input_file id="fl-28">
         <path>.\driverlib\MSP430F5xx_6xx\</path>
         <kind>object</kind>
         <file>usci_a_spi.obj</file>
         <name>usci_a_spi.obj</name>
      </input_file>
      <input_file id="fl-29">
         <path>.\driverlib\MSP430F5xx_6xx\</path>
         <kind>object</kind>
         <file>usci_a_uart.obj</file>
         <name>usci_a_uart.obj</name>
      </input_file>
      <input_file id="fl-2a">
         <path>.\driverlib\MSP430F5xx_6xx\</path>
         <kind>object</kind>
         <file>usci_b_i2c.obj</file>
         <name>usci_b_i2c.obj</name>
      </input_file>
      <input_file id="fl-2b">
         <path>.\driverlib\MSP430F5xx_6xx\</path>
         <kind>object</kind>
         <file>usci_b_spi.obj</file>
         <name>usci_b_spi.obj</name>
      </input_file>
      <input_file id="fl-2c">
         <path>.\driverlib\MSP430F5xx_6xx\</path>
         <kind>object</kind>
         <file>usci_i2c.obj</file>
         <name>usci_i2c.obj</name>
      </input_file>
      <input_file id="fl-2d">
         <path>.\driverlib\MSP430F5xx_6xx\</path>
         <kind>object</kind>
         <file>usci_spi.obj</file>
         <name>usci_spi.obj</name>
      </input_file>
      <input_file id="fl-2e">
         <path>.\driverlib\MSP430F5xx_6xx\</path>
         <kind>object</kind>
         <file>usci_uart.obj</file>
         <name>usci_uart.obj</name>
      </input_file>
      <input_file id="fl-2f">
         <path>.\driverlib\MSP430F5xx_6xx\</path>
         <kind>object</kind>
         <file>wdt_a.obj</file>
         <name>wdt_a.obj</name>
      </input_file>
      <input_file id="fl-30">
         <path>.\driverlib\MSP430F5xx_6xx\deprecated\</path>
         <kind>object</kind>
         <file>dma.obj</file>
         <name>dma.obj</name>
      </input_file>
      <input_file id="fl-31">
         <path>.\driverlib\MSP430F5xx_6xx\deprecated\</path>
         <kind>object</kind>
         <file>flashctl.obj</file>
         <name>flashctl.obj</name>
      </input_file>
      <input_file id="fl-32">
         <path>.\driverlib\MSP430F5xx_6xx\deprecated\</path>
         <kind>object</kind>
         <file>mpy32.obj</file>
         <name>mpy32.obj</name>
      </input_file>
      <input_file id="fl-33">
         <path>.\driverlib\MSP430F5xx_6xx\deprecated\</path>
         <kind>object</kind>
         <file>pmm.obj</file>
         <name>pmm.obj</name>
      </input_file>
      <input_file id="fl-34">
         <path>.\driverlib\MSP430F5xx_6xx\deprecated\</path>
         <kind>object</kind>
         <file>ram.obj</file>
         <name>ram.obj</name>
      </input_file>
      <input_file id="fl-35">
         <path>.\driverlib\MSP430F5xx_6xx\deprecated\</path>
         <kind>object</kind>
         <file>sfr.obj</file>
         <name>sfr.obj</name>
      </input_file>
      <input_file id="fl-36">
         <path>.\driverlib\MSP430F5xx_6xx\deprecated\</path>
         <kind>object</kind>
         <file>sysctl.obj</file>
         <name>sysctl.obj</name>
      </input_file>
      <input_file id="fl-37">
         <path>.\driverlib\MSP430F5xx_6xx\deprecated\</path>
         <kind>object</kind>
         <file>ucs.obj</file>
         <name>ucs.obj</name>
      </input_file>
      <input_file id="fl-38">
         <path>.\USB_config\</path>
         <kind>object</kind>
         <file>UsbIsr.obj</file>
         <name>UsbIsr.obj</name>
      </input_file>
      <input_file id="fl-39">
         <path>.\USB_config\</path>
         <kind>object</kind>
         <file>descriptors.obj</file>
         <name>descriptors.obj</name>
      </input_file>
      <input_file id="fl-3a">
         <path>.\USB_app\</path>
         <kind>object</kind>
         <file>usbConstructs.obj</file>
         <name>usbConstructs.obj</name>
      </input_file>
      <input_file id="fl-3b">
         <path>.\USB_app\</path>
         <kind>object</kind>
         <file>usbEventHandling.obj</file>
         <name>usbEventHandling.obj</name>
      </input_file>
      <input_file id="fl-3c">
         <path>.\USB_API\USB_PHDC_API\</path>
         <kind>object</kind>
         <file>UsbPHDC.obj</file>
         <name>UsbPHDC.obj</name>
      </input_file>
      <input_file id="fl-3d">
         <path>.\USB_API\USB_MSC_API\</path>
         <kind>object</kind>
         <file>UsbMscReq.obj</file>
         <name>UsbMscReq.obj</name>
      </input_file>
      <input_file id="fl-3e">
         <path>.\USB_API\USB_MSC_API\</path>
         <kind>object</kind>
         <file>UsbMscScsi.obj</file>
         <name>UsbMscScsi.obj</name>
      </input_file>
      <input_file id="fl-3f">
         <path>.\USB_API\USB_MSC_API\</path>
         <kind>object</kind>
         <file>UsbMscStateMachine.obj</file>
         <name>UsbMscStateMachine.obj</name>
      </input_file>
      <input_file id="fl-40">
         <path>.\USB_API\USB_HID_API\</path>
         <kind>object</kind>
         <file>UsbHid.obj</file>
         <name>UsbHid.obj</name>
      </input_file>
      <input_file id="fl-41">
         <path>.\USB_API\USB_HID_API\</path>
         <kind>object</kind>
         <file>UsbHidReq.obj</file>
         <name>UsbHidReq.obj</name>
      </input_file>
      <input_file id="fl-42">
         <path>.\USB_API\USB_Common\</path>
         <kind>object</kind>
         <file>usb.obj</file>
         <name>usb.obj</name>
      </input_file>
      <input_file id="fl-43">
         <path>.\USB_API\USB_Common\</path>
         <kind>object</kind>
         <file>usbdma.obj</file>
         <name>usbdma.obj</name>
      </input_file>
      <input_file id="fl-44">
         <path>.\USB_API\USB_CDC_API\</path>
         <kind>object</kind>
         <file>UsbCdc.obj</file>
         <name>UsbCdc.obj</name>
      </input_file>
      <input_file id="fl-74">
         <path>C:\ti\ccsv6\tools\compiler\msp430_4.3.3\lib\</path>
         <kind>archive</kind>
         <file>rts430x_lc_rd_eabi.lib</file>
         <name>addd.obj</name>
      </input_file>
      <input_file id="fl-75">
         <path>C:\ti\ccsv6\tools\compiler\msp430_4.3.3\lib\</path>
         <kind>archive</kind>
         <file>rts430x_lc_rd_eabi.lib</file>
         <name>asr16.obj</name>
      </input_file>
      <input_file id="fl-76">
         <path>C:\ti\ccsv6\tools\compiler\msp430_4.3.3\lib\</path>
         <kind>archive</kind>
         <file>rts430x_lc_rd_eabi.lib</file>
         <name>boot.obj</name>
      </input_file>
      <input_file id="fl-77">
         <path>C:\ti\ccsv6\tools\compiler\msp430_4.3.3\lib\</path>
         <kind>archive</kind>
         <file>rts430x_lc_rd_eabi.lib</file>
         <name>copy_decompress_none.obj</name>
      </input_file>
      <input_file id="fl-78">
         <path>C:\ti\ccsv6\tools\compiler\msp430_4.3.3\lib\</path>
         <kind>archive</kind>
         <file>rts430x_lc_rd_eabi.lib</file>
         <name>copy_decompress_rle.obj</name>
      </input_file>
      <input_file id="fl-79">
         <path>C:\ti\ccsv6\tools\compiler\msp430_4.3.3\lib\</path>
         <kind>archive</kind>
         <file>rts430x_lc_rd_eabi.lib</file>
         <name>copy_zero_init.obj</name>
      </input_file>
      <input_file id="fl-7a">
         <path>C:\ti\ccsv6\tools\compiler\msp430_4.3.3\lib\</path>
         <kind>archive</kind>
         <file>rts430x_lc_rd_eabi.lib</file>
         <name>cvtdf.obj</name>
      </input_file>
      <input_file id="fl-7b">
         <path>C:\ti\ccsv6\tools\compiler\msp430_4.3.3\lib\</path>
         <kind>archive</kind>
         <file>rts430x_lc_rd_eabi.lib</file>
         <name>cvtfd.obj</name>
      </input_file>
      <input_file id="fl-7c">
         <path>C:\ti\ccsv6\tools\compiler\msp430_4.3.3\lib\</path>
         <kind>archive</kind>
         <file>rts430x_lc_rd_eabi.lib</file>
         <name>div16s.obj</name>
      </input_file>
      <input_file id="fl-7d">
         <path>C:\ti\ccsv6\tools\compiler\msp430_4.3.3\lib\</path>
         <kind>archive</kind>
         <file>rts430x_lc_rd_eabi.lib</file>
         <name>div16u.obj</name>
      </input_file>
      <input_file id="fl-7e">
         <path>C:\ti\ccsv6\tools\compiler\msp430_4.3.3\lib\</path>
         <kind>archive</kind>
         <file>rts430x_lc_rd_eabi.lib</file>
         <name>div32s.obj</name>
      </input_file>
      <input_file id="fl-7f">
         <path>C:\ti\ccsv6\tools\compiler\msp430_4.3.3\lib\</path>
         <kind>archive</kind>
         <file>rts430x_lc_rd_eabi.lib</file>
         <name>div32u.obj</name>
      </input_file>
      <input_file id="fl-80">
         <path>C:\ti\ccsv6\tools\compiler\msp430_4.3.3\lib\</path>
         <kind>archive</kind>
         <file>rts430x_lc_rd_eabi.lib</file>
         <name>divd.obj</name>
      </input_file>
      <input_file id="fl-81">
         <path>C:\ti\ccsv6\tools\compiler\msp430_4.3.3\lib\</path>
         <kind>archive</kind>
         <file>rts430x_lc_rd_eabi.lib</file>
         <name>exit.obj</name>
      </input_file>
      <input_file id="fl-82">
         <path>C:\ti\ccsv6\tools\compiler\msp430_4.3.3\lib\</path>
         <kind>archive</kind>
         <file>rts430x_lc_rd_eabi.lib</file>
         <name>fltid.obj</name>
      </input_file>
      <input_file id="fl-83">
         <path>C:\ti\ccsv6\tools\compiler\msp430_4.3.3\lib\</path>
         <kind>archive</kind>
         <file>rts430x_lc_rd_eabi.lib</file>
         <name>fltlid.obj</name>
      </input_file>
      <input_file id="fl-84">
         <path>C:\ti\ccsv6\tools\compiler\msp430_4.3.3\lib\</path>
         <kind>archive</kind>
         <file>rts430x_lc_rd_eabi.lib</file>
         <name>frcaddd.obj</name>
      </input_file>
      <input_file id="fl-85">
         <path>C:\ti\ccsv6\tools\compiler\msp430_4.3.3\lib\</path>
         <kind>archive</kind>
         <file>rts430x_lc_rd_eabi.lib</file>
         <name>frcdivd.obj</name>
      </input_file>
      <input_file id="fl-86">
         <path>C:\ti\ccsv6\tools\compiler\msp430_4.3.3\lib\</path>
         <kind>archive</kind>
         <file>rts430x_lc_rd_eabi.lib</file>
         <name>fs_add.obj</name>
      </input_file>
      <input_file id="fl-87">
         <path>C:\ti\ccsv6\tools\compiler\msp430_4.3.3\lib\</path>
         <kind>archive</kind>
         <file>rts430x_lc_rd_eabi.lib</file>
         <name>fs_cmp.obj</name>
      </input_file>
      <input_file id="fl-88">
         <path>C:\ti\ccsv6\tools\compiler\msp430_4.3.3\lib\</path>
         <kind>archive</kind>
         <file>rts430x_lc_rd_eabi.lib</file>
         <name>fs_div.obj</name>
      </input_file>
      <input_file id="fl-89">
         <path>C:\ti\ccsv6\tools\compiler\msp430_4.3.3\lib\</path>
         <kind>archive</kind>
         <file>rts430x_lc_rd_eabi.lib</file>
         <name>fs_itof.obj</name>
      </input_file>
      <input_file id="fl-8a">
         <path>C:\ti\ccsv6\tools\compiler\msp430_4.3.3\lib\</path>
         <kind>archive</kind>
         <file>rts430x_lc_rd_eabi.lib</file>
         <name>fs_ltof.obj</name>
      </input_file>
      <input_file id="fl-8b">
         <path>C:\ti\ccsv6\tools\compiler\msp430_4.3.3\lib\</path>
         <kind>archive</kind>
         <file>rts430x_lc_rd_eabi.lib</file>
         <name>fs_mpy.obj</name>
      </input_file>
      <input_file id="fl-8c">
         <path>C:\ti\ccsv6\tools\compiler\msp430_4.3.3\lib\</path>
         <kind>archive</kind>
         <file>rts430x_lc_rd_eabi.lib</file>
         <name>fs_neg.obj</name>
      </input_file>
      <input_file id="fl-8d">
         <path>C:\ti\ccsv6\tools\compiler\msp430_4.3.3\lib\</path>
         <kind>archive</kind>
         <file>rts430x_lc_rd_eabi.lib</file>
         <name>fs_toi.obj</name>
      </input_file>
      <input_file id="fl-8e">
         <path>C:\ti\ccsv6\tools\compiler\msp430_4.3.3\lib\</path>
         <kind>archive</kind>
         <file>rts430x_lc_rd_eabi.lib</file>
         <name>fs_tou.obj</name>
      </input_file>
      <input_file id="fl-8f">
         <path>C:\ti\ccsv6\tools\compiler\msp430_4.3.3\lib\</path>
         <kind>archive</kind>
         <file>rts430x_lc_rd_eabi.lib</file>
         <name>fs_utof.obj</name>
      </input_file>
      <input_file id="fl-90">
         <path>C:\ti\ccsv6\tools\compiler\msp430_4.3.3\lib\</path>
         <kind>archive</kind>
         <file>rts430x_lc_rd_eabi.lib</file>
         <name>int41.obj</name>
      </input_file>
      <input_file id="fl-91">
         <path>C:\ti\ccsv6\tools\compiler\msp430_4.3.3\lib\</path>
         <kind>archive</kind>
         <file>rts430x_lc_rd_eabi.lib</file>
         <name>int42.obj</name>
      </input_file>
      <input_file id="fl-92">
         <path>C:\ti\ccsv6\tools\compiler\msp430_4.3.3\lib\</path>
         <kind>archive</kind>
         <file>rts430x_lc_rd_eabi.lib</file>
         <name>int43.obj</name>
      </input_file>
      <input_file id="fl-93">
         <path>C:\ti\ccsv6\tools\compiler\msp430_4.3.3\lib\</path>
         <kind>archive</kind>
         <file>rts430x_lc_rd_eabi.lib</file>
         <name>int45.obj</name>
      </input_file>
      <input_file id="fl-94">
         <path>C:\ti\ccsv6\tools\compiler\msp430_4.3.3\lib\</path>
         <kind>archive</kind>
         <file>rts430x_lc_rd_eabi.lib</file>
         <name>int46.obj</name>
      </input_file>
      <input_file id="fl-95">
         <path>C:\ti\ccsv6\tools\compiler\msp430_4.3.3\lib\</path>
         <kind>archive</kind>
         <file>rts430x_lc_rd_eabi.lib</file>
         <name>int47.obj</name>
      </input_file>
      <input_file id="fl-96">
         <path>C:\ti\ccsv6\tools\compiler\msp430_4.3.3\lib\</path>
         <kind>archive</kind>
         <file>rts430x_lc_rd_eabi.lib</file>
         <name>int48.obj</name>
      </input_file>
      <input_file id="fl-97">
         <path>C:\ti\ccsv6\tools\compiler\msp430_4.3.3\lib\</path>
         <kind>archive</kind>
         <file>rts430x_lc_rd_eabi.lib</file>
         <name>int49.obj</name>
      </input_file>
      <input_file id="fl-98">
         <path>C:\ti\ccsv6\tools\compiler\msp430_4.3.3\lib\</path>
         <kind>archive</kind>
         <file>rts430x_lc_rd_eabi.lib</file>
         <name>int50.obj</name>
      </input_file>
      <input_file id="fl-99">
         <path>C:\ti\ccsv6\tools\compiler\msp430_4.3.3\lib\</path>
         <kind>archive</kind>
         <file>rts430x_lc_rd_eabi.lib</file>
         <name>int52.obj</name>
      </input_file>
      <input_file id="fl-9a">
         <path>C:\ti\ccsv6\tools\compiler\msp430_4.3.3\lib\</path>
         <kind>archive</kind>
         <file>rts430x_lc_rd_eabi.lib</file>
         <name>int55.obj</name>
      </input_file>
      <input_file id="fl-9b">
         <path>C:\ti\ccsv6\tools\compiler\msp430_4.3.3\lib\</path>
         <kind>archive</kind>
         <file>rts430x_lc_rd_eabi.lib</file>
         <name>int56.obj</name>
      </input_file>
      <input_file id="fl-9c">
         <path>C:\ti\ccsv6\tools\compiler\msp430_4.3.3\lib\</path>
         <kind>archive</kind>
         <file>rts430x_lc_rd_eabi.lib</file>
         <name>int57.obj</name>
      </input_file>
      <input_file id="fl-9d">
         <path>C:\ti\ccsv6\tools\compiler\msp430_4.3.3\lib\</path>
         <kind>archive</kind>
         <file>rts430x_lc_rd_eabi.lib</file>
         <name>int58.obj</name>
      </input_file>
      <input_file id="fl-9e">
         <path>C:\ti\ccsv6\tools\compiler\msp430_4.3.3\lib\</path>
         <kind>archive</kind>
         <file>rts430x_lc_rd_eabi.lib</file>
         <name>int59.obj</name>
      </input_file>
      <input_file id="fl-9f">
         <path>C:\ti\ccsv6\tools\compiler\msp430_4.3.3\lib\</path>
         <kind>archive</kind>
         <file>rts430x_lc_rd_eabi.lib</file>
         <name>int60.obj</name>
      </input_file>
      <input_file id="fl-a0">
         <path>C:\ti\ccsv6\tools\compiler\msp430_4.3.3\lib\</path>
         <kind>archive</kind>
         <file>rts430x_lc_rd_eabi.lib</file>
         <name>int62.obj</name>
      </input_file>
      <input_file id="fl-a1">
         <path>C:\ti\ccsv6\tools\compiler\msp430_4.3.3\lib\</path>
         <kind>archive</kind>
         <file>rts430x_lc_rd_eabi.lib</file>
         <name>isr_trap.obj</name>
      </input_file>
      <input_file id="fl-a2">
         <path>C:\ti\ccsv6\tools\compiler\msp430_4.3.3\lib\</path>
         <kind>archive</kind>
         <file>rts430x_lc_rd_eabi.lib</file>
         <name>lsl16.obj</name>
      </input_file>
      <input_file id="fl-a3">
         <path>C:\ti\ccsv6\tools\compiler\msp430_4.3.3\lib\</path>
         <kind>archive</kind>
         <file>rts430x_lc_rd_eabi.lib</file>
         <name>lsl32.obj</name>
      </input_file>
      <input_file id="fl-a4">
         <path>C:\ti\ccsv6\tools\compiler\msp430_4.3.3\lib\</path>
         <kind>archive</kind>
         <file>rts430x_lc_rd_eabi.lib</file>
         <name>lsr16.obj</name>
      </input_file>
      <input_file id="fl-a5">
         <path>C:\ti\ccsv6\tools\compiler\msp430_4.3.3\lib\</path>
         <kind>archive</kind>
         <file>rts430x_lc_rd_eabi.lib</file>
         <name>lsr32.obj</name>
      </input_file>
      <input_file id="fl-a6">
         <path>C:\ti\ccsv6\tools\compiler\msp430_4.3.3\lib\</path>
         <kind>archive</kind>
         <file>rts430x_lc_rd_eabi.lib</file>
         <name>memcpy.obj</name>
      </input_file>
      <input_file id="fl-a7">
         <path>C:\ti\ccsv6\tools\compiler\msp430_4.3.3\lib\</path>
         <kind>archive</kind>
         <file>rts430x_lc_rd_eabi.lib</file>
         <name>memset.obj</name>
      </input_file>
      <input_file id="fl-a8">
         <path>C:\ti\ccsv6\tools\compiler\msp430_4.3.3\lib\</path>
         <kind>archive</kind>
         <file>rts430x_lc_rd_eabi.lib</file>
         <name>mpu_init.obj</name>
      </input_file>
      <input_file id="fl-a9">
         <path>C:\ti\ccsv6\tools\compiler\msp430_4.3.3\lib\</path>
         <kind>archive</kind>
         <file>rts430x_lc_rd_eabi.lib</file>
         <name>mpyd.obj</name>
      </input_file>
      <input_file id="fl-aa">
         <path>C:\ti\ccsv6\tools\compiler\msp430_4.3.3\lib\</path>
         <kind>archive</kind>
         <file>rts430x_lc_rd_eabi.lib</file>
         <name>mult16_f5hw.obj</name>
      </input_file>
      <input_file id="fl-ab">
         <path>C:\ti\ccsv6\tools\compiler\msp430_4.3.3\lib\</path>
         <kind>archive</kind>
         <file>rts430x_lc_rd_eabi.lib</file>
         <name>mult32_f5hw.obj</name>
      </input_file>
      <input_file id="fl-ac">
         <path>C:\ti\ccsv6\tools\compiler\msp430_4.3.3\lib\</path>
         <kind>archive</kind>
         <file>rts430x_lc_rd_eabi.lib</file>
         <name>powf.obj</name>
      </input_file>
      <input_file id="fl-ad">
         <path>C:\ti\ccsv6\tools\compiler\msp430_4.3.3\lib\</path>
         <kind>archive</kind>
         <file>rts430x_lc_rd_eabi.lib</file>
         <name>renormd.obj</name>
      </input_file>
      <input_file id="fl-ae">
         <path>C:\ti\ccsv6\tools\compiler\msp430_4.3.3\lib\</path>
         <kind>archive</kind>
         <file>rts430x_lc_rd_eabi.lib</file>
         <name>sprintf.obj</name>
      </input_file>
      <input_file id="fl-af">
         <path>C:\ti\ccsv6\tools\compiler\msp430_4.3.3\lib\</path>
         <kind>archive</kind>
         <file>rts430x_lc_rd_eabi.lib</file>
         <name>strcat.obj</name>
      </input_file>
      <input_file id="fl-b0">
         <path>C:\ti\ccsv6\tools\compiler\msp430_4.3.3\lib\</path>
         <kind>archive</kind>
         <file>rts430x_lc_rd_eabi.lib</file>
         <name>strcmp.obj</name>
      </input_file>
      <input_file id="fl-b1">
         <path>C:\ti\ccsv6\tools\compiler\msp430_4.3.3\lib\</path>
         <kind>archive</kind>
         <file>rts430x_lc_rd_eabi.lib</file>
         <name>strcpy.obj</name>
      </input_file>
      <input_file id="fl-b2">
         <path>C:\ti\ccsv6\tools\compiler\msp430_4.3.3\lib\</path>
         <kind>archive</kind>
         <file>rts430x_lc_rd_eabi.lib</file>
         <name>strlen.obj</name>
      </input_file>
      <input_file id="fl-b3">
         <path>C:\ti\ccsv6\tools\compiler\msp430_4.3.3\lib\</path>
         <kind>archive</kind>
         <file>rts430x_lc_rd_eabi.lib</file>
         <name>strncpy.obj</name>
      </input_file>
      <input_file id="fl-b4">
         <path>C:\ti\ccsv6\tools\compiler\msp430_4.3.3\lib\</path>
         <kind>archive</kind>
         <file>rts430x_lc_rd_eabi.lib</file>
         <name>subd.obj</name>
      </input_file>
      <input_file id="fl-b5">
         <path>C:\ti\ccsv6\tools\compiler\msp430_4.3.3\lib\</path>
         <kind>archive</kind>
         <file>rts430x_lc_rd_eabi.lib</file>
         <name>xfdint.obj</name>
      </input_file>
      <input_file id="fl-b6">
         <path>C:\ti\ccsv6\tools\compiler\msp430_4.3.3\lib\</path>
         <kind>archive</kind>
         <file>rts430x_lc_rd_eabi.lib</file>
         <name>xfdunsca.obj</name>
      </input_file>
      <input_file id="fl-b7">
         <path>C:\ti\ccsv6\tools\compiler\msp430_4.3.3\lib\</path>
         <kind>archive</kind>
         <file>rts430x_lc_rd_eabi.lib</file>
         <name>xferaise.obj</name>
      </input_file>
      <input_file id="fl-b8">
         <path>C:\ti\ccsv6\tools\compiler\msp430_4.3.3\lib\</path>
         <kind>archive</kind>
         <file>rts430x_lc_rd_eabi.lib</file>
         <name>xfexp.obj</name>
      </input_file>
      <input_file id="fl-b9">
         <path>C:\ti\ccsv6\tools\compiler\msp430_4.3.3\lib\</path>
         <kind>archive</kind>
         <file>rts430x_lc_rd_eabi.lib</file>
         <name>xfvalues.obj</name>
      </input_file>
      <input_file id="fl-ba">
         <path>C:\ti\ccsv6\tools\compiler\msp430_4.3.3\lib\</path>
         <kind>archive</kind>
         <file>rts430x_lc_rd_eabi.lib</file>
         <name>_lock.obj</name>
      </input_file>
      <input_file id="fl-bb">
         <path>C:\ti\ccsv6\tools\compiler\msp430_4.3.3\lib\</path>
         <kind>archive</kind>
         <file>rts430x_lc_rd_eabi.lib</file>
         <name>_printfi_min.obj</name>
      </input_file>
      <input_file id="fl-bc">
         <path>C:\ti\ccsv6\tools\compiler\msp430_4.3.3\lib\</path>
         <kind>archive</kind>
         <file>rts430x_lc_rd_eabi.lib</file>
         <name>args_main.obj</name>
      </input_file>
      <input_file id="fl-bd">
         <path>C:\ti\ccsv6\tools\compiler\msp430_4.3.3\lib\</path>
         <kind>archive</kind>
         <file>rts430x_lc_rd_eabi.lib</file>
         <name>asr32.obj</name>
      </input_file>
      <input_file id="fl-be">
         <path>C:\ti\ccsv6\tools\compiler\msp430_4.3.3\lib\</path>
         <kind>archive</kind>
         <file>rts430x_lc_rd_eabi.lib</file>
         <name>autoinit.obj</name>
      </input_file>
      <input_file id="fl-bf">
         <path>C:\ti\ccsv6\tools\compiler\msp430_4.3.3\lib\</path>
         <kind>archive</kind>
         <file>rts430x_lc_rd_eabi.lib</file>
         <name>errno.obj</name>
      </input_file>
      <input_file id="fl-c0">
         <path>C:\ti\ccsv6\tools\compiler\msp430_4.3.3\lib\</path>
         <kind>archive</kind>
         <file>rts430x_lc_rd_eabi.lib</file>
         <name>feraiseexcept.obj</name>
      </input_file>
      <input_file id="fl-c1">
         <path>C:\ti\ccsv6\tools\compiler\msp430_4.3.3\lib\</path>
         <kind>archive</kind>
         <file>rts430x_lc_rd_eabi.lib</file>
         <name>frcmpyd.obj</name>
      </input_file>
      <input_file id="fl-c2">
         <path>C:\ti\ccsv6\tools\compiler\msp430_4.3.3\lib\</path>
         <kind>archive</kind>
         <file>rts430x_lc_rd_eabi.lib</file>
         <name>fs_tol.obj</name>
      </input_file>
      <input_file id="fl-c3">
         <path>C:\ti\ccsv6\tools\compiler\msp430_4.3.3\lib\</path>
         <kind>archive</kind>
         <file>rts430x_lc_rd_eabi.lib</file>
         <name>logf.obj</name>
      </input_file>
      <input_file id="fl-c4">
         <path>C:\ti\ccsv6\tools\compiler\msp430_4.3.3\lib\</path>
         <kind>archive</kind>
         <file>rts430x_lc_rd_eabi.lib</file>
         <name>memccpy.obj</name>
      </input_file>
      <input_file id="fl-c5">
         <path>C:\ti\ccsv6\tools\compiler\msp430_4.3.3\lib\</path>
         <kind>archive</kind>
         <file>rts430x_lc_rd_eabi.lib</file>
         <name>raise.obj</name>
      </input_file>
      <input_file id="fl-c6">
         <path>C:\ti\ccsv6\tools\compiler\msp430_4.3.3\lib\</path>
         <kind>archive</kind>
         <file>rts430x_lc_rd_eabi.lib</file>
         <name>signal.obj</name>
      </input_file>
      <input_file id="fl-c7">
         <path>C:\ti\ccsv6\tools\compiler\msp430_4.3.3\lib\</path>
         <kind>archive</kind>
         <file>rts430x_lc_rd_eabi.lib</file>
         <name>xfdnorm.obj</name>
      </input_file>
      <input_file id="fl-c8">
         <path>C:\ti\ccsv6\tools\compiler\msp430_4.3.3\lib\</path>
         <kind>archive</kind>
         <file>rts430x_lc_rd_eabi.lib</file>
         <name>xfdscale.obj</name>
      </input_file>
      <input_file id="fl-c9">
         <path>C:\ti\ccsv6\tools\compiler\msp430_4.3.3\lib\</path>
         <kind>archive</kind>
         <file>rts430x_lc_rd_eabi.lib</file>
         <name>xflog.obj</name>
      </input_file>
   </input_file_list>
   <object_component_list>
      <object_component id="oc-97">
         <name>.stack</name>
         <uninitialized>true</uninitialized>
         <run_address>0x4360</run_address>
         <size>0x4</size>
         <input_file_ref idref="fl-76"/>
      </object_component>
      <object_component id="oc-8a5">
         <name>.stack</name>
         <uninitialized>true</uninitialized>
         <run_address>0x4360</run_address>
         <size>0x0</size>
      </object_component>
      <object_component id="oc-42d">
         <name>.text:powf</name>
         <load_address>0x10000</load_address>
         <run_address>0x10000</run_address>
         <size>0x4aa</size>
         <input_file_ref idref="fl-ac"/>
      </object_component>
      <object_component id="oc-5d7">
         <name>.text:__TI_frcdivd</name>
         <load_address>0x104aa</load_address>
         <run_address>0x104aa</run_address>
         <size>0x452</size>
         <input_file_ref idref="fl-85"/>
      </object_component>
      <object_component id="oc-b2">
         <name>.text:main</name>
         <load_address>0x108fc</load_address>
         <run_address>0x108fc</run_address>
         <size>0x2f2</size>
         <input_file_ref idref="fl-3"/>
      </object_component>
      <object_component id="oc-5b6">
         <name>.text:__TI_frcmpyd</name>
         <load_address>0x10bee</load_address>
         <run_address>0x10bee</run_address>
         <size>0x2e4</size>
         <input_file_ref idref="fl-c1"/>
      </object_component>
      <object_component id="oc-480">
         <name>.text:__mspabi_addd</name>
         <load_address>0x10ed2</load_address>
         <run_address>0x10ed2</run_address>
         <size>0x2d8</size>
         <input_file_ref idref="fl-74"/>
      </object_component>
      <object_component id="oc-47a">
         <name>.text:__mspabi_mpyd</name>
         <load_address>0x111aa</load_address>
         <run_address>0x111aa</run_address>
         <size>0x282</size>
         <input_file_ref idref="fl-a9"/>
      </object_component>
      <object_component id="oc-2bd">
         <name>.text:assign_data</name>
         <load_address>0x1142c</load_address>
         <run_address>0x1142c</run_address>
         <size>0x27c</size>
         <input_file_ref idref="fl-3"/>
      </object_component>
      <object_component id="oc-6de">
         <name>.text:_FLog</name>
         <load_address>0x116a8</load_address>
         <run_address>0x116a8</run_address>
         <size>0x26c</size>
         <input_file_ref idref="fl-c9"/>
      </object_component>
      <object_component id="oc-59d">
         <name>.text:_FExp</name>
         <load_address>0x11914</load_address>
         <run_address>0x11914</run_address>
         <size>0x262</size>
         <input_file_ref idref="fl-b8"/>
      </object_component>
      <object_component id="oc-5c3">
         <name>.text:__TI_frcaddd</name>
         <load_address>0x11b76</load_address>
         <run_address>0x11b76</run_address>
         <size>0x252</size>
         <input_file_ref idref="fl-84"/>
      </object_component>
      <object_component id="oc-498">
         <name>.text:__mspabi_divd</name>
         <load_address>0x11dc8</load_address>
         <run_address>0x11dc8</run_address>
         <size>0x222</size>
         <input_file_ref idref="fl-80"/>
      </object_component>
      <object_component id="oc-30c">
         <name>.text:USBCDC_receiveData</name>
         <load_address>0x11fea</load_address>
         <run_address>0x11fea</run_address>
         <size>0x1bc</size>
         <input_file_ref idref="fl-44"/>
      </object_component>
      <object_component id="oc-20c">
         <name>.text:CdcToHostFromBuffer</name>
         <load_address>0x121a6</load_address>
         <run_address>0x121a6</run_address>
         <size>0x152</size>
         <input_file_ref idref="fl-44"/>
      </object_component>
      <object_component id="oc-2d7">
         <name>.text:compute_pressure</name>
         <load_address>0x122f8</load_address>
         <run_address>0x122f8</run_address>
         <size>0x144</size>
         <input_file_ref idref="fl-3"/>
      </object_component>
      <object_component id="oc-1de">
         <name>.text:USB_reset</name>
         <load_address>0x1243c</load_address>
         <run_address>0x1243c</run_address>
         <size>0x13e</size>
         <input_file_ref idref="fl-42"/>
      </object_component>
      <object_component id="oc-4bc">
         <name>.text:_setfield</name>
         <load_address>0x1257a</load_address>
         <run_address>0x1257a</run_address>
         <size>0x132</size>
         <input_file_ref idref="fl-bb"/>
      </object_component>
      <object_component id="oc-304">
         <name>.text</name>
         <load_address>0x126ac</load_address>
         <run_address>0x126ac</run_address>
         <size>0x130</size>
         <input_file_ref idref="fl-86"/>
      </object_component>
      <object_component id="oc-6ec">
         <name>.text:_FDscale</name>
         <load_address>0x127dc</load_address>
         <run_address>0x127dc</run_address>
         <size>0x11c</size>
         <input_file_ref idref="fl-c8"/>
      </object_component>
      <object_component id="oc-1be">
         <name>.text:CdcToBufferFromHost</name>
         <load_address>0x128f8</load_address>
         <run_address>0x128f8</run_address>
         <size>0x110</size>
         <input_file_ref idref="fl-44"/>
      </object_component>
      <object_component id="oc-3f7">
         <name>.text:UCS_initFLL</name>
         <load_address>0x12a08</load_address>
         <run_address>0x12a08</run_address>
         <size>0xe2</size>
         <input_file_ref idref="fl-27"/>
      </object_component>
      <object_component id="oc-2a4">
         <name>.text:USB_enable</name>
         <load_address>0x12aea</load_address>
         <run_address>0x12aea</run_address>
         <size>0xd2</size>
         <input_file_ref idref="fl-42"/>
      </object_component>
      <object_component id="oc-32f">
         <name>.text:__TI_printfi_minimal</name>
         <load_address>0x12bbc</load_address>
         <run_address>0x12bbc</run_address>
         <size>0xd2</size>
         <input_file_ref idref="fl-bb"/>
      </object_component>
      <object_component id="oc-407">
         <name>.text:USB_InitSerialStringDescriptor</name>
         <load_address>0x12c8e</load_address>
         <run_address>0x12c8e</run_address>
         <size>0xd0</size>
         <input_file_ref idref="fl-42"/>
      </object_component>
      <object_component id="oc-26b">
         <name>.text:PMM_setVCoreUp</name>
         <load_address>0x12d5e</load_address>
         <run_address>0x12d5e</run_address>
         <size>0xce</size>
         <input_file_ref idref="fl-19"/>
      </object_component>
      <object_component id="oc-152">
         <name>.text:retInString</name>
         <load_address>0x12e2c</load_address>
         <run_address>0x12e2c</run_address>
         <size>0xce</size>
         <input_file_ref idref="fl-3"/>
      </object_component>
      <object_component id="oc-339">
         <name>.text:USBCDC_intfStatus</name>
         <load_address>0x12efa</load_address>
         <run_address>0x12efa</run_address>
         <size>0xc2</size>
         <input_file_ref idref="fl-44"/>
      </object_component>
      <object_component id="oc-137">
         <name>.text:sensors_get_data</name>
         <load_address>0x12fbc</load_address>
         <run_address>0x12fbc</run_address>
         <size>0xbc</size>
         <input_file_ref idref="fl-3"/>
      </object_component>
      <object_component id="oc-46f">
         <name>.text</name>
         <load_address>0x13078</load_address>
         <run_address>0x13078</run_address>
         <size>0xb6</size>
         <input_file_ref idref="fl-8b"/>
      </object_component>
      <object_component id="oc-70c">
         <name>.text:__TI_renormd</name>
         <load_address>0x1312e</load_address>
         <run_address>0x1312e</run_address>
         <size>0xb2</size>
         <input_file_ref idref="fl-ad"/>
      </object_component>
      <object_component id="oc-3ac">
         <name>.text:USB_determineFreq</name>
         <load_address>0x131e0</load_address>
         <run_address>0x131e0</run_address>
         <size>0xae</size>
         <input_file_ref idref="fl-42"/>
      </object_component>
      <object_component id="oc-11c">
         <name>.text:initPorts</name>
         <load_address>0x1328e</load_address>
         <run_address>0x1328e</run_address>
         <size>0x98</size>
         <input_file_ref idref="fl-2"/>
      </object_component>
      <object_component id="oc-199">
         <name>.text:USB_connectionState</name>
         <load_address>0x13326</load_address>
         <run_address>0x13326</run_address>
         <size>0x96</size>
         <input_file_ref idref="fl-42"/>
      </object_component>
      <object_component id="oc-265">
         <name>.text:PMM_setVCoreDown</name>
         <load_address>0x133bc</load_address>
         <run_address>0x133bc</run_address>
         <size>0x94</size>
         <input_file_ref idref="fl-19"/>
      </object_component>
      <object_component id="oc-5cd">
         <name>.text:__mspabi_fltlid</name>
         <load_address>0x13450</load_address>
         <run_address>0x13450</run_address>
         <size>0x94</size>
         <input_file_ref idref="fl-83"/>
      </object_component>
      <object_component id="oc-583">
         <name>.text:_FDint</name>
         <load_address>0x134e4</load_address>
         <run_address>0x134e4</run_address>
         <size>0x92</size>
         <input_file_ref idref="fl-b5"/>
      </object_component>
      <object_component id="oc-2ff">
         <name>.text</name>
         <load_address>0x13576</load_address>
         <run_address>0x13576</run_address>
         <size>0x8e</size>
         <input_file_ref idref="fl-88"/>
      </object_component>
      <object_component id="oc-6c0">
         <name>.text:_FDnorm</name>
         <load_address>0x13604</load_address>
         <run_address>0x13604</run_address>
         <size>0x8c</size>
         <input_file_ref idref="fl-c7"/>
      </object_component>
      <object_component id="oc-486">
         <name>.text:__mspabi_cvtdf</name>
         <load_address>0x13690</load_address>
         <run_address>0x13690</run_address>
         <size>0x8c</size>
         <input_file_ref idref="fl-7a"/>
      </object_component>
      <object_component id="oc-1af">
         <name>.text:USBCDC_bytesInUSBBuffer</name>
         <load_address>0x1371c</load_address>
         <run_address>0x1371c</run_address>
         <size>0x8a</size>
         <input_file_ref idref="fl-44"/>
      </object_component>
      <object_component id="oc-27f">
         <name>.text:UCS_clockSignalInit</name>
         <load_address>0x137a6</load_address>
         <run_address>0x137a6</run_address>
         <size>0x88</size>
         <input_file_ref idref="fl-27"/>
      </object_component>
      <object_component id="oc-297">
         <name>.text:USB_init</name>
         <load_address>0x1382e</load_address>
         <run_address>0x1382e</run_address>
         <size>0x88</size>
         <input_file_ref idref="fl-42"/>
      </object_component>
      <object_component id="oc-592">
         <name>.text</name>
         <load_address>0x138b6</load_address>
         <run_address>0x138b6</run_address>
         <size>0x7e</size>
         <input_file_ref idref="fl-c2"/>
      </object_component>
      <object_component id="oc-356">
         <name>.text:usbDecodeAndProcessUsbRequest</name>
         <load_address>0x13934</load_address>
         <run_address>0x13934</run_address>
         <size>0x7c</size>
         <input_file_ref idref="fl-42"/>
      </object_component>
      <object_component id="oc-33f">
         <name>.text:USBCDC_sendData</name>
         <load_address>0x139b0</load_address>
         <run_address>0x139b0</run_address>
         <size>0x7a</size>
         <input_file_ref idref="fl-44"/>
      </object_component>
      <object_component id="oc-3db">
         <name>.text:usbSendNextPacketOnIEP0</name>
         <load_address>0x13a2a</load_address>
         <run_address>0x13a2a</run_address>
         <size>0x74</size>
         <input_file_ref idref="fl-42"/>
      </object_component>
      <object_component id="oc-385">
         <name>.text:CopyUsbToBuff</name>
         <load_address>0x13a9e</load_address>
         <run_address>0x13a9e</run_address>
         <size>0x6e</size>
         <input_file_ref idref="fl-44"/>
      </object_component>
      <object_component id="oc-1eb">
         <name>.text:PWRVBUSoffHandler</name>
         <load_address>0x13b0c</load_address>
         <run_address>0x13b0c</run_address>
         <size>0x6e</size>
         <input_file_ref idref="fl-38"/>
      </object_component>
      <object_component id="oc-ac">
         <name>.text:_auto_init_hold_wdt</name>
         <load_address>0x13b7a</load_address>
         <run_address>0x13b7a</run_address>
         <size>0x6e</size>
         <input_file_ref idref="fl-be"/>
      </object_component>
      <object_component id="oc-170">
         <name>.text:cdcSendDataInBackground</name>
         <load_address>0x13be8</load_address>
         <run_address>0x13be8</run_address>
         <size>0x6e</size>
         <input_file_ref idref="fl-3a"/>
      </object_component>
      <object_component id="oc-642">
         <name>.text:usbGetEndpointStatus</name>
         <load_address>0x13c56</load_address>
         <run_address>0x13c56</run_address>
         <size>0x6a</size>
         <input_file_ref idref="fl-42"/>
      </object_component>
      <object_component id="oc-67c">
         <name>.text:DMA_initialize</name>
         <load_address>0x13cc0</load_address>
         <run_address>0x13cc0</run_address>
         <size>0x68</size>
         <input_file_ref idref="fl-c"/>
      </object_component>
      <object_component id="oc-186">
         <name>.text</name>
         <load_address>0x13d28</load_address>
         <run_address>0x13d28</run_address>
         <size>0x68</size>
         <input_file_ref idref="fl-8d"/>
      </object_component>
      <object_component id="oc-57d">
         <name>.text:_FDunscale</name>
         <load_address>0x13d90</load_address>
         <run_address>0x13d90</run_address>
         <size>0x64</size>
         <input_file_ref idref="fl-b6"/>
      </object_component>
      <object_component id="oc-474">
         <name>.text:__mspabi_cvtfd</name>
         <load_address>0x13df4</load_address>
         <run_address>0x13df4</run_address>
         <size>0x64</size>
         <input_file_ref idref="fl-7b"/>
      </object_component>
      <object_component id="oc-572">
         <name>.text:memcpyDMA</name>
         <load_address>0x13e58</load_address>
         <run_address>0x13e58</run_address>
         <size>0x64</size>
         <input_file_ref idref="fl-43"/>
      </object_component>
      <object_component id="oc-1f8">
         <name>.text:PWRVBUSonHandler</name>
         <load_address>0x13ebc</load_address>
         <run_address>0x13ebc</run_address>
         <size>0x62</size>
         <input_file_ref idref="fl-38"/>
      </object_component>
      <object_component id="oc-eb">
         <name>.text:__TI_decompress_rle_core</name>
         <load_address>0x13f1e</load_address>
         <run_address>0x13f1e</run_address>
         <size>0x62</size>
         <input_file_ref idref="fl-78"/>
      </object_component>
      <object_component id="oc-3d3">
         <name>.text:Handler_SetLineCoding</name>
         <load_address>0x13f80</load_address>
         <run_address>0x13f80</run_address>
         <size>0x5e</size>
         <input_file_ref idref="fl-44"/>
      </object_component>
      <object_component id="oc-5fa">
         <name>.text:usbGetLineCoding</name>
         <load_address>0x13fde</load_address>
         <run_address>0x13fde</run_address>
         <size>0x5c</size>
         <input_file_ref idref="fl-44"/>
      </object_component>
      <object_component id="oc-728">
         <name>.text:_ltostr</name>
         <load_address>0x1403a</load_address>
         <run_address>0x1403a</run_address>
         <size>0x5a</size>
         <input_file_ref idref="fl-bb"/>
      </object_component>
      <object_component id="oc-131">
         <name>.text:sensors_init</name>
         <load_address>0x14094</load_address>
         <run_address>0x14094</run_address>
         <size>0x5a</size>
         <input_file_ref idref="fl-3"/>
      </object_component>
      <object_component id="oc-285">
         <name>.text</name>
         <load_address>0x140ee</load_address>
         <run_address>0x140ee</run_address>
         <size>0x58</size>
         <input_file_ref idref="fl-7f"/>
      </object_component>
      <object_component id="oc-62a">
         <name>.text:usbGetStringDescriptor</name>
         <load_address>0x14146</load_address>
         <run_address>0x14146</run_address>
         <size>0x52</size>
         <input_file_ref idref="fl-42"/>
      </object_component>
      <object_component id="oc-65a">
         <name>.text:usbSetEndpointFeature</name>
         <load_address>0x14198</load_address>
         <run_address>0x14198</run_address>
         <size>0x52</size>
         <input_file_ref idref="fl-42"/>
      </object_component>
      <object_component id="oc-2c4">
         <name>.text:swap_arrays</name>
         <load_address>0x141ea</load_address>
         <run_address>0x141ea</run_address>
         <size>0x50</size>
         <input_file_ref idref="fl-3"/>
      </object_component>
      <object_component id="oc-56c">
         <name>.text:DMA_init</name>
         <load_address>0x1423a</load_address>
         <run_address>0x1423a</run_address>
         <size>0x4c</size>
         <input_file_ref idref="fl-c"/>
      </object_component>
      <object_component id="oc-558">
         <name>.text:TLV_getInfo</name>
         <load_address>0x14286</load_address>
         <run_address>0x14286</run_address>
         <size>0x4c</size>
         <input_file_ref idref="fl-26"/>
      </object_component>
      <object_component id="oc-5e3">
         <name>.text:_pproc_diouxp</name>
         <load_address>0x142d2</load_address>
         <run_address>0x142d2</run_address>
         <size>0x4c</size>
         <input_file_ref idref="fl-bb"/>
      </object_component>
      <object_component id="oc-143">
         <name>.text:cdcReceiveDataInBuffer</name>
         <load_address>0x1431e</load_address>
         <run_address>0x1431e</run_address>
         <size>0x4c</size>
         <input_file_ref idref="fl-3a"/>
      </object_component>
      <object_component id="oc-116">
         <name>.text:PMM_setVCore</name>
         <load_address>0x1436a</load_address>
         <run_address>0x1436a</run_address>
         <size>0x4a</size>
         <input_file_ref idref="fl-19"/>
      </object_component>
      <object_component id="oc-128">
         <name>.text:USB_setup</name>
         <load_address>0x143b4</load_address>
         <run_address>0x143b4</run_address>
         <size>0x4a</size>
         <input_file_ref idref="fl-42"/>
      </object_component>
      <object_component id="oc-190">
         <name>.text</name>
         <load_address>0x143fe</load_address>
         <run_address>0x143fe</run_address>
         <size>0x4a</size>
         <input_file_ref idref="fl-87"/>
      </object_component>
      <object_component id="oc-2f5">
         <name>.text</name>
         <load_address>0x14448</load_address>
         <run_address>0x14448</run_address>
         <size>0x4a</size>
         <input_file_ref idref="fl-8a"/>
      </object_component>
      <object_component id="oc-1a3">
         <name>.text:SetupPacketInterruptHandler</name>
         <load_address>0x14492</load_address>
         <run_address>0x14492</run_address>
         <size>0x48</size>
         <input_file_ref idref="fl-38"/>
      </object_component>
      <object_component id="oc-4c2">
         <name>.text:_pproc_str</name>
         <load_address>0x144da</load_address>
         <run_address>0x144da</run_address>
         <size>0x48</size>
         <input_file_ref idref="fl-bb"/>
      </object_component>
      <object_component id="oc-3cc">
         <name>.text:usbReceiveNextPacketOnOEP0</name>
         <load_address>0x14522</load_address>
         <run_address>0x14522</run_address>
         <size>0x48</size>
         <input_file_ref idref="fl-42"/>
      </object_component>
      <object_component id="oc-4a2">
         <name>.text</name>
         <load_address>0x1456a</load_address>
         <run_address>0x1456a</run_address>
         <size>0x46</size>
         <input_file_ref idref="fl-8e"/>
      </object_component>
      <object_component id="oc-612">
         <name>.text:usbClearEndpointFeature</name>
         <load_address>0x145b0</load_address>
         <run_address>0x145b0</run_address>
         <size>0x46</size>
         <input_file_ref idref="fl-42"/>
      </object_component>
      <object_component id="oc-40d">
         <name>.text:USB_initMemcpy</name>
         <load_address>0x145f6</load_address>
         <run_address>0x145f6</run_address>
         <size>0x44</size>
         <input_file_ref idref="fl-43"/>
      </object_component>
      <object_component id="oc-164">
         <name>.text:sprintf</name>
         <load_address>0x1463a</load_address>
         <run_address>0x1463a</run_address>
         <size>0x44</size>
         <input_file_ref idref="fl-ae"/>
      </object_component>
      <object_component id="oc-41b">
         <name>.text:UCS_XT2StartWithTimeout</name>
         <load_address>0x1467e</load_address>
         <run_address>0x1467e</run_address>
         <size>0x40</size>
         <input_file_ref idref="fl-27"/>
      </object_component>
      <object_component id="oc-722">
         <name>.text:_getarg_diouxp</name>
         <load_address>0x146be</load_address>
         <run_address>0x146be</run_address>
         <size>0x3e</size>
         <input_file_ref idref="fl-bb"/>
      </object_component>
      <object_component id="oc-122">
         <name>.text:initClocks</name>
         <load_address>0x146fc</load_address>
         <run_address>0x146fc</run_address>
         <size>0x3e</size>
         <input_file_ref idref="fl-2"/>
      </object_component>
      <object_component id="oc-5aa">
         <name>.text:l_asr_const</name>
         <load_address>0x1473a</load_address>
         <run_address>0x1473a</run_address>
         <size>0x3e</size>
         <input_file_ref idref="fl-bd"/>
      </object_component>
      <object_component id="oc-528">
         <name>.text:l_lsl_const</name>
         <load_address>0x14778</load_address>
         <run_address>0x14778</run_address>
         <size>0x3e</size>
         <input_file_ref idref="fl-a3"/>
      </object_component>
      <object_component id="oc-28a">
         <name>.text:l_lsr_const</name>
         <load_address>0x147b6</load_address>
         <run_address>0x147b6</run_address>
         <size>0x3e</size>
         <input_file_ref idref="fl-a5"/>
      </object_component>
      <object_component id="oc-2e3">
         <name>.text:set_adc_temp</name>
         <load_address>0x147f4</load_address>
         <run_address>0x147f4</run_address>
         <size>0x3a</size>
         <input_file_ref idref="fl-3"/>
      </object_component>
      <object_component id="oc-212">
         <name>.text:OEP0InterruptHandler</name>
         <load_address>0x1482e</load_address>
         <run_address>0x1482e</run_address>
         <size>0x38</size>
         <input_file_ref idref="fl-38"/>
      </object_component>
      <object_component id="oc-808">
         <name>.text:signal</name>
         <load_address>0x14866</load_address>
         <run_address>0x14866</run_address>
         <size>0x38</size>
         <input_file_ref idref="fl-c6"/>
      </object_component>
      <object_component id="oc-589">
         <name>.text:_Feraise</name>
         <load_address>0x1489e</load_address>
         <run_address>0x1489e</run_address>
         <size>0x36</size>
         <input_file_ref idref="fl-b7"/>
      </object_component>
      <object_component id="oc-45b">
         <name>.text</name>
         <load_address>0x148d4</load_address>
         <run_address>0x148d4</run_address>
         <size>0x36</size>
         <input_file_ref idref="fl-89"/>
      </object_component>
      <object_component id="oc-2e9">
         <name>.text:calc_lux</name>
         <load_address>0x1490a</load_address>
         <run_address>0x1490a</run_address>
         <size>0x34</size>
         <input_file_ref idref="fl-3"/>
      </object_component>
      <object_component id="oc-6cc">
         <name>.text:feraiseexcept</name>
         <load_address>0x1493e</load_address>
         <run_address>0x1493e</run_address>
         <size>0x34</size>
         <input_file_ref idref="fl-c0"/>
      </object_component>
      <object_component id="oc-648">
         <name>.text:usbSetAddress</name>
         <load_address>0x14972</load_address>
         <run_address>0x14972</run_address>
         <size>0x34</size>
         <input_file_ref idref="fl-42"/>
      </object_component>
      <object_component id="oc-28f">
         <name>.text:UCS_initFLLSettle</name>
         <load_address>0x149a6</load_address>
         <run_address>0x149a6</run_address>
         <size>0x32</size>
         <input_file_ref idref="fl-27"/>
      </object_component>
      <object_component id="oc-29e">
         <name>.text:USB_connectionInfo</name>
         <load_address>0x149d8</load_address>
         <run_address>0x149d8</run_address>
         <size>0x32</size>
         <input_file_ref idref="fl-42"/>
      </object_component>
      <object_component id="oc-492">
         <name>.text:__mspabi_subd</name>
         <load_address>0x14a0a</load_address>
         <run_address>0x14a0a</run_address>
         <size>0x32</size>
         <input_file_ref idref="fl-b4"/>
      </object_component>
      <object_component id="oc-7bc">
         <name>.text:raise</name>
         <load_address>0x14a3c</load_address>
         <run_address>0x14a3c</run_address>
         <size>0x32</size>
         <input_file_ref idref="fl-c5"/>
      </object_component>
      <object_component id="oc-2ca">
         <name>.text:stc</name>
         <load_address>0x14a6e</load_address>
         <run_address>0x14a6e</run_address>
         <size>0x32</size>
         <input_file_ref idref="fl-3"/>
      </object_component>
      <object_component id="oc-318">
         <name>.text:strncpy</name>
         <load_address>0x14aa0</load_address>
         <run_address>0x14aa0</run_address>
         <size>0x32</size>
         <input_file_ref idref="fl-b3"/>
      </object_component>
      <object_component id="oc-1d1">
         <name>.text:USB_suspend</name>
         <load_address>0x14ad2</load_address>
         <run_address>0x14ad2</run_address>
         <size>0x30</size>
         <input_file_ref idref="fl-42"/>
      </object_component>
      <object_component id="oc-3a4">
         <name>.text:CdcResetData</name>
         <load_address>0x14b02</load_address>
         <run_address>0x14b02</run_address>
         <size>0x2e</size>
         <input_file_ref idref="fl-44"/>
      </object_component>
      <object_component id="oc-64e">
         <name>.text:usbSetConfiguration</name>
         <load_address>0x14b30</load_address>
         <run_address>0x14b30</run_address>
         <size>0x2e</size>
         <input_file_ref idref="fl-42"/>
      </object_component>
      <object_component id="oc-2dd">
         <name>.text:set_adc_lux</name>
         <load_address>0x14b5e</load_address>
         <run_address>0x14b5e</run_address>
         <size>0x2c</size>
         <input_file_ref idref="fl-3"/>
      </object_component>
      <object_component id="oc-636">
         <name>.text:usbGetDeviceStatus</name>
         <load_address>0x14b8a</load_address>
         <run_address>0x14b8a</run_address>
         <size>0x2c</size>
         <input_file_ref idref="fl-42"/>
      </object_component>
      <object_component id="oc-2b7">
         <name>.text:read</name>
         <load_address>0x14bb6</load_address>
         <run_address>0x14bb6</run_address>
         <size>0x2a</size>
         <input_file_ref idref="fl-3"/>
      </object_component>
      <object_component id="oc-695">
         <name>.text:DMA_setDstAddress</name>
         <load_address>0x14be0</load_address>
         <run_address>0x14be0</run_address>
         <size>0x28</size>
         <input_file_ref idref="fl-c"/>
      </object_component>
      <object_component id="oc-272">
         <name>.text:GPIO_setAsOutputPin</name>
         <load_address>0x14c08</load_address>
         <run_address>0x14c08</run_address>
         <size>0x28</size>
         <input_file_ref idref="fl-15"/>
      </object_component>
      <object_component id="oc-415">
         <name>.text:GPIO_setAsPeripheralModuleFunctionOutputPin</name>
         <load_address>0x14c30</load_address>
         <run_address>0x14c30</run_address>
         <size>0x28</size>
         <input_file_ref idref="fl-15"/>
      </object_component>
      <object_component id="oc-68f">
         <name>.text:DMA_setSrcAddress</name>
         <load_address>0x14c58</load_address>
         <run_address>0x14c58</run_address>
         <size>0x26</size>
         <input_file_ref idref="fl-c"/>
      </object_component>
      <object_component id="oc-2ad">
         <name>.text:write</name>
         <load_address>0x14c7e</load_address>
         <run_address>0x14c7e</run_address>
         <size>0x26</size>
         <input_file_ref idref="fl-3"/>
      </object_component>
      <object_component id="oc-8b">
         <name>.text:decompress:ZI:__TI_zero_init</name>
         <load_address>0x14ca4</load_address>
         <run_address>0x14ca4</run_address>
         <size>0x24</size>
         <input_file_ref idref="fl-79"/>
      </object_component>
      <object_component id="oc-2fa">
         <name>.text</name>
         <load_address>0x14cc8</load_address>
         <run_address>0x14cc8</run_address>
         <size>0x24</size>
         <input_file_ref idref="fl-8f"/>
      </object_component>
      <object_component id="oc-60c">
         <name>.text:usbClearDeviceFeature</name>
         <load_address>0x14cec</load_address>
         <run_address>0x14cec</run_address>
         <size>0x24</size>
         <input_file_ref idref="fl-42"/>
      </object_component>
      <object_component id="oc-654">
         <name>.text:usbSetDeviceFeature</name>
         <load_address>0x14d10</load_address>
         <run_address>0x14d10</run_address>
         <size>0x24</size>
         <input_file_ref idref="fl-42"/>
      </object_component>
      <object_component id="oc-223">
         <name>.text:USB_disable</name>
         <load_address>0x14d34</load_address>
         <run_address>0x14d34</run_address>
         <size>0x22</size>
         <input_file_ref idref="fl-42"/>
      </object_component>
      <object_component id="oc-2f0">
         <name>.text</name>
         <load_address>0x14d56</load_address>
         <run_address>0x14d56</run_address>
         <size>0x22</size>
         <input_file_ref idref="fl-ab"/>
      </object_component>
      <object_component id="oc-323">
         <name>.text:_outs</name>
         <load_address>0x14d78</load_address>
         <run_address>0x14d78</run_address>
         <size>0x20</size>
         <input_file_ref idref="fl-ae"/>
      </object_component>
      <object_component id="oc-5e9">
         <name>.text:memccpy</name>
         <load_address>0x14d98</load_address>
         <run_address>0x14d98</run_address>
         <size>0x20</size>
         <input_file_ref idref="fl-c4"/>
      </object_component>
      <object_component id="oc-73b">
         <name>.text:usbSendDataPacketOnEP0</name>
         <load_address>0x14db8</load_address>
         <run_address>0x14db8</run_address>
         <size>0x20</size>
         <input_file_ref idref="fl-42"/>
      </object_component>
      <object_component id="oc-14c">
         <name>.text:strcat</name>
         <load_address>0x14dd8</load_address>
         <run_address>0x14dd8</run_address>
         <size>0x1e</size>
         <input_file_ref idref="fl-af"/>
      </object_component>
      <object_component id="oc-630">
         <name>.text:usbGetInterface</name>
         <load_address>0x14df6</load_address>
         <run_address>0x14df6</run_address>
         <size>0x1e</size>
         <input_file_ref idref="fl-42"/>
      </object_component>
      <object_component id="oc-63c">
         <name>.text:usbGetInterfaceStatus</name>
         <load_address>0x14e14</load_address>
         <run_address>0x14e14</run_address>
         <size>0x1e</size>
         <input_file_ref idref="fl-42"/>
      </object_component>
      <object_component id="oc-278">
         <name>.text:GPIO_setOutputLowOnPin</name>
         <load_address>0x14e32</load_address>
         <run_address>0x14e32</run_address>
         <size>0x1c</size>
         <input_file_ref idref="fl-15"/>
      </object_component>
      <object_component id="oc-218">
         <name>.text:IEP0InterruptHandler</name>
         <load_address>0x14e4e</load_address>
         <run_address>0x14e4e</run_address>
         <size>0x1c</size>
         <input_file_ref idref="fl-38"/>
      </object_component>
      <object_component id="oc-564">
         <name>.text:memcpyV</name>
         <load_address>0x14e6a</load_address>
         <run_address>0x14e6a</run_address>
         <size>0x1c</size>
         <input_file_ref idref="fl-43"/>
      </object_component>
      <object_component id="oc-159">
         <name>.text:strcmp</name>
         <load_address>0x14e86</load_address>
         <run_address>0x14e86</run_address>
         <size>0x1c</size>
         <input_file_ref idref="fl-b0"/>
      </object_component>
      <object_component id="oc-1a9">
         <name>.text:CdcIsReceiveInProgress</name>
         <load_address>0x14ea2</load_address>
         <run_address>0x14ea2</run_address>
         <size>0x1a</size>
         <input_file_ref idref="fl-44"/>
      </object_component>
      <object_component id="oc-3b6">
         <name>.text:USB_connect</name>
         <load_address>0x14ebc</load_address>
         <run_address>0x14ebc</run_address>
         <size>0x1a</size>
         <input_file_ref idref="fl-42"/>
      </object_component>
      <object_component id="oc-7e2">
         <name>.text:_div</name>
         <load_address>0x14ed6</load_address>
         <run_address>0x14ed6</run_address>
         <size>0x1a</size>
         <input_file_ref idref="fl-bb"/>
      </object_component>
      <object_component id="oc-4dd">
         <name>.text:usbDisableInEndpointInterrupt</name>
         <load_address>0x14ef0</load_address>
         <run_address>0x14ef0</run_address>
         <size>0x1a</size>
         <input_file_ref idref="fl-42"/>
      </object_component>
      <object_component id="oc-369">
         <name>.text:usbDisableOutEndpointInterrupt</name>
         <load_address>0x14f0a</load_address>
         <run_address>0x14f0a</run_address>
         <size>0x1a</size>
         <input_file_ref idref="fl-42"/>
      </object_component>
      <object_component id="oc-660">
         <name>.text:usbSetInterface</name>
         <load_address>0x14f24</load_address>
         <run_address>0x14f24</run_address>
         <size>0x1a</size>
         <input_file_ref idref="fl-42"/>
      </object_component>
      <object_component id="oc-1c4">
         <name>.text:USB_resume</name>
         <load_address>0x14f3e</load_address>
         <run_address>0x14f3e</run_address>
         <size>0x18</size>
         <input_file_ref idref="fl-42"/>
      </object_component>
      <object_component id="oc-110">
         <name>.text:WDT_A_hold</name>
         <load_address>0x14f56</load_address>
         <run_address>0x14f56</run_address>
         <size>0x16</size>
         <input_file_ref idref="fl-2f"/>
      </object_component>
      <object_component id="oc-13d">
         <name>.text:memset</name>
         <load_address>0x14f6c</load_address>
         <run_address>0x14f6c</run_address>
         <size>0x16</size>
         <input_file_ref idref="fl-a7"/>
      </object_component>
      <object_component id="oc-50f">
         <name>.text</name>
         <load_address>0x14f82</load_address>
         <run_address>0x14f82</run_address>
         <size>0x16</size>
         <input_file_ref idref="fl-7d"/>
      </object_component>
      <object_component id="oc-35d">
         <name>.text</name>
         <load_address>0x14f98</load_address>
         <run_address>0x14f98</run_address>
         <size>0x16</size>
         <input_file_ref idref="fl-aa"/>
      </object_component>
      <object_component id="oc-624">
         <name>.text:usbGetConfigurationDescriptor</name>
         <load_address>0x14fae</load_address>
         <run_address>0x14fae</run_address>
         <size>0x16</size>
         <input_file_ref idref="fl-42"/>
      </object_component>
      <object_component id="oc-61e">
         <name>.text:usbGetDeviceDescriptor</name>
         <load_address>0x14fc4</load_address>
         <run_address>0x14fc4</run_address>
         <size>0x16</size>
         <input_file_ref idref="fl-42"/>
      </object_component>
      <object_component id="oc-1ff">
         <name>.text:USB_handleVbusOnEvent</name>
         <load_address>0x14fda</load_address>
         <run_address>0x14fda</run_address>
         <size>0x14</size>
         <input_file_ref idref="fl-3b"/>
      </object_component>
      <object_component id="oc-329">
         <name>.text:_outc</name>
         <load_address>0x14fee</load_address>
         <run_address>0x14fee</run_address>
         <size>0x14</size>
         <input_file_ref idref="fl-ae"/>
      </object_component>
      <object_component id="oc-d7">
         <name>.text:memcpy</name>
         <load_address>0x15002</load_address>
         <run_address>0x15002</run_address>
         <size>0x14</size>
         <input_file_ref idref="fl-a6"/>
      </object_component>
      <object_component id="oc-618">
         <name>.text:usbGetConfiguration</name>
         <load_address>0x15016</load_address>
         <run_address>0x15016</run_address>
         <size>0x14</size>
         <input_file_ref idref="fl-42"/>
      </object_component>
      <object_component id="oc-743">
         <name>.text:usbReceiveDataPacketOnEP0</name>
         <load_address>0x1502a</load_address>
         <run_address>0x1502a</run_address>
         <size>0x14</size>
         <input_file_ref idref="fl-42"/>
      </object_component>
      <object_component id="oc-606">
         <name>.text:usbSetControlLineState</name>
         <load_address>0x1503e</load_address>
         <run_address>0x1503e</run_address>
         <size>0x14</size>
         <input_file_ref idref="fl-44"/>
      </object_component>
      <object_component id="oc-85">
         <name>.text:decompress:none:__TI_decompress_none</name>
         <load_address>0x15052</load_address>
         <run_address>0x15052</run_address>
         <size>0x12</size>
         <input_file_ref idref="fl-77"/>
      </object_component>
      <object_component id="oc-16a">
         <name>.text:strcpy</name>
         <load_address>0x15064</load_address>
         <run_address>0x15064</run_address>
         <size>0x12</size>
         <input_file_ref idref="fl-b1"/>
      </object_component>
      <object_component id="oc-666">
         <name>.text:usbInvalidRequest</name>
         <load_address>0x15076</load_address>
         <run_address>0x15076</run_address>
         <size>0x12</size>
         <input_file_ref idref="fl-42"/>
      </object_component>
      <object_component id="oc-6b9">
         <name>.text:DMA_disableTransfers</name>
         <load_address>0x15088</load_address>
         <run_address>0x15088</run_address>
         <size>0x10</size>
         <input_file_ref idref="fl-c"/>
      </object_component>
      <object_component id="oc-6a7">
         <name>.text:DMA_enableTransfers</name>
         <load_address>0x15098</load_address>
         <run_address>0x15098</run_address>
         <size>0x10</size>
         <input_file_ref idref="fl-c"/>
      </object_component>
      <object_component id="oc-707">
         <name>.text:l_asr</name>
         <load_address>0x150a8</load_address>
         <run_address>0x150a8</run_address>
         <size>0x10</size>
         <input_file_ref idref="fl-bd"/>
      </object_component>
      <object_component id="oc-6fd">
         <name>.text:l_lsl</name>
         <load_address>0x150b8</load_address>
         <run_address>0x150b8</run_address>
         <size>0x10</size>
         <input_file_ref idref="fl-a3"/>
      </object_component>
      <object_component id="oc-702">
         <name>.text:l_lsr</name>
         <load_address>0x150c8</load_address>
         <run_address>0x150c8</run_address>
         <size>0x10</size>
         <input_file_ref idref="fl-a5"/>
      </object_component>
      <object_component id="oc-6b3">
         <name>.text:DMA_getInterruptStatus</name>
         <load_address>0x150d8</load_address>
         <run_address>0x150d8</run_address>
         <size>0xe</size>
         <input_file_ref idref="fl-c"/>
      </object_component>
      <object_component id="oc-6ad">
         <name>.text:DMA_startTransfer</name>
         <load_address>0x150e6</load_address>
         <run_address>0x150e6</run_address>
         <size>0xe</size>
         <input_file_ref idref="fl-c"/>
      </object_component>
      <object_component id="oc-176">
         <name>.text:strlen</name>
         <load_address>0x150f4</load_address>
         <run_address>0x150f4</run_address>
         <size>0xe</size>
         <input_file_ref idref="fl-b2"/>
      </object_component>
      <object_component id="oc-750">
         <name>.text:usbSendZeroLengthPacketOnIEP0</name>
         <load_address>0x15102</load_address>
         <run_address>0x15102</run_address>
         <size>0xe</size>
         <input_file_ref idref="fl-42"/>
      </object_component>
      <object_component id="oc-6a1">
         <name>.text:DMA_setTransferSize</name>
         <load_address>0x15110</load_address>
         <run_address>0x15110</run_address>
         <size>0xc</size>
         <input_file_ref idref="fl-c"/>
      </object_component>
      <object_component id="oc-48c">
         <name>.text:__mspabi_fltid</name>
         <load_address>0x1511c</load_address>
         <run_address>0x1511c</run_address>
         <size>0xc</size>
         <input_file_ref idref="fl-82"/>
      </object_component>
      <object_component id="oc-600">
         <name>.text:usbSetLineCoding</name>
         <load_address>0x15128</load_address>
         <run_address>0x15128</run_address>
         <size>0xc</size>
         <input_file_ref idref="fl-44"/>
      </object_component>
      <object_component id="oc-a6">
         <name>.text:_system_pre_init</name>
         <load_address>0x15134</load_address>
         <run_address>0x15134</run_address>
         <size>0xa</size>
         <input_file_ref idref="fl-4"/>
      </object_component>
      <object_component id="oc-44f">
         <name>.text</name>
         <load_address>0x1513e</load_address>
         <run_address>0x1513e</run_address>
         <size>0xa</size>
         <input_file_ref idref="fl-75"/>
      </object_component>
      <object_component id="oc-433">
         <name>.text</name>
         <load_address>0x15148</load_address>
         <run_address>0x15148</run_address>
         <size>0xa</size>
         <input_file_ref idref="fl-8c"/>
      </object_component>
      <object_component id="oc-43a">
         <name>.text</name>
         <load_address>0x15152</load_address>
         <run_address>0x15152</run_address>
         <size>0xa</size>
         <input_file_ref idref="fl-a2"/>
      </object_component>
      <object_component id="oc-514">
         <name>.text</name>
         <load_address>0x1515c</load_address>
         <run_address>0x1515c</run_address>
         <size>0xa</size>
         <input_file_ref idref="fl-a4"/>
      </object_component>
      <object_component id="oc-396">
         <name>.text:UCS_XT2Off</name>
         <load_address>0x15166</load_address>
         <run_address>0x15166</run_address>
         <size>0x8</size>
         <input_file_ref idref="fl-27"/>
      </object_component>
      <object_component id="oc-1b8">
         <name>.text:USBCDC_handleDataReceived</name>
         <load_address>0x1516e</load_address>
         <run_address>0x1516e</run_address>
         <size>0x8</size>
         <input_file_ref idref="fl-3b"/>
      </object_component>
      <object_component id="oc-1f2">
         <name>.text:USB_handleVbusOffEvent</name>
         <load_address>0x15176</load_address>
         <run_address>0x15176</run_address>
         <size>0x8</size>
         <input_file_ref idref="fl-3b"/>
      </object_component>
      <object_component id="oc-689">
         <name>.text:DMA_disableTransferDuringReadModifyWrite</name>
         <load_address>0x1517e</load_address>
         <run_address>0x1517e</run_address>
         <size>0x6</size>
         <input_file_ref idref="fl-c"/>
      </object_component>
      <object_component id="oc-69b">
         <name>.text:DMA_enableTransferDuringReadModifyWrite</name>
         <load_address>0x15184</load_address>
         <run_address>0x15184</run_address>
         <size>0x6</size>
         <input_file_ref idref="fl-c"/>
      </object_component>
      <object_component id="oc-22f">
         <name>.text:SFR_clearInterrupt</name>
         <load_address>0x1518a</load_address>
         <run_address>0x1518a</run_address>
         <size>0x6</size>
         <input_file_ref idref="fl-20"/>
      </object_component>
      <object_component id="oc-229">
         <name>.text:UCS_clearFaultFlag</name>
         <load_address>0x15190</load_address>
         <run_address>0x15190</run_address>
         <size>0x6</size>
         <input_file_ref idref="fl-27"/>
      </object_component>
      <object_component id="oc-400">
         <name>.text:USB_getVersion</name>
         <load_address>0x15196</load_address>
         <run_address>0x15196</run_address>
         <size>0x6</size>
         <input_file_ref idref="fl-42"/>
      </object_component>
      <object_component id="oc-9b">
         <name>.text:__TI_ISR_TRAP</name>
         <load_address>0x1519c</load_address>
         <run_address>0x1519c</run_address>
         <size>0x6</size>
         <input_file_ref idref="fl-a1"/>
      </object_component>
      <object_component id="oc-91">
         <name>.text:decompress:rle24:__TI_decompress_rle24</name>
         <load_address>0x151a2</load_address>
         <run_address>0x151a2</run_address>
         <size>0x6</size>
         <input_file_ref idref="fl-78"/>
      </object_component>
      <object_component id="oc-597">
         <name>.text:logf</name>
         <load_address>0x151a8</load_address>
         <run_address>0x151a8</run_address>
         <size>0x6</size>
         <input_file_ref idref="fl-c3"/>
      </object_component>
[...]
         <value>0x104aa</value>
         <object_component_ref idref="oc-5d7"/>
      </symbol>
      <symbol id="sm-b60">
         <name>__mspabi_subf</name>
         <value>0x126ac</value>
         <object_component_ref idref="oc-304"/>
      </symbol>
      <symbol id="sm-b61">
         <name>__mspabi_addf</name>
         <value>0x126b2</value>
         <object_component_ref idref="oc-304"/>
      </symbol>
      <symbol id="sm-b71">
         <name>__mspabi_cmpf</name>
         <value>0x143fe</value>
         <object_component_ref idref="oc-190"/>
      </symbol>
      <symbol id="sm-b83">
         <name>__mspabi_divf</name>
         <value>0x13576</value>
         <object_component_ref idref="oc-2ff"/>
      </symbol>
      <symbol id="sm-b90">
         <name>__mspabi_fltif</name>
         <value>0x148d4</value>
         <object_component_ref idref="oc-45b"/>
      </symbol>
      <symbol id="sm-b9f">
         <name>__mspabi_fltlif</name>
         <value>0x14448</value>
         <object_component_ref idref="oc-2f5"/>
      </symbol>
      <symbol id="sm-bb6">
         <name>__mspabi_mpyf</name>
         <value>0x13078</value>
         <object_component_ref idref="oc-46f"/>
      </symbol>
      <symbol id="sm-bbf">
         <name>__mspabi_negf</name>
         <value>0x15148</value>
         <object_component_ref idref="oc-433"/>
      </symbol>
      <symbol id="sm-bd1">
         <name>__mspabi_fixfi</name>
         <value>0x13d28</value>
         <object_component_ref idref="oc-186"/>
      </symbol>
      <symbol id="sm-be0">
         <name>__mspabi_fixfu</name>
         <value>0x1456a</value>
         <object_component_ref idref="oc-4a2"/>
      </symbol>
      <symbol id="sm-beb">
         <name>__mspabi_fltuf</name>
         <value>0x14cc8</value>
         <object_component_ref idref="oc-2fa"/>
      </symbol>
      <symbol id="sm-bee">
         <name>__TI_int41</name>
         <value>0xffd2</value>
         <object_component_ref idref="oc-69"/>
      </symbol>
      <symbol id="sm-bf1">
         <name>__TI_int42</name>
         <value>0xffd4</value>
         <object_component_ref idref="oc-6a"/>
      </symbol>
      <symbol id="sm-bf4">
         <name>__TI_int43</name>
         <value>0xffd6</value>
         <object_component_ref idref="oc-6b"/>
      </symbol>
      <symbol id="sm-bf7">
         <name>__TI_int45</name>
         <value>0xffda</value>
         <object_component_ref idref="oc-6d"/>
      </symbol>
      <symbol id="sm-bfa">
         <name>__TI_int46</name>
         <value>0xffdc</value>
         <object_component_ref idref="oc-6e"/>
      </symbol>
      <symbol id="sm-bfd">
         <name>__TI_int47</name>
         <value>0xffde</value>
         <object_component_ref idref="oc-6f"/>
      </symbol>
      <symbol id="sm-c00">
         <name>__TI_int48</name>
         <value>0xffe0</value>
         <object_component_ref idref="oc-70"/>
      </symbol>
      <symbol id="sm-c03">
         <name>__TI_int49</name>
         <value>0xffe2</value>
         <object_component_ref idref="oc-71"/>
      </symbol>
      <symbol id="sm-c06">
         <name>__TI_int50</name>
         <value>0xffe4</value>
         <object_component_ref idref="oc-78"/>
      </symbol>
      <symbol id="sm-c09">
         <name>__TI_int52</name>
         <value>0xffe8</value>
         <object_component_ref idref="oc-7a"/>
      </symbol>
      <symbol id="sm-c0c">
         <name>__TI_int55</name>
         <value>0xffee</value>
         <object_component_ref idref="oc-7d"/>
      </symbol>
      <symbol id="sm-c0f">
         <name>__TI_int56</name>
         <value>0xfff0</value>
         <object_component_ref idref="oc-7e"/>
      </symbol>
      <symbol id="sm-c12">
         <name>__TI_int57</name>
         <value>0xfff2</value>
         <object_component_ref idref="oc-7f"/>
      </symbol>
      <symbol id="sm-c15">
         <name>__TI_int58</name>
         <value>0xfff4</value>
         <object_component_ref idref="oc-80"/>
      </symbol>
      <symbol id="sm-c18">
         <name>__TI_int59</name>
         <value>0xfff6</value>
         <object_component_ref idref="oc-81"/>
      </symbol>
      <symbol id="sm-c1b">
         <name>__TI_int60</name>
         <value>0xfff8</value>
         <object_component_ref idref="oc-82"/>
      </symbol>
      <symbol id="sm-c1e">
         <name>__TI_int62</name>
         <value>0xfffc</value>
         <object_component_ref idref="oc-84"/>
      </symbol>
      <symbol id="sm-c26">
         <name>__TI_ISR_TRAP</name>
         <value>0x1519c</value>
         <object_component_ref idref="oc-9b"/>
      </symbol>
      <symbol id="sm-c2f">
         <name>__mspabi_slli</name>
         <value>0x15152</value>
         <object_component_ref idref="oc-43a"/>
      </symbol>
      <symbol id="sm-c3f">
         <name>__mspabi_slll_9</name>
         <value>0x14790</value>
         <object_component_ref idref="oc-528"/>
      </symbol>
      <symbol id="sm-c40">
         <name>__mspabi_slll_8</name>
         <value>0x14794</value>
         <object_component_ref idref="oc-528"/>
      </symbol>
      <symbol id="sm-c41">
         <name>__mspabi_slll_7</name>
         <value>0x14798</value>
         <object_component_ref idref="oc-528"/>
      </symbol>
      <symbol id="sm-c42">
         <name>__mspabi_slll_6</name>
         <value>0x1479c</value>
         <object_component_ref idref="oc-528"/>
      </symbol>
      <symbol id="sm-c43">
         <name>__mspabi_slll_5</name>
         <value>0x147a0</value>
         <object_component_ref idref="oc-528"/>
      </symbol>
      <symbol id="sm-c44">
         <name>__mspabi_slll_4</name>
         <value>0x147a4</value>
         <object_component_ref idref="oc-528"/>
      </symbol>
      <symbol id="sm-c45">
         <name>__mspabi_slll_3</name>
         <value>0x147a8</value>
         <object_component_ref idref="oc-528"/>
      </symbol>
      <symbol id="sm-c46">
         <name>__mspabi_slll_2</name>
         <value>0x147ac</value>
         <object_component_ref idref="oc-528"/>
      </symbol>
      <symbol id="sm-c47">
         <name>__mspabi_slll_1</name>
         <value>0x147b0</value>
         <object_component_ref idref="oc-528"/>
      </symbol>
      <symbol id="sm-c48">
         <name>__mspabi_slll</name>
         <value>0x150b8</value>
         <object_component_ref idref="oc-6fd"/>
      </symbol>
      <symbol id="sm-c49">
         <name>__mspabi_slll_15</name>
         <value>0x14778</value>
         <object_component_ref idref="oc-528"/>
      </symbol>
      <symbol id="sm-c4a">
         <name>__mspabi_slll_14</name>
         <value>0x1477c</value>
         <object_component_ref idref="oc-528"/>
      </symbol>
      <symbol id="sm-c4b">
         <name>__mspabi_slll_13</name>
         <value>0x14780</value>
         <object_component_ref idref="oc-528"/>
      </symbol>
      <symbol id="sm-c4c">
         <name>__mspabi_slll_12</name>
         <value>0x14784</value>
         <object_component_ref idref="oc-528"/>
      </symbol>
      <symbol id="sm-c4d">
         <name>__mspabi_slll_11</name>
         <value>0x14788</value>
         <object_component_ref idref="oc-528"/>
      </symbol>
      <symbol id="sm-c4e">
         <name>__mspabi_slll_10</name>
         <value>0x1478c</value>
         <object_component_ref idref="oc-528"/>
      </symbol>
      <symbol id="sm-c57">
         <name>__mspabi_srli</name>
         <value>0x1515c</value>
         <object_component_ref idref="oc-514"/>
      </symbol>
      <symbol id="sm-c67">
         <name>__mspabi_srll_8</name>
         <value>0x147d2</value>
         <object_component_ref idref="oc-28a"/>
      </symbol>
      <symbol id="sm-c68">
         <name>__mspabi_srll_9</name>
         <value>0x147ce</value>
         <object_component_ref idref="oc-28a"/>
      </symbol>
      <symbol id="sm-c69">
         <name>__mspabi_srll_6</name>
         <value>0x147da</value>
         <object_component_ref idref="oc-28a"/>
      </symbol>
      <symbol id="sm-c6a">
         <name>__mspabi_srll_7</name>
         <value>0x147d6</value>
         <object_component_ref idref="oc-28a"/>
      </symbol>
      <symbol id="sm-c6b">
         <name>__mspabi_srll_4</name>
         <value>0x147e2</value>
         <object_component_ref idref="oc-28a"/>
      </symbol>
      <symbol id="sm-c6c">
         <name>__mspabi_srll_5</name>
         <value>0x147de</value>
         <object_component_ref idref="oc-28a"/>
      </symbol>
      <symbol id="sm-c6d">
         <name>__mspabi_srll_2</name>
         <value>0x147ea</value>
         <object_component_ref idref="oc-28a"/>
      </symbol>
      <symbol id="sm-c6e">
         <name>__mspabi_srll_3</name>
         <value>0x147e6</value>
         <object_component_ref idref="oc-28a"/>
      </symbol>
      <symbol id="sm-c6f">
         <name>__mspabi_srll_1</name>
         <value>0x147ee</value>
         <object_component_ref idref="oc-28a"/>
      </symbol>
      <symbol id="sm-c70">
         <name>__mspabi_srll_15</name>
         <value>0x147b6</value>
         <object_component_ref idref="oc-28a"/>
      </symbol>
      <symbol id="sm-c71">
         <name>__mspabi_srll_14</name>
         <value>0x147ba</value>
         <object_component_ref idref="oc-28a"/>
      </symbol>
      <symbol id="sm-c72">
         <name>__mspabi_srll_13</name>
         <value>0x147be</value>
         <object_component_ref idref="oc-28a"/>
      </symbol>
      <symbol id="sm-c73">
         <name>__mspabi_srll_12</name>
         <value>0x147c2</value>
         <object_component_ref idref="oc-28a"/>
      </symbol>
      <symbol id="sm-c74">
         <name>__mspabi_srll_11</name>
         <value>0x147c6</value>
         <object_component_ref idref="oc-28a"/>
      </symbol>
      <symbol id="sm-c75">
         <name>__mspabi_srll_10</name>
         <value>0x147ca</value>
         <object_component_ref idref="oc-28a"/>
      </symbol>
      <symbol id="sm-c76">
         <name>__mspabi_srll</name>
         <value>0x150c8</value>
         <object_component_ref idref="oc-702"/>
      </symbol>
      <symbol id="sm-c84">
         <name>memcpy</name>
         <value>0x15002</value>
         <object_component_ref idref="oc-d7"/>
      </symbol>
      <symbol id="sm-c92">
         <name>memset</name>
         <value>0x14f6c</value>
         <object_component_ref idref="oc-13d"/>
      </symbol>
      <symbol id="sm-cb3">
         <name>__mspabi_mpyd</name>
         <value>0x111aa</value>
         <object_component_ref idref="oc-47a"/>
      </symbol>
      <symbol id="sm-cbb">
         <name>__mspabi_mpyi_f5hw</name>
         <value>0x14f98</value>
         <object_component_ref idref="oc-35d"/>
      </symbol>
      <symbol id="sm-cc3">
         <name>__mspabi_mpyl_f5hw</name>
         <value>0x14d56</value>
         <object_component_ref idref="oc-2f0"/>
      </symbol>
      <symbol id="sm-d05">
         <name>powf</name>
         <value>0x10000</value>
         <object_component_ref idref="oc-42d"/>
      </symbol>
      <symbol id="sm-d19">
         <name>__TI_renormd</name>
         <value>0x1312e</value>
         <object_component_ref idref="oc-70c"/>
      </symbol>
      <symbol id="sm-d3a">
         <name>sprintf</name>
         <value>0x1463a</value>
         <object_component_ref idref="oc-164"/>
      </symbol>
      <symbol id="sm-d49">
         <name>strcat</name>
         <value>0x14dd8</value>
         <object_component_ref idref="oc-14c"/>
      </symbol>
      <symbol id="sm-d57">
         <name>strcmp</name>
         <value>0x14e86</value>
         <object_component_ref idref="oc-159"/>
      </symbol>
      <symbol id="sm-d64">
         <name>strcpy</name>
         <value>0x15064</value>
         <object_component_ref idref="oc-16a"/>
      </symbol>
      <symbol id="sm-d71">
         <name>strlen</name>
         <value>0x150f4</value>
         <object_component_ref idref="oc-176"/>
      </symbol>
      <symbol id="sm-d81">
         <name>strncpy</name>
         <value>0x14aa0</value>
         <object_component_ref idref="oc-318"/>
      </symbol>
      <symbol id="sm-d8d">
         <name>__mspabi_subd</name>
         <value>0x14a0a</value>
         <object_component_ref idref="oc-492"/>
      </symbol>
      <symbol id="sm-da5">
         <name>_FDint</name>
         <value>0x134e4</value>
         <object_component_ref idref="oc-583"/>
      </symbol>
      <symbol id="sm-db7">
         <name>_FDunscale</name>
         <value>0x13d90</value>
         <object_component_ref idref="oc-57d"/>
      </symbol>
      <symbol id="sm-dc3">
         <name>_Feraise</name>
         <value>0x1489e</value>
         <object_component_ref idref="oc-589"/>
      </symbol>
      <symbol id="sm-de4">
         <name>_FExp</name>
         <value>0x11914</value>
         <object_component_ref idref="oc-59d"/>
      </symbol>
      <symbol id="sm-deb">
         <name>_FZero</name>
         <value>0x2514</value>
         <object_component_ref idref="oc-58f"/>
      </symbol>
      <symbol id="sm-dec">
         <name>_FRteps</name>
         <value>0x2500</value>
         <object_component_ref idref="oc-58f"/>
      </symbol>
      <symbol id="sm-ded">
         <name>_FSnan</name>
         <value>0x24f0</value>
         <object_component_ref idref="oc-58f"/>
      </symbol>
      <symbol id="sm-dee">
         <name>_FNan</name>
         <value>0x24e0</value>
         <object_component_ref idref="oc-58f"/>
      </symbol>
      <symbol id="sm-def">
         <name>_FInf</name>
         <value>0x24d0</value>
         <object_component_ref idref="oc-58f"/>
      </symbol>
      <symbol id="sm-df0">
         <name>_FEps</name>
         <value>0x24c0</value>
         <object_component_ref idref="oc-58f"/>
      </symbol>
      <symbol id="sm-df1">
         <name>_FXbig</name>
         <value>0x2510</value>
         <object_component_ref idref="oc-58f"/>
      </symbol>
      <symbol id="sm-df2">
         <name>_FDenorm</name>
         <value>0x24b0</value>
         <object_component_ref idref="oc-58f"/>
      </symbol>
      <symbol id="sm-e03">
         <name>_nop</name>
         <value>0x151e2</value>
         <object_component_ref idref="oc-82a"/>
      </symbol>
      <symbol id="sm-e04">
         <name>_lock</name>
         <value>0x25bc</value>
         <object_component_ref idref="oc-81b"/>
      </symbol>
      <symbol id="sm-e05">
         <name>_unlock</name>
         <value>0x25c0</value>
         <object_component_ref idref="oc-81b"/>
      </symbol>
      <symbol id="sm-e6d">
         <name>__TI_printfi_minimal</name>
         <value>0x12bbc</value>
         <object_component_ref idref="oc-32f"/>
      </symbol>
      <symbol id="sm-e7e">
         <name>__mspabi_sral</name>
         <value>0x150a8</value>
         <object_component_ref idref="oc-707"/>
      </symbol>
      <symbol id="sm-e7f">
         <name>__mspabi_sral_15</name>
         <value>0x1473a</value>
         <object_component_ref idref="oc-5aa"/>
      </symbol>
      <symbol id="sm-e80">
         <name>__mspabi_sral_14</name>
         <value>0x1473e</value>
         <object_component_ref idref="oc-5aa"/>
      </symbol>
      <symbol id="sm-e81">
         <name>__mspabi_sral_13</name>
         <value>0x14742</value>
         <object_component_ref idref="oc-5aa"/>
      </symbol>
      <symbol id="sm-e82">
         <name>__mspabi_sral_12</name>
         <value>0x14746</value>
         <object_component_ref idref="oc-5aa"/>
      </symbol>
      <symbol id="sm-e83">
         <name>__mspabi_sral_11</name>
         <value>0x1474a</value>
         <object_component_ref idref="oc-5aa"/>
      </symbol>
      <symbol id="sm-e84">
         <name>__mspabi_sral_10</name>
         <value>0x1474e</value>
         <object_component_ref idref="oc-5aa"/>
      </symbol>
      <symbol id="sm-e85">
         <name>__mspabi_sral_8</name>
         <value>0x14756</value>
         <object_component_ref idref="oc-5aa"/>
      </symbol>
      <symbol id="sm-e86">
         <name>__mspabi_sral_9</name>
         <value>0x14752</value>
         <object_component_ref idref="oc-5aa"/>
      </symbol>
      <symbol id="sm-e87">
         <name>__mspabi_sral_6</name>
         <value>0x1475e</value>
         <object_component_ref idref="oc-5aa"/>
      </symbol>
      <symbol id="sm-e88">
         <name>__mspabi_sral_7</name>
         <value>0x1475a</value>
         <object_component_ref idref="oc-5aa"/>
      </symbol>
      <symbol id="sm-e89">
         <name>__mspabi_sral_4</name>
         <value>0x14766</value>
         <object_component_ref idref="oc-5aa"/>
      </symbol>
      <symbol id="sm-e8a">
         <name>__mspabi_sral_5</name>
         <value>0x14762</value>
         <object_component_ref idref="oc-5aa"/>
      </symbol>
      <symbol id="sm-e8b">
         <name>__mspabi_sral_2</name>
         <value>0x1476e</value>
         <object_component_ref idref="oc-5aa"/>
      </symbol>
      <symbol id="sm-e8c">
         <name>__mspabi_sral_3</name>
         <value>0x1476a</value>
         <object_component_ref idref="oc-5aa"/>
      </symbol>
      <symbol id="sm-e8d">
         <name>__mspabi_sral_1</name>
         <value>0x14772</value>
         <object_component_ref idref="oc-5aa"/>
      </symbol>
      <symbol id="sm-ea4">
         <name>_auto_init_hold_wdt</name>
         <value>0x13b7a</value>
         <object_component_ref idref="oc-ac"/>
      </symbol>
      <symbol id="sm-eab">
         <name>_Errno</name>
         <value>0x25d4</value>
         <object_component_ref idref="oc-6d2"/>
      </symbol>
      <symbol id="sm-ec3">
         <name>feraiseexcept</name>
         <value>0x1493e</value>
         <object_component_ref idref="oc-6cc"/>
      </symbol>
      <symbol id="sm-ec4">
         <name>_Tls_setup__Fenv</name>
         <value>0x25c8</value>
         <object_component_ref idref="oc-7b9"/>
      </symbol>
      <symbol id="sm-ec5">
         <name>_Fenv</name>
         <value>0x25c4</value>
         <object_component_ref idref="oc-7b9"/>
      </symbol>
      <symbol id="sm-ed6">
         <name>__TI_frcmpyd</name>
         <value>0x10bee</value>
         <object_component_ref idref="oc-5b6"/>
      </symbol>
      <symbol id="sm-ee9">
         <name>__mspabi_fixfli</name>
         <value>0x138b6</value>
         <object_component_ref idref="oc-592"/>
      </symbol>
      <symbol id="sm-ef5">
         <name>logf</name>
         <value>0x151a8</value>
         <object_component_ref idref="oc-597"/>
      </symbol>
      <symbol id="sm-f04">
         <name>memccpy</name>
         <value>0x14d98</value>
         <object_component_ref idref="oc-5e9"/>
      </symbol>
      <symbol id="sm-f18">
         <name>raise</name>
         <value>0x14a3c</value>
         <object_component_ref idref="oc-7bc"/>
      </symbol>
      <symbol id="sm-f2d">
         <name>signal</name>
         <value>0x14866</value>
         <object_component_ref idref="oc-808"/>
      </symbol>
      <symbol id="sm-f3f">
         <name>_FDnorm</name>
         <value>0x13604</value>
         <object_component_ref idref="oc-6c0"/>
      </symbol>
      <symbol id="sm-f5c">
         <name>_FDscale</name>
         <value>0x127dc</value>
         <object_component_ref idref="oc-6ec"/>
      </symbol>
      <symbol id="sm-f7b">
         <name>_FLog</name>
         <value>0x116a8</value>
         <object_component_ref idref="oc-6de"/>
      </symbol>
      <symbol id="sm-f7c">
         <name>__TI_exit</name>
         <value>0x1</value>
      </symbol>
      <symbol id="sm-f7d">
         <name>__TI_args_main</name>
         <value>0x1</value>
      </symbol>
      <symbol id="sm-f7e">
         <name>__TI_INITARRAY_Base</name>
         <value>0x0</value>
      </symbol>
      <symbol id="sm-f7f">
         <name>__TI_INITARRAY_Limit</name>
         <value>0x0</value>
      </symbol>
   </symbol_table>
   <title>Link successful</title>
</link_info>
