<?xml version="1.0"?>
<link_info>
   <banner>MSP430 Linker PC v4.3.3</banner>
   <copyright>Copyright (c) 2003-2014 Texas Instruments Incorporated</copyright>
   <link_time>0x55457a56</link_time>
   <link_errors>0x0</link_errors>
   <output_file>lab8.out</output_file>
   <entry_point>
      <name>_c_int00</name>
      <address>0x4400</address>
   </entry_point>
   <input_file_list>
      <input_file id="fl-2">
         <path>.\</path>
         <kind>object</kind>
         <file>main.obj</file>
         <name>main.obj</name>
      </input_file>
      <input_file id="fl-31">
         <path>C:\ti\ccsv6\tools\compiler\msp430_4.3.3\lib\</path>
         <kind>archive</kind>
         <file>rts430x_lc_rd_eabi.lib</file>
         <name>addd.obj</name>
      </input_file>
      <input_file id="fl-32">
         <path>C:\ti\ccsv6\tools\compiler\msp430_4.3.3\lib\</path>
         <kind>archive</kind>
         <file>rts430x_lc_rd_eabi.lib</file>
         <name>asr16.obj</name>
      </input_file>
      <input_file id="fl-33">
         <path>C:\ti\ccsv6\tools\compiler\msp430_4.3.3\lib\</path>
         <kind>archive</kind>
         <file>rts430x_lc_rd_eabi.lib</file>
         <name>boot.obj</name>
      </input_file>
      <input_file id="fl-34">
         <path>C:\ti\ccsv6\tools\compiler\msp430_4.3.3\lib\</path>
         <kind>archive</kind>
         <file>rts430x_lc_rd_eabi.lib</file>
         <name>copy_decompress_none.obj</name>
      </input_file>
      <input_file id="fl-35">
         <path>C:\ti\ccsv6\tools\compiler\msp430_4.3.3\lib\</path>
         <kind>archive</kind>
         <file>rts430x_lc_rd_eabi.lib</file>
         <name>copy_decompress_rle.obj</name>
      </input_file>
      <input_file id="fl-36">
         <path>C:\ti\ccsv6\tools\compiler\msp430_4.3.3\lib\</path>
         <kind>archive</kind>
         <file>rts430x_lc_rd_eabi.lib</file>
         <name>copy_zero_init.obj</name>
      </input_file>
      <input_file id="fl-37">
         <path>C:\ti\ccsv6\tools\compiler\msp430_4.3.3\lib\</path>
         <kind>archive</kind>
         <file>rts430x_lc_rd_eabi.lib</file>
         <name>cvtdf.obj</name>
      </input_file>
      <input_file id="fl-38">
         <path>C:\ti\ccsv6\tools\compiler\msp430_4.3.3\lib\</path>
         <kind>archive</kind>
         <file>rts430x_lc_rd_eabi.lib</file>
         <name>cvtfd.obj</name>
      </input_file>
      <input_file id="fl-39">
         <path>C:\ti\ccsv6\tools\compiler\msp430_4.3.3\lib\</path>
         <kind>archive</kind>
         <file>rts430x_lc_rd_eabi.lib</file>
         <name>divd.obj</name>
      </input_file>
      <input_file id="fl-3a">
         <path>C:\ti\ccsv6\tools\compiler\msp430_4.3.3\lib\</path>
         <kind>archive</kind>
         <file>rts430x_lc_rd_eabi.lib</file>
         <name>exit.obj</name>
      </input_file>
      <input_file id="fl-3b">
         <path>C:\ti\ccsv6\tools\compiler\msp430_4.3.3\lib\</path>
         <kind>archive</kind>
         <file>rts430x_lc_rd_eabi.lib</file>
         <name>fltid.obj</name>
      </input_file>
      <input_file id="fl-3c">
         <path>C:\ti\ccsv6\tools\compiler\msp430_4.3.3\lib\</path>
         <kind>archive</kind>
         <file>rts430x_lc_rd_eabi.lib</file>
         <name>fltlid.obj</name>
      </input_file>
      <input_file id="fl-3d">
         <path>C:\ti\ccsv6\tools\compiler\msp430_4.3.3\lib\</path>
         <kind>archive</kind>
         <file>rts430x_lc_rd_eabi.lib</file>
         <name>frcaddd.obj</name>
      </input_file>
      <input_file id="fl-3e">
         <path>C:\ti\ccsv6\tools\compiler\msp430_4.3.3\lib\</path>
         <kind>archive</kind>
         <file>rts430x_lc_rd_eabi.lib</file>
         <name>frcdivd.obj</name>
      </input_file>
      <input_file id="fl-3f">
         <path>C:\ti\ccsv6\tools\compiler\msp430_4.3.3\lib\</path>
         <kind>archive</kind>
         <file>rts430x_lc_rd_eabi.lib</file>
         <name>fs_add.obj</name>
      </input_file>
      <input_file id="fl-40">
         <path>C:\ti\ccsv6\tools\compiler\msp430_4.3.3\lib\</path>
         <kind>archive</kind>
         <file>rts430x_lc_rd_eabi.lib</file>
         <name>fs_itof.obj</name>
      </input_file>
      <input_file id="fl-41">
         <path>C:\ti\ccsv6\tools\compiler\msp430_4.3.3\lib\</path>
         <kind>archive</kind>
         <file>rts430x_lc_rd_eabi.lib</file>
         <name>fs_mpy.obj</name>
      </input_file>
      <input_file id="fl-42">
         <path>C:\ti\ccsv6\tools\compiler\msp430_4.3.3\lib\</path>
         <kind>archive</kind>
         <file>rts430x_lc_rd_eabi.lib</file>
         <name>fs_neg.obj</name>
      </input_file>
      <input_file id="fl-43">
         <path>C:\ti\ccsv6\tools\compiler\msp430_4.3.3\lib\</path>
         <kind>archive</kind>
         <file>rts430x_lc_rd_eabi.lib</file>
         <name>int41.obj</name>
      </input_file>
      <input_file id="fl-44">
         <path>C:\ti\ccsv6\tools\compiler\msp430_4.3.3\lib\</path>
         <kind>archive</kind>
         <file>rts430x_lc_rd_eabi.lib</file>
         <name>int42.obj</name>
      </input_file>
      <input_file id="fl-45">
         <path>C:\ti\ccsv6\tools\compiler\msp430_4.3.3\lib\</path>
         <kind>archive</kind>
         <file>rts430x_lc_rd_eabi.lib</file>
         <name>int43.obj</name>
      </input_file>
      <input_file id="fl-46">
         <path>C:\ti\ccsv6\tools\compiler\msp430_4.3.3\lib\</path>
         <kind>archive</kind>
         <file>rts430x_lc_rd_eabi.lib</file>
         <name>int44.obj</name>
      </input_file>
      <input_file id="fl-47">
         <path>C:\ti\ccsv6\tools\compiler\msp430_4.3.3\lib\</path>
         <kind>archive</kind>
         <file>rts430x_lc_rd_eabi.lib</file>
         <name>int45.obj</name>
      </input_file>
      <input_file id="fl-48">
         <path>C:\ti\ccsv6\tools\compiler\msp430_4.3.3\lib\</path>
         <kind>archive</kind>
         <file>rts430x_lc_rd_eabi.lib</file>
         <name>int46.obj</name>
      </input_file>
      <input_file id="fl-49">
         <path>C:\ti\ccsv6\tools\compiler\msp430_4.3.3\lib\</path>
         <kind>archive</kind>
         <file>rts430x_lc_rd_eabi.lib</file>
         <name>int47.obj</name>
      </input_file>
      <input_file id="fl-4a">
         <path>C:\ti\ccsv6\tools\compiler\msp430_4.3.3\lib\</path>
         <kind>archive</kind>
         <file>rts430x_lc_rd_eabi.lib</file>
         <name>int48.obj</name>
      </input_file>
      <input_file id="fl-4b">
         <path>C:\ti\ccsv6\tools\compiler\msp430_4.3.3\lib\</path>
         <kind>archive</kind>
         <file>rts430x_lc_rd_eabi.lib</file>
         <name>int49.obj</name>
      </input_file>
      <input_file id="fl-4c">
         <path>C:\ti\ccsv6\tools\compiler\msp430_4.3.3\lib\</path>
         <kind>archive</kind>
         <file>rts430x_lc_rd_eabi.lib</file>
         <name>int50.obj</name>
      </input_file>
      <input_file id="fl-4d">
         <path>C:\ti\ccsv6\tools\compiler\msp430_4.3.3\lib\</path>
         <kind>archive</kind>
         <file>rts430x_lc_rd_eabi.lib</file>
         <name>int51.obj</name>
      </input_file>
      <input_file id="fl-4e">
         <path>C:\ti\ccsv6\tools\compiler\msp430_4.3.3\lib\</path>
         <kind>archive</kind>
         <file>rts430x_lc_rd_eabi.lib</file>
         <name>int52.obj</name>
      </input_file>
      <input_file id="fl-4f">
         <path>C:\ti\ccsv6\tools\compiler\msp430_4.3.3\lib\</path>
         <kind>archive</kind>
         <file>rts430x_lc_rd_eabi.lib</file>
         <name>int53.obj</name>
      </input_file>
      <input_file id="fl-50">
         <path>C:\ti\ccsv6\tools\compiler\msp430_4.3.3\lib\</path>
         <kind>archive</kind>
         <file>rts430x_lc_rd_eabi.lib</file>
         <name>int54.obj</name>
      </input_file>
      <input_file id="fl-51">
         <path>C:\ti\ccsv6\tools\compiler\msp430_4.3.3\lib\</path>
         <kind>archive</kind>
         <file>rts430x_lc_rd_eabi.lib</file>
         <name>int55.obj</name>
      </input_file>
      <input_file id="fl-52">
         <path>C:\ti\ccsv6\tools\compiler\msp430_4.3.3\lib\</path>
         <kind>archive</kind>
         <file>rts430x_lc_rd_eabi.lib</file>
         <name>int56.obj</name>
      </input_file>
      <input_file id="fl-53">
         <path>C:\ti\ccsv6\tools\compiler\msp430_4.3.3\lib\</path>
         <kind>archive</kind>
         <file>rts430x_lc_rd_eabi.lib</file>
         <name>int57.obj</name>
      </input_file>
      <input_file id="fl-54">
         <path>C:\ti\ccsv6\tools\compiler\msp430_4.3.3\lib\</path>
         <kind>archive</kind>
         <file>rts430x_lc_rd_eabi.lib</file>
         <name>int58.obj</name>
      </input_file>
      <input_file id="fl-55">
         <path>C:\ti\ccsv6\tools\compiler\msp430_4.3.3\lib\</path>
         <kind>archive</kind>
         <file>rts430x_lc_rd_eabi.lib</file>
         <name>int59.obj</name>
      </input_file>
      <input_file id="fl-56">
         <path>C:\ti\ccsv6\tools\compiler\msp430_4.3.3\lib\</path>
         <kind>archive</kind>
         <file>rts430x_lc_rd_eabi.lib</file>
         <name>int60.obj</name>
      </input_file>
      <input_file id="fl-57">
         <path>C:\ti\ccsv6\tools\compiler\msp430_4.3.3\lib\</path>
         <kind>archive</kind>
         <file>rts430x_lc_rd_eabi.lib</file>
         <name>int61.obj</name>
      </input_file>
      <input_file id="fl-58">
         <path>C:\ti\ccsv6\tools\compiler\msp430_4.3.3\lib\</path>
         <kind>archive</kind>
         <file>rts430x_lc_rd_eabi.lib</file>
         <name>int62.obj</name>
      </input_file>
      <input_file id="fl-59">
         <path>C:\ti\ccsv6\tools\compiler\msp430_4.3.3\lib\</path>
         <kind>archive</kind>
         <file>rts430x_lc_rd_eabi.lib</file>
         <name>isr_trap.obj</name>
      </input_file>
      <input_file id="fl-5a">
         <path>C:\ti\ccsv6\tools\compiler\msp430_4.3.3\lib\</path>
         <kind>archive</kind>
         <file>rts430x_lc_rd_eabi.lib</file>
         <name>lsl16.obj</name>
      </input_file>
      <input_file id="fl-5b">
         <path>C:\ti\ccsv6\tools\compiler\msp430_4.3.3\lib\</path>
         <kind>archive</kind>
         <file>rts430x_lc_rd_eabi.lib</file>
         <name>lsl32.obj</name>
      </input_file>
      <input_file id="fl-5c">
         <path>C:\ti\ccsv6\tools\compiler\msp430_4.3.3\lib\</path>
         <kind>archive</kind>
         <file>rts430x_lc_rd_eabi.lib</file>
         <name>lsr32.obj</name>
      </input_file>
      <input_file id="fl-5d">
         <path>C:\ti\ccsv6\tools\compiler\msp430_4.3.3\lib\</path>
         <kind>archive</kind>
         <file>rts430x_lc_rd_eabi.lib</file>
         <name>memcpy.obj</name>
      </input_file>
      <input_file id="fl-5e">
         <path>C:\ti\ccsv6\tools\compiler\msp430_4.3.3\lib\</path>
         <kind>archive</kind>
         <file>rts430x_lc_rd_eabi.lib</file>
         <name>mpu_init.obj</name>
      </input_file>
      <input_file id="fl-5f">
         <path>C:\ti\ccsv6\tools\compiler\msp430_4.3.3\lib\</path>
         <kind>archive</kind>
         <file>rts430x_lc_rd_eabi.lib</file>
         <name>mpyd.obj</name>
      </input_file>
      <input_file id="fl-60">
         <path>C:\ti\ccsv6\tools\compiler\msp430_4.3.3\lib\</path>
         <kind>archive</kind>
         <file>rts430x_lc_rd_eabi.lib</file>
         <name>mult16_f5hw.obj</name>
      </input_file>
      <input_file id="fl-61">
         <path>C:\ti\ccsv6\tools\compiler\msp430_4.3.3\lib\</path>
         <kind>archive</kind>
         <file>rts430x_lc_rd_eabi.lib</file>
         <name>mult32_f5hw.obj</name>
      </input_file>
      <input_file id="fl-62">
         <path>C:\ti\ccsv6\tools\compiler\msp430_4.3.3\lib\</path>
         <kind>archive</kind>
         <file>rts430x_lc_rd_eabi.lib</file>
         <name>powf.obj</name>
      </input_file>
      <input_file id="fl-63">
         <path>C:\ti\ccsv6\tools\compiler\msp430_4.3.3\lib\</path>
         <kind>archive</kind>
         <file>rts430x_lc_rd_eabi.lib</file>
         <name>pre_init.obj</name>
      </input_file>
      <input_file id="fl-64">
         <path>C:\ti\ccsv6\tools\compiler\msp430_4.3.3\lib\</path>
         <kind>archive</kind>
         <file>rts430x_lc_rd_eabi.lib</file>
         <name>renormd.obj</name>
      </input_file>
      <input_file id="fl-65">
         <path>C:\ti\ccsv6\tools\compiler\msp430_4.3.3\lib\</path>
         <kind>archive</kind>
         <file>rts430x_lc_rd_eabi.lib</file>
         <name>subd.obj</name>
      </input_file>
      <input_file id="fl-66">
         <path>C:\ti\ccsv6\tools\compiler\msp430_4.3.3\lib\</path>
         <kind>archive</kind>
         <file>rts430x_lc_rd_eabi.lib</file>
         <name>xfdint.obj</name>
      </input_file>
      <input_file id="fl-67">
         <path>C:\ti\ccsv6\tools\compiler\msp430_4.3.3\lib\</path>
         <kind>archive</kind>
         <file>rts430x_lc_rd_eabi.lib</file>
         <name>xfdunsca.obj</name>
      </input_file>
      <input_file id="fl-68">
         <path>C:\ti\ccsv6\tools\compiler\msp430_4.3.3\lib\</path>
         <kind>archive</kind>
         <file>rts430x_lc_rd_eabi.lib</file>
         <name>xferaise.obj</name>
      </input_file>
      <input_file id="fl-69">
         <path>C:\ti\ccsv6\tools\compiler\msp430_4.3.3\lib\</path>
         <kind>archive</kind>
         <file>rts430x_lc_rd_eabi.lib</file>
         <name>xfexp.obj</name>
      </input_file>
      <input_file id="fl-6a">
         <path>C:\ti\ccsv6\tools\compiler\msp430_4.3.3\lib\</path>
         <kind>archive</kind>
         <file>rts430x_lc_rd_eabi.lib</file>
         <name>xfvalues.obj</name>
      </input_file>
      <input_file id="fl-6b">
         <path>C:\ti\ccsv6\tools\compiler\msp430_4.3.3\lib\</path>
         <kind>archive</kind>
         <file>rts430x_lc_rd_eabi.lib</file>
         <name>_lock.obj</name>
      </input_file>
      <input_file id="fl-6c">
         <path>C:\ti\ccsv6\tools\compiler\msp430_4.3.3\lib\</path>
         <kind>archive</kind>
         <file>rts430x_lc_rd_eabi.lib</file>
         <name>args_main.obj</name>
      </input_file>
      <input_file id="fl-6d">
         <path>C:\ti\ccsv6\tools\compiler\msp430_4.3.3\lib\</path>
         <kind>archive</kind>
         <file>rts430x_lc_rd_eabi.lib</file>
         <name>asr32.obj</name>
      </input_file>
      <input_file id="fl-6e">
         <path>C:\ti\ccsv6\tools\compiler\msp430_4.3.3\lib\</path>
         <kind>archive</kind>
         <file>rts430x_lc_rd_eabi.lib</file>
         <name>autoinit.obj</name>
      </input_file>
      <input_file id="fl-6f">
         <path>C:\ti\ccsv6\tools\compiler\msp430_4.3.3\lib\</path>
         <kind>archive</kind>
         <file>rts430x_lc_rd_eabi.lib</file>
         <name>errno.obj</name>
      </input_file>
      <input_file id="fl-70">
         <path>C:\ti\ccsv6\tools\compiler\msp430_4.3.3\lib\</path>
         <kind>archive</kind>
         <file>rts430x_lc_rd_eabi.lib</file>
         <name>feraiseexcept.obj</name>
      </input_file>
      <input_file id="fl-71">
         <path>C:\ti\ccsv6\tools\compiler\msp430_4.3.3\lib\</path>
         <kind>archive</kind>
         <file>rts430x_lc_rd_eabi.lib</file>
         <name>frcmpyd.obj</name>
      </input_file>
      <input_file id="fl-72">
         <path>C:\ti\ccsv6\tools\compiler\msp430_4.3.3\lib\</path>
         <kind>archive</kind>
         <file>rts430x_lc_rd_eabi.lib</file>
         <name>fs_cmp.obj</name>
      </input_file>
      <input_file id="fl-73">
         <path>C:\ti\ccsv6\tools\compiler\msp430_4.3.3\lib\</path>
         <kind>archive</kind>
         <file>rts430x_lc_rd_eabi.lib</file>
         <name>fs_div.obj</name>
      </input_file>
      <input_file id="fl-74">
         <path>C:\ti\ccsv6\tools\compiler\msp430_4.3.3\lib\</path>
         <kind>archive</kind>
         <file>rts430x_lc_rd_eabi.lib</file>
         <name>fs_ltof.obj</name>
      </input_file>
      <input_file id="fl-75">
         <path>C:\ti\ccsv6\tools\compiler\msp430_4.3.3\lib\</path>
         <kind>archive</kind>
         <file>rts430x_lc_rd_eabi.lib</file>
         <name>fs_toi.obj</name>
      </input_file>
      <input_file id="fl-76">
         <path>C:\ti\ccsv6\tools\compiler\msp430_4.3.3\lib\</path>
         <kind>archive</kind>
         <file>rts430x_lc_rd_eabi.lib</file>
         <name>fs_tol.obj</name>
      </input_file>
      <input_file id="fl-77">
         <path>C:\ti\ccsv6\tools\compiler\msp430_4.3.3\lib\</path>
         <kind>archive</kind>
         <file>rts430x_lc_rd_eabi.lib</file>
         <name>logf.obj</name>
      </input_file>
      <input_file id="fl-78">
         <path>C:\ti\ccsv6\tools\compiler\msp430_4.3.3\lib\</path>
         <kind>archive</kind>
         <file>rts430x_lc_rd_eabi.lib</file>
         <name>raise.obj</name>
      </input_file>
      <input_file id="fl-79">
         <path>C:\ti\ccsv6\tools\compiler\msp430_4.3.3\lib\</path>
         <kind>archive</kind>
         <file>rts430x_lc_rd_eabi.lib</file>
         <name>signal.obj</name>
      </input_file>
      <input_file id="fl-7a">
         <path>C:\ti\ccsv6\tools\compiler\msp430_4.3.3\lib\</path>
         <kind>archive</kind>
         <file>rts430x_lc_rd_eabi.lib</file>
         <name>xfdnorm.obj</name>
      </input_file>
      <input_file id="fl-7b">
         <path>C:\ti\ccsv6\tools\compiler\msp430_4.3.3\lib\</path>
         <kind>archive</kind>
         <file>rts430x_lc_rd_eabi.lib</file>
         <name>xfdscale.obj</name>
      </input_file>
      <input_file id="fl-7c">
         <path>C:\ti\ccsv6\tools\compiler\msp430_4.3.3\lib\</path>
         <kind>archive</kind>
         <file>rts430x_lc_rd_eabi.lib</file>
         <name>xflog.obj</name>
      </input_file>
      <input_file id="fl-7d">
         <path>C:\ti\ccsv6\tools\compiler\msp430_4.3.3\lib\</path>
         <kind>archive</kind>
         <file>rts430x_lc_rd_eabi.lib</file>
         <name>lsr16.obj</name>
      </input_file>
   </input_file_list>
   <object_component_list>
      <object_component id="oc-97">
         <name>.stack</name>
         <uninitialized>true</uninitialized>
         <run_address>0x4360</run_address>
         <size>0x4</size>
         <input_file_ref idref="fl-33"/>
      </object_component>
      <object_component id="oc-393">
         <name>.stack</name>
         <uninitialized>true</uninitialized>
         <run_address>0x4360</run_address>
         <size>0x0</size>
      </object_component>
      <object_component id="oc-144">
         <name>.text:powf</name>
         <load_address>0x10000</load_address>
         <run_address>0x10000</run_address>
         <size>0x4aa</size>
         <input_file_ref idref="fl-62"/>
      </object_component>
      <object_component id="oc-238">
         <name>.text:__TI_frcdivd</name>
         <load_address>0x104aa</load_address>
         <run_address>0x104aa</run_address>
         <size>0x452</size>
         <input_file_ref idref="fl-3e"/>
      </object_component>
      <object_component id="oc-f8">
         <name>.text:assign_data</name>
         <load_address>0x108fc</load_address>
         <run_address>0x108fc</run_address>
         <size>0x324</size>
         <input_file_ref idref="fl-2"/>
      </object_component>
      <object_component id="oc-212">
         <name>.text:__TI_frcmpyd</name>
         <load_address>0x10c20</load_address>
         <run_address>0x10c20</run_address>
         <size>0x2e4</size>
         <input_file_ref idref="fl-71"/>
      </object_component>
      <object_component id="oc-1a1">
         <name>.text:__mspabi_addd</name>
         <load_address>0x10f04</load_address>
         <run_address>0x10f04</run_address>
         <size>0x2d8</size>
         <input_file_ref idref="fl-31"/>
      </object_component>
      <object_component id="oc-19b">
         <name>.text:__mspabi_mpyd</name>
         <load_address>0x111dc</load_address>
         <run_address>0x111dc</run_address>
         <size>0x282</size>
         <input_file_ref idref="fl-5f"/>
      </object_component>
      <object_component id="oc-261">
         <name>.text:_FLog</name>
         <load_address>0x1145e</load_address>
         <run_address>0x1145e</run_address>
         <size>0x26c</size>
         <input_file_ref idref="fl-7c"/>
      </object_component>
      <object_component id="oc-1f8">
         <name>.text:_FExp</name>
         <load_address>0x116ca</load_address>
         <run_address>0x116ca</run_address>
         <size>0x262</size>
         <input_file_ref idref="fl-69"/>
      </object_component>
      <object_component id="oc-21f">
         <name>.text:__TI_frcaddd</name>
         <load_address>0x1192c</load_address>
         <run_address>0x1192c</run_address>
         <size>0x252</size>
         <input_file_ref idref="fl-3d"/>
      </object_component>
      <object_component id="oc-1b9">
         <name>.text:__mspabi_divd</name>
         <load_address>0x11b7e</load_address>
         <run_address>0x11b7e</run_address>
         <size>0x222</size>
         <input_file_ref idref="fl-39"/>
      </object_component>
      <object_component id="oc-10d">
         <name>.text:compute_pressure</name>
         <load_address>0x11da0</load_address>
         <run_address>0x11da0</run_address>
         <size>0x14a</size>
         <input_file_ref idref="fl-2"/>
      </object_component>
      <object_component id="oc-15d">
         <name>.text</name>
         <load_address>0x11eea</load_address>
         <run_address>0x11eea</run_address>
         <size>0x130</size>
         <input_file_ref idref="fl-3f"/>
      </object_component>
      <object_component id="oc-270">
         <name>.text:_FDscale</name>
         <load_address>0x1201a</load_address>
         <run_address>0x1201a</run_address>
         <size>0x11c</size>
         <input_file_ref idref="fl-7b"/>
      </object_component>
      <object_component id="oc-ac">
         <name>.text:main</name>
         <load_address>0x12136</load_address>
         <run_address>0x12136</run_address>
         <size>0xb6</size>
         <input_file_ref idref="fl-2"/>
      </object_component>
      <object_component id="oc-190">
         <name>.text</name>
         <load_address>0x121ec</load_address>
         <run_address>0x121ec</run_address>
         <size>0xb6</size>
         <input_file_ref idref="fl-41"/>
      </object_component>
      <object_component id="oc-29a">
         <name>.text:__TI_renormd</name>
         <load_address>0x122a2</load_address>
         <run_address>0x122a2</run_address>
         <size>0xb2</size>
         <input_file_ref idref="fl-64"/>
      </object_component>
      <object_component id="oc-22e">
         <name>.text:__mspabi_fltlid</name>
         <load_address>0x12354</load_address>
         <run_address>0x12354</run_address>
         <size>0x94</size>
         <input_file_ref idref="fl-3c"/>
      </object_component>
      <object_component id="oc-1ca">
         <name>.text:_FDint</name>
         <load_address>0x123e8</load_address>
         <run_address>0x123e8</run_address>
         <size>0x92</size>
         <input_file_ref idref="fl-66"/>
      </object_component>
      <object_component id="oc-1f3">
         <name>.text</name>
         <load_address>0x1247a</load_address>
         <run_address>0x1247a</run_address>
         <size>0x8e</size>
         <input_file_ref idref="fl-73"/>
      </object_component>
      <object_component id="oc-240">
         <name>.text:_FDnorm</name>
         <load_address>0x12508</load_address>
         <run_address>0x12508</run_address>
         <size>0x8c</size>
         <input_file_ref idref="fl-7a"/>
      </object_component>
      <object_component id="oc-1a7">
         <name>.text:__mspabi_cvtdf</name>
         <load_address>0x12594</load_address>
         <run_address>0x12594</run_address>
         <size>0x8c</size>
         <input_file_ref idref="fl-37"/>
      </object_component>
      <object_component id="oc-1de">
         <name>.text</name>
         <load_address>0x12620</load_address>
         <run_address>0x12620</run_address>
         <size>0x7e</size>
         <input_file_ref idref="fl-76"/>
      </object_component>
      <object_component id="oc-a6">
         <name>.text:_auto_init_hold_wdt</name>
         <load_address>0x1269e</load_address>
         <run_address>0x1269e</run_address>
         <size>0x6e</size>
         <input_file_ref idref="fl-6e"/>
      </object_component>
      <object_component id="oc-1e8">
         <name>.text</name>
         <load_address>0x1270c</load_address>
         <run_address>0x1270c</run_address>
         <size>0x68</size>
         <input_file_ref idref="fl-75"/>
      </object_component>
      <object_component id="oc-1c4">
         <name>.text:_FDunscale</name>
         <load_address>0x12774</load_address>
         <run_address>0x12774</run_address>
         <size>0x64</size>
         <input_file_ref idref="fl-67"/>
      </object_component>
      <object_component id="oc-195">
         <name>.text:__mspabi_cvtfd</name>
         <load_address>0x127d8</load_address>
         <run_address>0x127d8</run_address>
         <size>0x64</size>
         <input_file_ref idref="fl-38"/>
      </object_component>
      <object_component id="oc-cd">
         <name>.text:__TI_decompress_rle_core</name>
         <load_address>0x1283c</load_address>
         <run_address>0x1283c</run_address>
         <size>0x62</size>
         <input_file_ref idref="fl-35"/>
      </object_component>
      <object_component id="oc-1d0">
         <name>.text</name>
         <load_address>0x1289e</load_address>
         <run_address>0x1289e</run_address>
         <size>0x4a</size>
         <input_file_ref idref="fl-72"/>
      </object_component>
      <object_component id="oc-1e3">
         <name>.text</name>
         <load_address>0x128e8</load_address>
         <run_address>0x128e8</run_address>
         <size>0x4a</size>
         <input_file_ref idref="fl-74"/>
      </object_component>
      <object_component id="oc-206">
         <name>.text:l_asr_const</name>
         <load_address>0x12932</load_address>
         <run_address>0x12932</run_address>
         <size>0x3e</size>
         <input_file_ref idref="fl-6d"/>
      </object_component>
      <object_component id="oc-227">
         <name>.text:l_lsl_const</name>
         <load_address>0x12970</load_address>
         <run_address>0x12970</run_address>
         <size>0x3e</size>
         <input_file_ref idref="fl-5b"/>
      </object_component>
      <object_component id="oc-27d">
         <name>.text:l_lsr_const</name>
         <load_address>0x129ae</load_address>
         <run_address>0x129ae</run_address>
         <size>0x3e</size>
         <input_file_ref idref="fl-5c"/>
      </object_component>
      <object_component id="oc-2f6">
         <name>.text:signal</name>
         <load_address>0x129ec</load_address>
         <run_address>0x129ec</run_address>
         <size>0x38</size>
         <input_file_ref idref="fl-79"/>
      </object_component>
      <object_component id="oc-1d5">
         <name>.text:_Feraise</name>
         <load_address>0x12a24</load_address>
         <run_address>0x12a24</run_address>
         <size>0x36</size>
         <input_file_ref idref="fl-68"/>
      </object_component>
      <object_component id="oc-158">
         <name>.text</name>
         <load_address>0x12a5a</load_address>
         <run_address>0x12a5a</run_address>
         <size>0x36</size>
         <input_file_ref idref="fl-40"/>
      </object_component>
      <object_component id="oc-24d">
         <name>.text:feraiseexcept</name>
         <load_address>0x12a90</load_address>
         <run_address>0x12a90</run_address>
         <size>0x34</size>
         <input_file_ref idref="fl-70"/>
      </object_component>
      <object_component id="oc-f2">
         <name>.text:read</name>
         <load_address>0x12ac4</load_address>
         <run_address>0x12ac4</run_address>
         <size>0x34</size>
         <input_file_ref idref="fl-2"/>
      </object_component>
      <object_component id="oc-1b3">
         <name>.text:__mspabi_subd</name>
         <load_address>0x12af8</load_address>
         <run_address>0x12af8</run_address>
         <size>0x32</size>
         <input_file_ref idref="fl-65"/>
      </object_component>
      <object_component id="oc-2bf">
         <name>.text:raise</name>
         <load_address>0x12b2a</load_address>
         <run_address>0x12b2a</run_address>
         <size>0x32</size>
         <input_file_ref idref="fl-78"/>
      </object_component>
      <object_component id="oc-fe">
         <name>.text:stc</name>
         <load_address>0x12b5c</load_address>
         <run_address>0x12b5c</run_address>
         <size>0x32</size>
         <input_file_ref idref="fl-2"/>
      </object_component>
      <object_component id="oc-e5">
         <name>.text:write</name>
         <load_address>0x12b8e</load_address>
         <run_address>0x12b8e</run_address>
         <size>0x26</size>
         <input_file_ref idref="fl-2"/>
      </object_component>
      <object_component id="oc-8b">
         <name>.text:decompress:ZI:__TI_zero_init</name>
         <load_address>0x12bb4</load_address>
         <run_address>0x12bb4</run_address>
         <size>0x24</size>
         <input_file_ref idref="fl-36"/>
      </object_component>
      <object_component id="oc-282">
         <name>.text</name>
         <load_address>0x12bd8</load_address>
         <run_address>0x12bd8</run_address>
         <size>0x22</size>
         <input_file_ref idref="fl-61"/>
      </object_component>
      <object_component id="oc-2ad">
         <name>.text</name>
         <load_address>0x12bfa</load_address>
         <run_address>0x12bfa</run_address>
         <size>0x16</size>
         <input_file_ref idref="fl-60"/>
      </object_component>
      <object_component id="oc-b9">
         <name>.text:memcpy</name>
         <load_address>0x12c10</load_address>
         <run_address>0x12c10</run_address>
         <size>0x14</size>
         <input_file_ref idref="fl-5d"/>
      </object_component>
      <object_component id="oc-85">
         <name>.text:decompress:none:__TI_decompress_none</name>
         <load_address>0x12c24</load_address>
         <run_address>0x12c24</run_address>
         <size>0x12</size>
         <input_file_ref idref="fl-34"/>
      </object_component>
      <object_component id="oc-295">
         <name>.text:l_asr</name>
         <load_address>0x12c36</load_address>
         <run_address>0x12c36</run_address>
         <size>0x10</size>
         <input_file_ref idref="fl-6d"/>
      </object_component>
      <object_component id="oc-28b">
         <name>.text:l_lsl</name>
         <load_address>0x12c46</load_address>
         <run_address>0x12c46</run_address>
         <size>0x10</size>
         <input_file_ref idref="fl-5b"/>
      </object_component>
      <object_component id="oc-290">
         <name>.text:l_lsr</name>
         <load_address>0x12c56</load_address>
         <run_address>0x12c56</run_address>
         <size>0x10</size>
         <input_file_ref idref="fl-5c"/>
      </object_component>
      <object_component id="oc-1ad">
         <name>.text:__mspabi_fltid</name>
         <load_address>0x12c66</load_address>
         <run_address>0x12c66</run_address>
         <size>0xc</size>
         <input_file_ref idref="fl-3b"/>
      </object_component>
      <object_component id="oc-174">
         <name>.text</name>
         <load_address>0x12c72</load_address>
         <run_address>0x12c72</run_address>
         <size>0xa</size>
         <input_file_ref idref="fl-32"/>
      </object_component>
      <object_component id="oc-14a">
         <name>.text</name>
         <load_address>0x12c7c</load_address>
         <run_address>0x12c7c</run_address>
         <size>0xa</size>
         <input_file_ref idref="fl-42"/>
      </object_component>
      <object_component id="oc-152">
         <name>.text</name>
         <load_address>0x12c86</load_address>
         <run_address>0x12c86</run_address>
         <size>0xa</size>
         <input_file_ref idref="fl-5a"/>
      </object_component>
      <object_component id="oc-2d3">
         <name>.text</name>
         <load_address>0x12c90</load_address>
         <run_address>0x12c90</run_address>
         <size>0xa</size>
         <input_file_ref idref="fl-7d"/>
      </object_component>
      <object_component id="oc-9b">
         <name>.text:__TI_ISR_TRAP</name>
         <load_address>0x12c9a</load_address>
         <run_address>0x12c9a</run_address>
         <size>0x6</size>
         <input_file_ref idref="fl-59"/>
      </object_component>
      <object_component id="oc-91">
         <name>.text:decompress:rle24:__TI_decompress_rle24</name>
         <load_address>0x12ca0</load_address>
         <run_address>0x12ca0</run_address>
         <size>0x6</size>
         <input_file_ref idref="fl-35"/>
      </object_component>
      <object_component id="oc-1ed">
         <name>.text:logf</name>
         <load_address>0x12ca6</load_address>
         <run_address>0x12ca6</run_address>
         <size>0x6</size>
         <input_file_ref idref="fl-77"/>
      </object_component>
      <object_component id="oc-a0">
         <name>.text:_system_pre_init</name>
         <load_address>0x12cac</load_address>
         <run_address>0x12cac</run_address>
         <size>0x4</size>
         <input_file_ref idref="fl-63"/>
      </object_component>
      <object_component id="oc-b2">
         <name>.text:abort</name>
         <load_address>0x12cb0</load_address>
         <run_address>0x12cb0</run_address>
         <size>0x4</size>
         <input_file_ref idref="fl-3a"/>
      </object_component>
      <object_component id="oc-318">
         <name>.text:_nop</name>
         <load_address>0x12cb4</load_address>
         <run_address>0x12cb4</run_address>
         <size>0x2</size>
         <input_file_ref idref="fl-6b"/>
      </object_component>
      <object_component id="oc-72">
         <name>.text:_isr:_c_int00_noexit</name>
         <load_address>0x4400</load_address>
         <run_address>0x4400</run_address>
         <size>0x1a</size>
         <input_file_ref idref="fl-33"/>
      </object_component>
      <object_component id="oc-392">
         <name>.cinit..data.load</name>
         <load_address>0x4456</load_address>
         <run_address>0x4456</run_address>
         <size>0x37</size>
      </object_component>
      <object_component id="oc-38f">
         <name>__TI_handler_table</name>
         <load_address>0x448e</load_address>
         <run_address>0x448e</run_address>
         <size>0xc</size>
      </object_component>
      <object_component id="oc-391">
         <name>.cinit..bss.load</name>
         <load_address>0x449a</load_address>
         <run_address>0x449a</run_address>
         <size>0x6</size>
      </object_component>
      <object_component id="oc-390">
         <name>__TI_cinit_table</name>
         <load_address>0x44a0</load_address>
         <run_address>0x44a0</run_address>
         <size>0x10</size>
      </object_component>
      <object_component id="oc-248">
         <name>.const:mask$1</name>
         <load_address>0x441a</load_address>
         <run_address>0x441a</run_address>
         <size>0x20</size>
         <input_file_ref idref="fl-66"/>
      </object_component>
      <object_component id="oc-2c8">
         <name>.const:p</name>
         <load_address>0x443a</load_address>
         <run_address>0x443a</run_address>
         <size>0xc</size>
         <input_file_ref idref="fl-7c"/>
      </object_component>
      <object_component id="oc-26a">
         <name>.const:s</name>
         <load_address>0x4446</load_address>
         <run_address>0x4446</run_address>
         <size>0x8</size>
         <input_file_ref idref="fl-69"/>
      </object_component>
      <object_component id="oc-26d">
         <name>.const:c</name>
         <load_address>0x444e</load_address>
         <run_address>0x444e</run_address>
         <size>0x4</size>
         <input_file_ref idref="fl-69"/>
      </object_component>
      <object_component id="oc-249">
         <name>.const:sub$2</name>
         <load_address>0x4452</load_address>
         <run_address>0x4452</run_address>
         <size>0x4</size>
         <input_file_ref idref="fl-66"/>
      </object_component>
      <object_component id="oc-69">
         <name>.int41</name>
         <load_address>0xffd2</load_address>
         <run_address>0xffd2</run_address>
         <size>0x2</size>
         <input_file_ref idref="fl-43"/>
      </object_component>
      <object_component id="oc-6a">
         <name>.int42</name>
         <load_address>0xffd4</load_address>
         <run_address>0xffd4</run_address>
         <size>0x2</size>
         <input_file_ref idref="fl-44"/>
      </object_component>
      <object_component id="oc-6b">
         <name>.int43</name>
         <load_address>0xffd6</load_address>
         <run_address>0xffd6</run_address>
         <size>0x2</size>
         <input_file_ref idref="fl-45"/>
      </object_component>
      <object_component id="oc-6c">
         <name>.int44</name>
         <load_address>0xffd8</load_address>
         <run_address>0xffd8</run_address>
         <size>0x2</size>
         <input_file_ref idref="fl-46"/>
      </object_component>
      <object_component id="oc-6d">
         <name>.int45</name>
         <load_address>0xffda</load_address>
         <run_address>0xffda</run_address>
         <size>0x2</size>
         <input_file_ref idref="fl-47"/>
      </object_component>
      <object_component id="oc-6e">
         <name>.int46</name>
         <load_address>0xffdc</load_address>
         <run_address>0xffdc</run_address>
         <size>0x2</size>
         <input_file_ref idref="fl-48"/>
      </object_component>
      <object_component id="oc-6f">
         <name>.int47</name>
         <load_address>0xffde</load_address>
         <run_address>0xffde</run_address>
         <size>0x2</size>
         <input_file_ref idref="fl-49"/>
      </object_component>
      <object_component id="oc-70">
         <name>.int48</name>
         <load_address>0xffe0</load_address>
         <run_address>0xffe0</run_address>
         <size>0x2</size>
         <input_file_ref idref="fl-4a"/>
      </object_component>
      <object_component id="oc-71">
         <name>.int49</name>
         <load_address>0xffe2</load_address>
         <run_address>0xffe2</run_address>
         <size>0x2</size>
         <input_file_ref idref="fl-4b"/>
      </object_component>
      <object_component id="oc-78">
         <name>.int50</name>
         <load_address>0xffe4</load_address>
         <run_address>0xffe4</run_address>
         <size>0x2</size>
         <input_file_ref idref="fl-4c"/>
      </object_component>
      <object_component id="oc-79">
         <name>.int51</name>
         <load_address>0xffe6</load_address>
         <run_address>0xffe6</run_address>
         <size>0x2</size>
         <input_file_ref idref="fl-4d"/>
      </object_component>
      <object_component id="oc-7a">
         <name>.int52</name>
         <load_address>0xffe8</load_address>
         <run_address>0xffe8</run_address>
         <size>0x2</size>
         <input_file_ref idref="fl-4e"/>
      </object_component>
      <object_component id="oc-7b">
         <name>.int53</name>
         <load_address>0xffea</load_address>
         <run_address>0xffea</run_address>
         <size>0x2</size>
         <input_file_ref idref="fl-4f"/>
      </object_component>
      <object_component id="oc-7c">
         <name>.int54</name>
         <load_address>0xffec</load_address>
         <run_address>0xffec</run_address>
         <size>0x2</size>
         <input_file_ref idref="fl-50"/>
      </object_component>
      <object_component id="oc-7d">
         <name>.int55</name>
         <load_address>0xffee</load_address>
         <run_address>0xffee</run_address>
         <size>0x2</size>
         <input_file_ref idref="fl-51"/>
      </object_component>
      <object_component id="oc-7e">
         <name>.int56</name>
         <load_address>0xfff0</load_address>
         <run_address>0xfff0</run_address>
         <size>0x2</size>
         <input_file_ref idref="fl-52"/>
      </object_component>
      <object_component id="oc-7f">
         <name>.int57</name>
         <load_address>0xfff2</load_address>
         <run_address>0xfff2</run_address>
         <size>0x2</size>
         <input_file_ref idref="fl-53"/>
      </object_component>
      <object_component id="oc-80">
         <name>.int58</name>
         <load_address>0xfff4</load_address>
         <run_address>0xfff4</run_address>
         <size>0x2</size>
         <input_file_ref idref="fl-54"/>
      </object_component>
      <object_component id="oc-81">
         <name>.int59</name>
         <load_address>0xfff6</load_address>
         <run_address>0xfff6</run_address>
         <size>0x2</size>
         <input_file_ref idref="fl-55"/>
      </object_component>
      <object_component id="oc-82">
         <name>.int60</name>
         <load_address>0xfff8</load_address>
         <run_address>0xfff8</run_address>
         <size>0x2</size>
         <input_file_ref idref="fl-56"/>
      </object_component>
      <object_component id="oc-83">
         <name>.int61</name>
         <load_address>0xfffa</load_address>
         <run_address>0xfffa</run_address>
         <size>0x2</size>
         <input_file_ref idref="fl-57"/>
      </object_component>
      <object_component id="oc-84">
         <name>.int62</name>
         <load_address>0xfffc</load_address>
         <run_address>0xfffc</run_address>
         <size>0x2</size>
         <input_file_ref idref="fl-58"/>
      </object_component>
      <object_component id="oc-9a">
         <name>.reset</name>
         <load_address>0xfffe</load_address>
         <run_address>0xfffe</run_address>
         <size>0x2</size>
         <input_file_ref idref="fl-33"/>
      </object_component>
      <object_component id="oc-189">
         <name>.common:i</name>
         <uninitialized>true</uninitialized>
         <run_address>0x2554</run_address>
         <size>0x2</size>
      </object_component>
      <object_component id="oc-18f">
         <name>.common:data</name>
         <uninitialized>true</uninitialized>
         <run_address>0x254a</run_address>
         <size>0xa</size>
      </object_component>
      <object_component id="oc-138">
         <name>.data</name>
         <load_address>0x2518</load_address>
         <run_address>0x2518</run_address>
         <size>0x20</size>
         <input_file_ref idref="fl-2"/>
      </object_component>
      <object_component id="oc-1db">
         <name>.data</name>
         <load_address>0x24b0</load_address>
         <run_address>0x24b0</run_address>
         <size>0x68</size>
         <input_file_ref idref="fl-6a"/>
      </object_component>
      <object_component id="oc-253">
         <name>.data</name>
         <load_address>0x2548</load_address>
         <run_address>0x2548</run_address>
         <size>0x2</size>
         <input_file_ref idref="fl-6f"/>
      </object_component>
      <object_component id="oc-2bc">
         <name>.data</name>
         <load_address>0x2540</load_address>
         <run_address>0x2540</run_address>
         <size>0x8</size>
         <input_file_ref idref="fl-70"/>
      </object_component>
      <object_component id="oc-309">
         <name>.data</name>
         <load_address>0x2538</load_address>
         <run_address>0x2538</run_address>
         <size>0x8</size>
         <input_file_ref idref="fl-6b"/>
      </object_component>
      <object_component id="oc-30c">
         <name>.data:sigtable</name>
         <load_address>0x2400</load_address>
         <run_address>0x2400</run_address>
         <size>0xb0</size>
         <input_file_ref idref="fl-79"/>
      </object_component>
      <object_component id="oc-73">
         <name>.debug_info</name>
         <load_address>0x0</load_address>
         <run_address>0x0</run_address>
         <size>0x125</size>
         <input_file_ref idref="fl-33"/>
      </object_component>
      <object_component id="oc-87">
         <name>.debug_info</name>
         <load_address>0x125</load_address>
         <run_address>0x125</run_address>
         <size>0x194</size>
         <input_file_ref idref="fl-34"/>
      </object_component>
      <object_component id="oc-8e">
         <name>.debug_info</name>
         <load_address>0x2b9</load_address>
         <run_address>0x2b9</run_address>
         <size>0x16f</size>
         <input_file_ref idref="fl-36"/>
      </object_component>
      <object_component id="oc-93">
         <name>.debug_info</name>
         <load_address>0x428</load_address>
         <run_address>0x428</run_address>
         <size>0x18e</size>
         <input_file_ref idref="fl-35"/>
      </object_component>
      <object_component id="oc-98">
         <name>.debug_info</name>
         <load_address>0x5b6</load_address>
         <run_address>0x5b6</run_address>
         <size>0xaa</size>
         <input_file_ref idref="fl-33"/>
      </object_component>
      <object_component id="oc-9d">
         <name>.debug_info</name>
         <load_address>0x660</load_address>
         <run_address>0x660</run_address>
         <size>0xc2</size>
         <input_file_ref idref="fl-59"/>
      </object_component>
      <object_component id="oc-a1">
         <name>.debug_info</name>
         <load_address>0x722</load_address>
         <run_address>0x722</run_address>
         <size>0xfd</size>
         <input_file_ref idref="fl-63"/>
      </object_component>
      <object_component id="oc-a8">
         <name>.debug_info</name>
         <load_address>0x81f</load_address>
         <run_address>0x81f</run_address>
         <size>0x1a0</size>
         <input_file_ref idref="fl-6e"/>
      </object_component>
      <object_component id="oc-ad">
         <name>.debug_info</name>
         <load_address>0x9bf</load_address>
         <run_address>0x9bf</run_address>
         <size>0x154</size>
         <input_file_ref idref="fl-2"/>
      </object_component>
      <object_component id="oc-b3">
         <name>.debug_info</name>
         <load_address>0xb13</load_address>
         <run_address>0xb13</run_address>
         <size>0xcc</size>
         <input_file_ref idref="fl-3a"/>
      </object_component>
      <object_component id="oc-bb">
         <name>.debug_info</name>
         <load_address>0xbdf</load_address>
         <run_address>0xbdf</run_address>
         <size>0x157</size>
         <input_file_ref idref="fl-5d"/>
      </object_component>
      <object_component id="oc-c0">
         <name>.debug_info</name>
         <load_address>0xd36</load_address>
         <run_address>0xd36</run_address>
         <size>0x46</size>
         <input_file_ref idref="fl-34"/>
      </object_component>
      <object_component id="oc-c5">
         <name>.debug_info</name>
         <load_address>0xd7c</load_address>
         <run_address>0xd7c</run_address>
         <size>0x17b</size>
         <input_file_ref idref="fl-34"/>
      </object_component>
      <object_component id="oc-c7">
         <name>.debug_info</name>
         <load_address>0xef7</load_address>
         <run_address>0xef7</run_address>
         <size>0x46</size>
         <input_file_ref idref="fl-36"/>
      </object_component>
      <object_component id="oc-cc">
         <name>.debug_info</name>
         <load_address>0xf3d</load_address>
         <run_address>0xf3d</run_address>
         <size>0x129</size>
         <input_file_ref idref="fl-36"/>
      </object_component>
      <object_component id="oc-d0">
         <name>.debug_info</name>
         <load_address>0x1066</load_address>
         <run_address>0x1066</run_address>
         <size>0x1ef</size>
         <input_file_ref idref="fl-35"/>
      </object_component>
      <object_component id="oc-d4">
         <name>.debug_info</name>
         <load_address>0x1255</load_address>
         <run_address>0x1255</run_address>
         <size>0x138</size>
         <input_file_ref idref="fl-35"/>
      </object_component>
      <object_component id="oc-d5">
         <name>.debug_info</name>
         <load_address>0x138d</load_address>
         <run_address>0x138d</run_address>
         <size>0x39</size>
         <input_file_ref idref="fl-35"/>
      </object_component>
      <object_component id="oc-dc">
         <name>.debug_info</name>
         <load_address>0x13c6</load_address>
         <run_address>0x13c6</run_address>
         <size>0x84</size>
         <input_file_ref idref="fl-2"/>
      </object_component>
      <object_component id="oc-e4">
         <name>.debug_info</name>
         <load_address>0x144a</load_address>
         <run_address>0x144a</run_address>
         <size>0x2d8</size>
         <input_file_ref idref="fl-6e"/>
      </object_component>
      <object_component id="oc-e6">
         <name>.debug_info</name>
         <load_address>0x1722</load_address>
         <run_address>0x1722</run_address>
         <size>0x119</size>
         <input_file_ref idref="fl-2"/>
      </object_component>
      <object_component id="oc-ec">
         <name>.debug_info</name>
         <load_address>0x183b</load_address>
         <run_address>0x183b</run_address>
         <size>0x3bb</size>
         <input_file_ref idref="fl-2"/>
      </object_component>
      <object_component id="oc-f3">
         <name>.debug_info</name>
         <load_address>0x1bf6</load_address>
         <run_address>0x1bf6</run_address>
         <size>0x148</size>
         <input_file_ref idref="fl-2"/>
      </object_component>
      <object_component id="oc-f9">
         <name>.debug_info</name>
         <load_address>0x1d3e</load_address>
         <run_address>0x1d3e</run_address>
         <size>0x3a4</size>
         <input_file_ref idref="fl-2"/>
      </object_component>
      <object_component id="oc-ff">
         <name>.debug_info</name>
         <load_address>0x20e2</load_address>
         <run_address>0x20e2</run_address>
         <size>0xf3</size>
         <input_file_ref idref="fl-2"/>
      </object_component>
      <object_component id="oc-10e">
         <name>.debug_info</name>
         <load_address>0x21d5</load_address>
         <run_address>0x21d5</run_address>
         <size>0x27c</size>
         <input_file_ref idref="fl-2"/>
      </object_component>
      <object_component id="oc-116">
         <name>.debug_info</name>
         <load_address>0x2451</load_address>
         <run_address>0x2451</run_address>
         <size>0x13b</size>
         <input_file_ref idref="fl-5d"/>
      </object_component>
      <object_component id="oc-117">
         <name>.debug_info</name>
         <load_address>0x258c</load_address>
         <run_address>0x258c</run_address>
         <size>0x2c</size>
         <input_file_ref idref="fl-5d"/>
      </object_component>
      <object_component id="oc-11e">
         <name>.debug_info</name>
         <load_address>0x25b8</load_address>
         <run_address>0x25b8</run_address>
         <size>0x2c</size>
         <input_file_ref idref="fl-34"/>
      </object_component>
      <object_component id="oc-12a">
         <name>.debug_info</name>
         <load_address>0x25e4</load_address>
         <run_address>0x25e4</run_address>
         <size>0x39</size>
         <input_file_ref idref="fl-6e"/>
      </object_component>
      <object_component id="oc-130">
         <name>.debug_info</name>
         <load_address>0x261d</load_address>
         <run_address>0x261d</run_address>
         <size>0x18b</size>
         <input_file_ref idref="fl-2"/>
      </object_component>
      <object_component id="oc-139">
         <name>.debug_info</name>
         <load_address>0x27a8</load_address>
         <run_address>0x27a8</run_address>
         <size>0x197</size>
         <input_file_ref idref="fl-2"/>
      </object_component>
      <object_component id="oc-145">
         <name>.debug_info</name>
         <load_address>0x293f</load_address>
         <run_address>0x293f</run_address>
         <size>0x68e</size>
         <input_file_ref idref="fl-62"/>
      </object_component>
      <object_component id="oc-14d">
         <name>.debug_info</name>
         <load_address>0x2fcd</load_address>
         <run_address>0x2fcd</run_address>
         <size>0xd4</size>
         <input_file_ref idref="fl-42"/>
      </object_component>
      <object_component id="oc-153">
         <name>.debug_info</name>
         <load_address>0x30a1</load_address>
         <run_address>0x30a1</run_address>
         <size>0xd3</size>
         <input_file_ref idref="fl-5a"/>
      </object_component>
      <object_component id="oc-159">
         <name>.debug_info</name>
         <load_address>0x3174</load_address>
         <run_address>0x3174</run_address>
         <size>0xdd</size>
         <input_file_ref idref="fl-40"/>
      </object_component>
      <object_component id="oc-15f">
         <name>.debug_info</name>
         <load_address>0x3251</load_address>
         <run_address>0x3251</run_address>
         <size>0xd4</size>
         <input_file_ref idref="fl-3f"/>
      </object_component>
      <object_component id="oc-176">
         <name>.debug_info</name>
         <load_address>0x3325</load_address>
         <run_address>0x3325</run_address>
         <size>0xd3</size>
         <input_file_ref idref="fl-32"/>
      </object_component>
      <object_component id="oc-192">
         <name>.debug_info</name>
         <load_address>0x33f8</load_address>
         <run_address>0x33f8</run_address>
         <size>0xd4</size>
         <input_file_ref idref="fl-41"/>
      </object_component>
      <object_component id="oc-197">
         <name>.debug_info</name>
         <load_address>0x34cc</load_address>
         <run_address>0x34cc</run_address>
         <size>0x156</size>
         <input_file_ref idref="fl-38"/>
      </object_component>
      <object_component id="oc-19c">
         <name>.debug_info</name>
         <load_address>0x3622</load_address>
         <run_address>0x3622</run_address>
         <size>0x20d</size>
         <input_file_ref idref="fl-5f"/>
      </object_component>
      <object_component id="oc-1a2">
         <name>.debug_info</name>
         <load_address>0x382f</load_address>
         <run_address>0x382f</run_address>
         <size>0x1dc</size>
         <input_file_ref idref="fl-31"/>
      </object_component>
      <object_component id="oc-1aa">
         <name>.debug_info</name>
         <load_address>0x3a0b</load_address>
         <run_address>0x3a0b</run_address>
         <size>0x181</size>
         <input_file_ref idref="fl-37"/>
      </object_component>
      <object_component id="oc-1b0">
         <name>.debug_info</name>
         <load_address>0x3b8c</load_address>
         <run_address>0x3b8c</run_address>
         <size>0x11b</size>
         <input_file_ref idref="fl-3b"/>
      </object_component>
      <object_component id="oc-1b4">
         <name>.debug_info</name>
         <load_address>0x3ca7</load_address>
         <run_address>0x3ca7</run_address>
         <size>0x169</size>
         <input_file_ref idref="fl-65"/>
      </object_component>
      <object_component id="oc-1ba">
         <name>.debug_info</name>
         <load_address>0x3e10</load_address>
         <run_address>0x3e10</run_address>
         <size>0x1fc</size>
         <input_file_ref idref="fl-39"/>
      </object_component>
      <object_component id="oc-1c5">
         <name>.debug_info</name>
         <load_address>0x400c</load_address>
         <run_address>0x400c</run_address>
         <size>0x14a</size>
         <input_file_ref idref="fl-67"/>
      </object_component>
      <object_component id="oc-1cb">
         <name>.debug_info</name>
         <load_address>0x4156</load_address>
         <run_address>0x4156</run_address>
         <size>0x181</size>
         <input_file_ref idref="fl-66"/>
      </object_component>
      <object_component id="oc-1d2">
         <name>.debug_info</name>
         <load_address>0x42d7</load_address>
         <run_address>0x42d7</run_address>
         <size>0xe0</size>
         <input_file_ref idref="fl-72"/>
      </object_component>
      <object_component id="oc-1d8">
         <name>.debug_info</name>
         <load_address>0x43b7</load_address>
         <run_address>0x43b7</run_address>
         <size>0x127</size>
         <input_file_ref idref="fl-68"/>
      </object_component>
      <object_component id="oc-1dc">
         <name>.debug_info</name>
         <load_address>0x44de</load_address>
         <run_address>0x44de</run_address>
         <size>0x179</size>
         <input_file_ref idref="fl-6a"/>
      </object_component>
      <object_component id="oc-1e0">
         <name>.debug_info</name>
         <load_address>0x4657</load_address>
         <run_address>0x4657</run_address>
         <size>0xea</size>
         <input_file_ref idref="fl-76"/>
      </object_component>
      <object_component id="oc-1e5">
         <name>.debug_info</name>
         <load_address>0x4741</load_address>
         <run_address>0x4741</run_address>
         <size>0xdf</size>
         <input_file_ref idref="fl-74"/>
      </object_component>
      <object_component id="oc-1e9">
         <name>.debug_info</name>
         <load_address>0x4820</load_address>
         <run_address>0x4820</run_address>
         <size>0xe8</size>
         <input_file_ref idref="fl-75"/>
      </object_component>
      <object_component id="oc-1ee">
         <name>.debug_info</name>
         <load_address>0x4908</load_address>
         <run_address>0x4908</run_address>
         <size>0x102</size>
         <input_file_ref idref="fl-77"/>
      </object_component>
      <object_component id="oc-1f4">
         <name>.debug_info</name>
         <load_address>0x4a0a</load_address>
         <run_address>0x4a0a</run_address>
         <size>0xd4</size>
         <input_file_ref idref="fl-73"/>
      </object_component>
      <object_component id="oc-1fb">
         <name>.debug_info</name>
         <load_address>0x4ade</load_address>
         <run_address>0x4ade</run_address>
         <size>0x3d5</size>
         <input_file_ref idref="fl-69"/>
      </object_component>
      <object_component id="oc-1ff">
         <name>.debug_info</name>
         <load_address>0x4eb3</load_address>
         <run_address>0x4eb3</run_address>
         <size>0x2b6</size>
         <input_file_ref idref="fl-62"/>
      </object_component>
      <object_component id="oc-208">
         <name>.debug_info</name>
         <load_address>0x5169</load_address>
         <run_address>0x5169</run_address>
         <size>0xd9</size>
         <input_file_ref idref="fl-6d"/>
      </object_component>
      <object_component id="oc-20c">
         <name>.debug_info</name>
         <load_address>0x5242</load_address>
         <run_address>0x5242</run_address>
         <size>0x1b7</size>
         <input_file_ref idref="fl-38"/>
      </object_component>
      <object_component id="oc-20d">
         <name>.debug_info</name>
         <load_address>0x53f9</load_address>
         <run_address>0x53f9</run_address>
         <size>0xdb</size>
         <input_file_ref idref="fl-37"/>
      </object_component>
      <object_component id="oc-214">
         <name>.debug_info</name>
         <load_address>0x54d4</load_address>
         <run_address>0x54d4</run_address>
         <size>0x313</size>
         <input_file_ref idref="fl-71"/>
      </object_component>
      <object_component id="oc-219">
         <name>.debug_info</name>
         <load_address>0x57e7</load_address>
         <run_address>0x57e7</run_address>
         <size>0x1d1</size>
         <input_file_ref idref="fl-5f"/>
      </object_component>
      <object_component id="oc-21a">
         <name>.debug_info</name>
         <load_address>0x59b8</load_address>
         <run_address>0x59b8</run_address>
         <size>0x94</size>
         <input_file_ref idref="fl-31"/>
      </object_component>
      <object_component id="oc-223">
         <name>.debug_info</name>
         <load_address>0x5a4c</load_address>
         <run_address>0x5a4c</run_address>
         <size>0x266</size>
         <input_file_ref idref="fl-3d"/>
      </object_component>
      <object_component id="oc-226">
         <name>.debug_info</name>
         <load_address>0x5cb2</load_address>
         <run_address>0x5cb2</run_address>
         <size>0x1d6</size>
         <input_file_ref idref="fl-31"/>
      </object_component>
      <object_component id="oc-22a">
         <name>.debug_info</name>
         <load_address>0x5e88</load_address>
         <run_address>0x5e88</run_address>
         <size>0xd9</size>
         <input_file_ref idref="fl-5b"/>
      </object_component>
      <object_component id="oc-22d">
         <name>.debug_info</name>
         <load_address>0x5f61</load_address>
         <run_address>0x5f61</run_address>
         <size>0x194</size>
         <input_file_ref idref="fl-37"/>
      </object_component>
      <object_component id="oc-232">
         <name>.debug_info</name>
         <load_address>0x60f5</load_address>
         <run_address>0x60f5</run_address>
         <size>0x19d</size>
         <input_file_ref idref="fl-3c"/>
      </object_component>
      <object_component id="oc-235">
         <name>.debug_info</name>
         <load_address>0x6292</load_address>
         <run_address>0x6292</run_address>
         <size>0x194</size>
         <input_file_ref idref="fl-3b"/>
      </object_component>
      <object_component id="oc-237">
         <name>.debug_info</name>
         <load_address>0x6426</load_address>
         <run_address>0x6426</run_address>
         <size>0x193</size>
         <input_file_ref idref="fl-65"/>
      </object_component>
      <object_component id="oc-239">
         <name>.debug_info</name>
         <load_address>0x65b9</load_address>
         <run_address>0x65b9</run_address>
         <size>0x565</size>
         <input_file_ref idref="fl-3e"/>
      </object_component>
      <object_component id="oc-23f">
         <name>.debug_info</name>
         <load_address>0x6b1e</load_address>
         <run_address>0x6b1e</run_address>
         <size>0x1d1</size>
         <input_file_ref idref="fl-39"/>
      </object_component>
      <object_component id="oc-242">
         <name>.debug_info</name>
         <load_address>0x6cef</load_address>
         <run_address>0x6cef</run_address>
         <size>0x126</size>
         <input_file_ref idref="fl-7a"/>
      </object_component>
      <object_component id="oc-247">
         <name>.debug_info</name>
         <load_address>0x6e15</load_address>
         <run_address>0x6e15</run_address>
         <size>0x1c7</size>
         <input_file_ref idref="fl-67"/>
      </object_component>
      <object_component id="oc-24b">
         <name>.debug_info</name>
         <load_address>0x6fdc</load_address>
         <run_address>0x6fdc</run_address>
         <size>0x1c5</size>
         <input_file_ref idref="fl-66"/>
      </object_component>
      <object_component id="oc-24e">
         <name>.debug_info</name>
         <load_address>0x71a1</load_address>
         <run_address>0x71a1</run_address>
         <size>0x143</size>
         <input_file_ref idref="fl-70"/>
      </object_component>
      <object_component id="oc-254">
         <name>.debug_info</name>
         <load_address>0x72e4</load_address>
         <run_address>0x72e4</run_address>
         <size>0xaa</size>
         <input_file_ref idref="fl-6f"/>
      </object_component>
      <object_component id="oc-259">
         <name>.debug_info</name>
         <load_address>0x738e</load_address>
         <run_address>0x738e</run_address>
         <size>0x86</size>
         <input_file_ref idref="fl-62"/>
      </object_component>
      <object_component id="oc-262">
         <name>.debug_info</name>
         <load_address>0x7414</load_address>
         <run_address>0x7414</run_address>
         <size>0x44d</size>
         <input_file_ref idref="fl-7c"/>
      </object_component>
      <object_component id="oc-268">
         <name>.debug_info</name>
         <load_address>0x7861</load_address>
         <run_address>0x7861</run_address>
         <size>0x1b8</size>
         <input_file_ref idref="fl-77"/>
      </object_component>
      <object_component id="oc-26b">
         <name>.debug_info</name>
         <load_address>0x7a19</load_address>
         <run_address>0x7a19</run_address>
         <size>0xa0</size>
         <input_file_ref idref="fl-69"/>
      </object_component>
      <object_component id="oc-26e">
         <name>.debug_info</name>
         <load_address>0x7ab9</load_address>
         <run_address>0x7ab9</run_address>
         <size>0xa0</size>
         <input_file_ref idref="fl-69"/>
      </object_component>
      <object_component id="oc-273">
         <name>.debug_info</name>
         <load_address>0x7b59</load_address>
         <run_address>0x7b59</run_address>
         <size>0x1c6</size>
         <input_file_ref idref="fl-7b"/>
      </object_component>
      <object_component id="oc-277">
         <name>.debug_info</name>
         <load_address>0x7d1f</load_address>
         <run_address>0x7d1f</run_address>
         <size>0x21f</size>
         <input_file_ref idref="fl-69"/>
      </object_component>
      <object_component id="oc-27f">
         <name>.debug_info</name>
         <load_address>0x7f3e</load_address>
         <run_address>0x7f3e</run_address>
         <size>0xd9</size>
         <input_file_ref idref="fl-5c"/>
      </object_component>
      <object_component id="oc-284">
         <name>.debug_info</name>
         <load_address>0x8017</load_address>
         <run_address>0x8017</run_address>
         <size>0xe3</size>
         <input_file_ref idref="fl-61"/>
      </object_component>
      <object_component id="oc-288">
         <name>.debug_info</name>
         <load_address>0x80fa</load_address>
         <run_address>0x80fa</run_address>
         <size>0x1b8</size>
         <input_file_ref idref="fl-71"/>
      </object_component>
      <object_component id="oc-28e">
         <name>.debug_info</name>
         <load_address>0x82b2</load_address>
         <run_address>0x82b2</run_address>
         <size>0xd3</size>
         <input_file_ref idref="fl-5b"/>
      </object_component>
      <object_component id="oc-292">
         <name>.debug_info</name>
         <load_address>0x8385</load_address>
         <run_address>0x8385</run_address>
         <size>0xd3</size>
         <input_file_ref idref="fl-5c"/>
      </object_component>
      <object_component id="oc-297">
         <name>.debug_info</name>
         <load_address>0x8458</load_address>
         <run_address>0x8458</run_address>
         <size>0xd3</size>
         <input_file_ref idref="fl-6d"/>
      </object_component>
      <object_component id="oc-29b">
         <name>.debug_info</name>
         <load_address>0x852b</load_address>
         <run_address>0x852b</run_address>
         <size>0x187</size>
         <input_file_ref idref="fl-64"/>
      </object_component>
      <object_component id="oc-2a1">
         <name>.debug_info</name>
         <load_address>0x86b2</load_address>
         <run_address>0x86b2</run_address>
         <size>0x1ca</size>
         <input_file_ref idref="fl-3d"/>
      </object_component>
      <object_component id="oc-2a8">
         <name>.debug_info</name>
         <load_address>0x887c</load_address>
         <run_address>0x887c</run_address>
         <size>0x195</size>
         <input_file_ref idref="fl-3c"/>
      </object_component>
      <object_component id="oc-2af">
         <name>.debug_info</name>
         <load_address>0x8a11</load_address>
         <run_address>0x8a11</run_address>
         <size>0xe3</size>
         <input_file_ref idref="fl-60"/>
      </object_component>
      <object_component id="oc-2b3">
         <name>.debug_info</name>
         <load_address>0x8af4</load_address>
         <run_address>0x8af4</run_address>
         <size>0x19c</size>
         <input_file_ref idref="fl-3e"/>
      </object_component>
      <object_component id="oc-2b7">
         <name>.debug_info</name>
         <load_address>0x8c90</load_address>
         <run_address>0x8c90</run_address>
         <size>0x19c</size>
         <input_file_ref idref="fl-7a"/>
      </object_component>
      <object_component id="oc-2bd">
         <name>.debug_info</name>
         <load_address>0x8e2c</load_address>
         <run_address>0x8e2c</run_address>
         <size>0xe2</size>
         <input_file_ref idref="fl-70"/>
      </object_component>
      <object_component id="oc-2c0">
         <name>.debug_info</name>
         <load_address>0x8f0e</load_address>
         <run_address>0x8f0e</run_address>
         <size>0x128</size>
         <input_file_ref idref="fl-78"/>
      </object_component>
      <object_component id="oc-2c9">
         <name>.debug_info</name>
         <load_address>0x9036</load_address>
         <run_address>0x9036</run_address>
         <size>0xa0</size>
         <input_file_ref idref="fl-7c"/>
      </object_component>
      <object_component id="oc-2cc">
         <name>.debug_info</name>
         <load_address>0x90d6</load_address>
         <run_address>0x90d6</run_address>
         <size>0x23d</size>
         <input_file_ref idref="fl-7c"/>
      </object_component>
      <object_component id="oc-2d4">
         <name>.debug_info</name>
         <load_address>0x9313</load_address>
         <run_address>0x9313</run_address>
         <size>0xd3</size>
         <input_file_ref idref="fl-7d"/>
      </object_component>
      <object_component id="oc-2d9">
         <name>.debug_info</name>
         <load_address>0x93e6</load_address>
         <run_address>0x93e6</run_address>
         <size>0x1db</size>
         <input_file_ref idref="fl-7b"/>
      </object_component>
      <object_component id="oc-2e4">
         <name>.debug_info</name>
         <load_address>0x95c1</load_address>
         <run_address>0x95c1</run_address>
         <size>0x19c</size>
         <input_file_ref idref="fl-64"/>
      </object_component>
      <object_component id="oc-2f0">
         <name>.debug_info</name>
         <load_address>0x975d</load_address>
         <run_address>0x975d</run_address>
         <size>0x6f</size>
         <input_file_ref idref="fl-70"/>
      </object_component>
      <object_component id="oc-2f5">
         <name>.debug_info</name>
         <load_address>0x97cc</load_address>
         <run_address>0x97cc</run_address>
         <size>0x1be</size>
         <input_file_ref idref="fl-70"/>
      </object_component>
      <object_component id="oc-2f7">
         <name>.debug_info</name>
         <load_address>0x998a</load_address>
         <run_address>0x998a</run_address>
         <size>0x138</size>
         <input_file_ref idref="fl-79"/>
      </object_component>
      <object_component id="oc-2fd">
         <name>.debug_info</name>
         <load_address>0x9ac2</load_address>
         <run_address>0x9ac2</run_address>
         <size>0x14d</size>
         <input_file_ref idref="fl-78"/>
      </object_component>
      <object_component id="oc-30a">
         <name>.debug_info</name>
         <load_address>0x9c0f</load_address>
         <run_address>0x9c0f</run_address>
         <size>0xc8</size>
         <input_file_ref idref="fl-6b"/>
      </object_component>
      <object_component id="oc-30d">
         <name>.debug_info</name>
         <load_address>0x9cd7</load_address>
         <run_address>0x9cd7</run_address>
         <size>0xaf</size>
         <input_file_ref idref="fl-79"/>
      </object_component>
      <object_component id="oc-310">
         <name>.debug_info</name>
         <load_address>0x9d86</load_address>
         <run_address>0x9d86</run_address>
         <size>0x16d</size>
         <input_file_ref idref="fl-79"/>
      </object_component>
      <object_component id="oc-313">
         <name>.debug_info</name>
         <load_address>0x9ef3</load_address>
         <run_address>0x9ef3</run_address>
         <size>0x2c</size>
         <input_file_ref idref="fl-78"/>
      </object_component>
      <object_component id="oc-31a">
         <name>.debug_info</name>
         <load_address>0x9f1f</load_address>
         <run_address>0x9f1f</run_address>
         <size>0xd8</size>
         <input_file_ref idref="fl-6b"/>
      </object_component>
      <object_component id="oc-320">
         <name>.debug_info</name>
         <load_address>0x9ff7</load_address>
         <run_address>0x9ff7</run_address>
         <size>0x112</size>
         <input_file_ref idref="fl-6b"/>
      </object_component>
      <object_component id="oc-395">
         <name>.debug_info</name>
         <load_address>0xa109</load_address>
         <run_address>0xa109</run_address>
         <size>0xa9</size>
      </object_component>
      <object_component id="oc-74">
         <name>.debug_aranges</name>
         <load_address>0x0</load_address>
         <run_address>0x0</run_address>
         <size>0x20</size>
         <input_file_ref idref="fl-33"/>
      </object_component>
      <object_component id="oc-88">
         <name>.debug_aranges</name>
         <load_address>0x20</load_address>
         <run_address>0x20</run_address>
         <size>0x20</size>
         <input_file_ref idref="fl-34"/>
      </object_component>
      <object_component id="oc-90">
         <name>.debug_aranges</name>
         <load_address>0x40</load_address>
         <run_address>0x40</run_address>
         <size>0x20</size>
         <input_file_ref idref="fl-36"/>
      </object_component>
      <object_component id="oc-92">
         <name>.debug_aranges</name>
         <load_address>0x60</load_address>
         <run_address>0x60</run_address>
         <size>0x20</size>
         <input_file_ref idref="fl-35"/>
      </object_component>
      <object_component id="oc-9f">
         <name>.debug_aranges</name>
         <load_address>0x80</load_address>
         <run_address>0x80</run_address>
         <size>0x20</size>
         <input_file_ref idref="fl-59"/>
      </object_component>
      <object_component id="oc-a3">
         <name>.debug_aranges</name>
         <load_address>0xa0</load_address>
         <run_address>0xa0</run_address>
         <size>0x20</size>
         <input_file_ref idref="fl-63"/>
      </object_component>
      <object_component id="oc-a7">
         <name>.debug_aranges</name>
         <load_address>0xc0</load_address>
         <run_address>0xc0</run_address>
         <size>0x20</size>
         <input_file_ref idref="fl-6e"/>
      </object_component>
      <object_component id="oc-ae">
         <name>.debug_aranges</name>
         <load_address>0xe0</load_address>
         <run_address>0xe0</run_address>
         <size>0x20</size>
         <input_file_ref idref="fl-2"/>
      </object_component>
      <object_component id="oc-b5">
         <name>.debug_aranges</name>
         <load_address>0x100</load_address>
         <run_address>0x100</run_address>
         <size>0x20</size>
         <input_file_ref idref="fl-3a"/>
      </object_component>
      <object_component id="oc-ba">
         <name>.debug_aranges</name>
         <load_address>0x120</load_address>
         <run_address>0x120</run_address>
         <size>0x20</size>
         <input_file_ref idref="fl-5d"/>
      </object_component>
      <object_component id="oc-d1">
         <name>.debug_aranges</name>
         <load_address>0x140</load_address>
         <run_address>0x140</run_address>
         <size>0x20</size>
         <input_file_ref idref="fl-35"/>
      </object_component>
      <object_component id="oc-e8">
         <name>.debug_aranges</name>
         <load_address>0x160</load_address>
         <run_address>0x160</run_address>
         <size>0x20</size>
         <input_file_ref idref="fl-2"/>
      </object_component>
      <object_component id="oc-f5">
         <name>.debug_aranges</name>
         <load_address>0x180</load_address>
         <run_address>0x180</run_address>
         <size>0x20</size>
         <input_file_ref idref="fl-2"/>
      </object_component>
      <object_component id="oc-fb">
         <name>.debug_aranges</name>
         <load_address>0x1a0</load_address>
         <run_address>0x1a0</run_address>
         <size>0x20</size>
         <input_file_ref idref="fl-2"/>
      </object_component>
      <object_component id="oc-101">
         <name>.debug_aranges</name>
         <load_address>0x1c0</load_address>
         <run_address>0x1c0</run_address>
         <size>0x20</size>
         <input_file_ref idref="fl-2"/>
      </object_component>
      <object_component id="oc-110">
         <name>.debug_aranges</name>
         <load_address>0x1e0</load_address>
         <run_address>0x1e0</run_address>
         <size>0x20</size>
         <input_file_ref idref="fl-2"/>
      </object_component>
      <object_component id="oc-147">
         <name>.debug_aranges</name>
         <load_address>0x200</load_address>
         <run_address>0x200</run_address>
         <size>0x40</size>
         <input_file_ref idref="fl-62"/>
      </object_component>
      <object_component id="oc-14c">
         <name>.debug_aranges</name>
         <load_address>0x240</load_address>
         <run_address>0x240</run_address>
         <size>0x20</size>
         <input_file_ref idref="fl-42"/>
      </object_component>
      <object_component id="oc-155">
         <name>.debug_aranges</name>
         <load_address>0x260</load_address>
         <run_address>0x260</run_address>
         <size>0x20</size>
         <input_file_ref idref="fl-5a"/>
      </object_component>
      <object_component id="oc-15b">
         <name>.debug_aranges</name>
         <load_address>0x280</load_address>
         <run_address>0x280</run_address>
         <size>0x20</size>
         <input_file_ref idref="fl-40"/>
      </object_component>
      <object_component id="oc-15e">
         <name>.debug_aranges</name>
         <load_address>0x2a0</load_address>
         <run_address>0x2a0</run_address>
         <size>0x20</size>
         <input_file_ref idref="fl-3f"/>
      </object_component>
      <object_component id="oc-177">
         <name>.debug_aranges</name>
         <load_address>0x2c0</load_address>
         <run_address>0x2c0</run_address>
         <size>0x20</size>
         <input_file_ref idref="fl-32"/>
      </object_component>
      <object_component id="oc-191">
         <name>.debug_aranges</name>
         <load_address>0x2e0</load_address>
         <run_address>0x2e0</run_address>
         <size>0x20</size>
         <input_file_ref idref="fl-41"/>
      </object_component>
      <object_component id="oc-199">
         <name>.debug_aranges</name>
         <load_address>0x300</load_address>
         <run_address>0x300</run_address>
         <size>0x20</size>
         <input_file_ref idref="fl-38"/>
      </object_component>
      <object_component id="oc-19e">
         <name>.debug_aranges</name>
         <load_address>0x320</load_address>
         <run_address>0x320</run_address>
         <size>0x20</size>
         <input_file_ref idref="fl-5f"/>
      </object_component>
      <object_component id="oc-1a3">
         <name>.debug_aranges</name>
         <load_address>0x340</load_address>
         <run_address>0x340</run_address>
         <size>0x20</size>
         <input_file_ref idref="fl-31"/>
      </object_component>
      <object_component id="oc-1a9">
         <name>.debug_aranges</name>
         <load_address>0x360</load_address>
         <run_address>0x360</run_address>
         <size>0x20</size>
         <input_file_ref idref="fl-37"/>
      </object_component>
      <object_component id="oc-1ae">
         <name>.debug_aranges</name>
         <load_address>0x380</load_address>
         <run_address>0x380</run_address>
         <size>0x20</size>
         <input_file_ref idref="fl-3b"/>
      </object_component>
[...]
         <value>0x12cb0</value>
         <object_component_ref idref="oc-b2"/>
      </symbol>
      <symbol id="sm-4a3">
         <name>abort</name>
         <value>0x12cb0</value>
         <object_component_ref idref="oc-b2"/>
      </symbol>
      <symbol id="sm-4af">
         <name>__mspabi_fltid</name>
         <value>0x12c66</value>
         <object_component_ref idref="oc-1ad"/>
      </symbol>
      <symbol id="sm-4c7">
         <name>__mspabi_fltlid</name>
         <value>0x12354</value>
         <object_component_ref idref="oc-22e"/>
      </symbol>
      <symbol id="sm-4e8">
         <name>__TI_frcaddd</name>
         <value>0x1192c</value>
         <object_component_ref idref="oc-21f"/>
      </symbol>
      <symbol id="sm-503">
         <name>__TI_frcdivd</name>
         <value>0x104aa</value>
         <object_component_ref idref="oc-238"/>
      </symbol>
      <symbol id="sm-51e">
         <name>__mspabi_subf</name>
         <value>0x11eea</value>
         <object_component_ref idref="oc-15d"/>
      </symbol>
      <symbol id="sm-51f">
         <name>__mspabi_addf</name>
         <value>0x11ef0</value>
         <object_component_ref idref="oc-15d"/>
      </symbol>
      <symbol id="sm-52c">
         <name>__mspabi_fltif</name>
         <value>0x12a5a</value>
         <object_component_ref idref="oc-158"/>
      </symbol>
      <symbol id="sm-543">
         <name>__mspabi_mpyf</name>
         <value>0x121ec</value>
         <object_component_ref idref="oc-190"/>
      </symbol>
      <symbol id="sm-54c">
         <name>__mspabi_negf</name>
         <value>0x12c7c</value>
         <object_component_ref idref="oc-14a"/>
      </symbol>
      <symbol id="sm-54f">
         <name>__TI_int41</name>
         <value>0xffd2</value>
         <object_component_ref idref="oc-69"/>
      </symbol>
      <symbol id="sm-552">
         <name>__TI_int42</name>
         <value>0xffd4</value>
         <object_component_ref idref="oc-6a"/>
      </symbol>
      <symbol id="sm-555">
         <name>__TI_int43</name>
         <value>0xffd6</value>
         <object_component_ref idref="oc-6b"/>
      </symbol>
      <symbol id="sm-558">
         <name>__TI_int44</name>
         <value>0xffd8</value>
         <object_component_ref idref="oc-6c"/>
      </symbol>
      <symbol id="sm-55b">
         <name>__TI_int45</name>
         <value>0xffda</value>
         <object_component_ref idref="oc-6d"/>
      </symbol>
      <symbol id="sm-55e">
         <name>__TI_int46</name>
         <value>0xffdc</value>
         <object_component_ref idref="oc-6e"/>
      </symbol>
      <symbol id="sm-561">
         <name>__TI_int47</name>
         <value>0xffde</value>
         <object_component_ref idref="oc-6f"/>
      </symbol>
      <symbol id="sm-564">
         <name>__TI_int48</name>
         <value>0xffe0</value>
         <object_component_ref idref="oc-70"/>
      </symbol>
      <symbol id="sm-567">
         <name>__TI_int49</name>
         <value>0xffe2</value>
         <object_component_ref idref="oc-71"/>
      </symbol>
      <symbol id="sm-56a">
         <name>__TI_int50</name>
         <value>0xffe4</value>
         <object_component_ref idref="oc-78"/>
      </symbol>
      <symbol id="sm-56d">
         <name>__TI_int51</name>
         <value>0xffe6</value>
         <object_component_ref idref="oc-79"/>
      </symbol>
      <symbol id="sm-570">
         <name>__TI_int52</name>
         <value>0xffe8</value>
         <object_component_ref idref="oc-7a"/>
      </symbol>
      <symbol id="sm-573">
         <name>__TI_int53</name>
         <value>0xffea</value>
         <object_component_ref idref="oc-7b"/>
      </symbol>
      <symbol id="sm-576">
         <name>__TI_int54</name>
         <value>0xffec</value>
         <object_component_ref idref="oc-7c"/>
      </symbol>
      <symbol id="sm-579">
         <name>__TI_int55</name>
         <value>0xffee</value>
         <object_component_ref idref="oc-7d"/>
      </symbol>
      <symbol id="sm-57c">
         <name>__TI_int56</name>
         <value>0xfff0</value>
         <object_component_ref idref="oc-7e"/>
      </symbol>
      <symbol id="sm-57f">
         <name>__TI_int57</name>
         <value>0xfff2</value>
         <object_component_ref idref="oc-7f"/>
      </symbol>
      <symbol id="sm-582">
         <name>__TI_int58</name>
         <value>0xfff4</value>
         <object_component_ref idref="oc-80"/>
      </symbol>
      <symbol id="sm-585">
         <name>__TI_int59</name>
         <value>0xfff6</value>
         <object_component_ref idref="oc-81"/>
      </symbol>
      <symbol id="sm-588">
         <name>__TI_int60</name>
         <value>0xfff8</value>
         <object_component_ref idref="oc-82"/>
      </symbol>
      <symbol id="sm-58b">
         <name>__TI_int61</name>
         <value>0xfffa</value>
         <object_component_ref idref="oc-83"/>
      </symbol>
      <symbol id="sm-58e">
         <name>__TI_int62</name>
         <value>0xfffc</value>
         <object_component_ref idref="oc-84"/>
      </symbol>
      <symbol id="sm-596">
         <name>__TI_ISR_TRAP</name>
         <value>0x12c9a</value>
         <object_component_ref idref="oc-9b"/>
      </symbol>
      <symbol id="sm-59f">
         <name>__mspabi_slli</name>
         <value>0x12c86</value>
         <object_component_ref idref="oc-152"/>
      </symbol>
      <symbol id="sm-5af">
         <name>__mspabi_slll_9</name>
         <value>0x12988</value>
         <object_component_ref idref="oc-227"/>
      </symbol>
      <symbol id="sm-5b0">
         <name>__mspabi_slll_8</name>
         <value>0x1298c</value>
         <object_component_ref idref="oc-227"/>
      </symbol>
      <symbol id="sm-5b1">
         <name>__mspabi_slll_7</name>
         <value>0x12990</value>
         <object_component_ref idref="oc-227"/>
      </symbol>
      <symbol id="sm-5b2">
         <name>__mspabi_slll_6</name>
         <value>0x12994</value>
         <object_component_ref idref="oc-227"/>
      </symbol>
      <symbol id="sm-5b3">
         <name>__mspabi_slll_5</name>
         <value>0x12998</value>
         <object_component_ref idref="oc-227"/>
      </symbol>
      <symbol id="sm-5b4">
         <name>__mspabi_slll_4</name>
         <value>0x1299c</value>
         <object_component_ref idref="oc-227"/>
      </symbol>
      <symbol id="sm-5b5">
         <name>__mspabi_slll_3</name>
         <value>0x129a0</value>
         <object_component_ref idref="oc-227"/>
      </symbol>
      <symbol id="sm-5b6">
         <name>__mspabi_slll_2</name>
         <value>0x129a4</value>
         <object_component_ref idref="oc-227"/>
      </symbol>
      <symbol id="sm-5b7">
         <name>__mspabi_slll_1</name>
         <value>0x129a8</value>
         <object_component_ref idref="oc-227"/>
      </symbol>
      <symbol id="sm-5b8">
         <name>__mspabi_slll</name>
         <value>0x12c46</value>
         <object_component_ref idref="oc-28b"/>
      </symbol>
      <symbol id="sm-5b9">
         <name>__mspabi_slll_15</name>
         <value>0x12970</value>
         <object_component_ref idref="oc-227"/>
      </symbol>
      <symbol id="sm-5ba">
         <name>__mspabi_slll_14</name>
         <value>0x12974</value>
         <object_component_ref idref="oc-227"/>
      </symbol>
      <symbol id="sm-5bb">
         <name>__mspabi_slll_13</name>
         <value>0x12978</value>
         <object_component_ref idref="oc-227"/>
      </symbol>
      <symbol id="sm-5bc">
         <name>__mspabi_slll_12</name>
         <value>0x1297c</value>
         <object_component_ref idref="oc-227"/>
      </symbol>
      <symbol id="sm-5bd">
         <name>__mspabi_slll_11</name>
         <value>0x12980</value>
         <object_component_ref idref="oc-227"/>
      </symbol>
      <symbol id="sm-5be">
         <name>__mspabi_slll_10</name>
         <value>0x12984</value>
         <object_component_ref idref="oc-227"/>
      </symbol>
      <symbol id="sm-5ce">
         <name>__mspabi_srll_8</name>
         <value>0x129ca</value>
         <object_component_ref idref="oc-27d"/>
      </symbol>
      <symbol id="sm-5cf">
         <name>__mspabi_srll_9</name>
         <value>0x129c6</value>
         <object_component_ref idref="oc-27d"/>
      </symbol>
      <symbol id="sm-5d0">
         <name>__mspabi_srll_6</name>
         <value>0x129d2</value>
         <object_component_ref idref="oc-27d"/>
      </symbol>
      <symbol id="sm-5d1">
         <name>__mspabi_srll_7</name>
         <value>0x129ce</value>
         <object_component_ref idref="oc-27d"/>
      </symbol>
      <symbol id="sm-5d2">
         <name>__mspabi_srll_4</name>
         <value>0x129da</value>
         <object_component_ref idref="oc-27d"/>
      </symbol>
      <symbol id="sm-5d3">
         <name>__mspabi_srll_5</name>
         <value>0x129d6</value>
         <object_component_ref idref="oc-27d"/>
      </symbol>
      <symbol id="sm-5d4">
         <name>__mspabi_srll_2</name>
         <value>0x129e2</value>
         <object_component_ref idref="oc-27d"/>
      </symbol>
      <symbol id="sm-5d5">
         <name>__mspabi_srll_3</name>
         <value>0x129de</value>
         <object_component_ref idref="oc-27d"/>
      </symbol>
      <symbol id="sm-5d6">
         <name>__mspabi_srll_1</name>
         <value>0x129e6</value>
         <object_component_ref idref="oc-27d"/>
      </symbol>
      <symbol id="sm-5d7">
         <name>__mspabi_srll_15</name>
         <value>0x129ae</value>
         <object_component_ref idref="oc-27d"/>
      </symbol>
      <symbol id="sm-5d8">
         <name>__mspabi_srll_14</name>
         <value>0x129b2</value>
         <object_component_ref idref="oc-27d"/>
      </symbol>
      <symbol id="sm-5d9">
         <name>__mspabi_srll_13</name>
         <value>0x129b6</value>
         <object_component_ref idref="oc-27d"/>
      </symbol>
      <symbol id="sm-5da">
         <name>__mspabi_srll_12</name>
         <value>0x129ba</value>
         <object_component_ref idref="oc-27d"/>
      </symbol>
      <symbol id="sm-5db">
         <name>__mspabi_srll_11</name>
         <value>0x129be</value>
         <object_component_ref idref="oc-27d"/>
      </symbol>
      <symbol id="sm-5dc">
         <name>__mspabi_srll_10</name>
         <value>0x129c2</value>
         <object_component_ref idref="oc-27d"/>
      </symbol>
      <symbol id="sm-5dd">
         <name>__mspabi_srll</name>
         <value>0x12c56</value>
         <object_component_ref idref="oc-290"/>
      </symbol>
      <symbol id="sm-5f0">
         <name>memcpy</name>
         <value>0x12c10</value>
         <object_component_ref idref="oc-b9"/>
      </symbol>
      <symbol id="sm-611">
         <name>__mspabi_mpyd</name>
         <value>0x111dc</value>
         <object_component_ref idref="oc-19b"/>
      </symbol>
      <symbol id="sm-619">
         <name>__mspabi_mpyi_f5hw</name>
         <value>0x12bfa</value>
         <object_component_ref idref="oc-2ad"/>
      </symbol>
      <symbol id="sm-621">
         <name>__mspabi_mpyl_f5hw</name>
         <value>0x12bd8</value>
         <object_component_ref idref="oc-282"/>
      </symbol>
      <symbol id="sm-663">
         <name>powf</name>
         <value>0x10000</value>
         <object_component_ref idref="oc-144"/>
      </symbol>
      <symbol id="sm-66c">
         <name>_system_pre_init</name>
         <value>0x12cac</value>
         <object_component_ref idref="oc-a0"/>
      </symbol>
      <symbol id="sm-680">
         <name>__TI_renormd</name>
         <value>0x122a2</value>
         <object_component_ref idref="oc-29a"/>
      </symbol>
      <symbol id="sm-68c">
         <name>__mspabi_subd</name>
         <value>0x12af8</value>
         <object_component_ref idref="oc-1b3"/>
      </symbol>
      <symbol id="sm-6a4">
         <name>_FDint</name>
         <value>0x123e8</value>
         <object_component_ref idref="oc-1ca"/>
      </symbol>
      <symbol id="sm-6b6">
         <name>_FDunscale</name>
         <value>0x12774</value>
         <object_component_ref idref="oc-1c4"/>
      </symbol>
      <symbol id="sm-6c2">
         <name>_Feraise</name>
         <value>0x12a24</value>
         <object_component_ref idref="oc-1d5"/>
      </symbol>
      <symbol id="sm-6e3">
         <name>_FExp</name>
         <value>0x116ca</value>
         <object_component_ref idref="oc-1f8"/>
      </symbol>
      <symbol id="sm-6ea">
         <name>_FZero</name>
         <value>0x2514</value>
         <object_component_ref idref="oc-1db"/>
      </symbol>
      <symbol id="sm-6eb">
         <name>_FRteps</name>
         <value>0x2500</value>
         <object_component_ref idref="oc-1db"/>
      </symbol>
      <symbol id="sm-6ec">
         <name>_FSnan</name>
         <value>0x24f0</value>
         <object_component_ref idref="oc-1db"/>
      </symbol>
      <symbol id="sm-6ed">
         <name>_FNan</name>
         <value>0x24e0</value>
         <object_component_ref idref="oc-1db"/>
      </symbol>
      <symbol id="sm-6ee">
         <name>_FInf</name>
         <value>0x24d0</value>
         <object_component_ref idref="oc-1db"/>
      </symbol>
      <symbol id="sm-6ef">
         <name>_FEps</name>
         <value>0x24c0</value>
         <object_component_ref idref="oc-1db"/>
      </symbol>
      <symbol id="sm-6f0">
         <name>_FXbig</name>
         <value>0x2510</value>
         <object_component_ref idref="oc-1db"/>
      </symbol>
      <symbol id="sm-6f1">
         <name>_FDenorm</name>
         <value>0x24b0</value>
         <object_component_ref idref="oc-1db"/>
      </symbol>
      <symbol id="sm-702">
         <name>_nop</name>
         <value>0x12cb4</value>
         <object_component_ref idref="oc-318"/>
      </symbol>
      <symbol id="sm-703">
         <name>_lock</name>
         <value>0x2538</value>
         <object_component_ref idref="oc-309"/>
      </symbol>
      <symbol id="sm-704">
         <name>_unlock</name>
         <value>0x253c</value>
         <object_component_ref idref="oc-309"/>
      </symbol>
      <symbol id="sm-715">
         <name>__mspabi_sral</name>
         <value>0x12c36</value>
         <object_component_ref idref="oc-295"/>
      </symbol>
      <symbol id="sm-716">
         <name>__mspabi_sral_15</name>
         <value>0x12932</value>
         <object_component_ref idref="oc-206"/>
      </symbol>
      <symbol id="sm-717">
         <name>__mspabi_sral_14</name>
         <value>0x12936</value>
         <object_component_ref idref="oc-206"/>
      </symbol>
      <symbol id="sm-718">
         <name>__mspabi_sral_13</name>
         <value>0x1293a</value>
         <object_component_ref idref="oc-206"/>
      </symbol>
      <symbol id="sm-719">
         <name>__mspabi_sral_12</name>
         <value>0x1293e</value>
         <object_component_ref idref="oc-206"/>
      </symbol>
      <symbol id="sm-71a">
         <name>__mspabi_sral_11</name>
         <value>0x12942</value>
         <object_component_ref idref="oc-206"/>
      </symbol>
      <symbol id="sm-71b">
         <name>__mspabi_sral_10</name>
         <value>0x12946</value>
         <object_component_ref idref="oc-206"/>
      </symbol>
      <symbol id="sm-71c">
         <name>__mspabi_sral_8</name>
         <value>0x1294e</value>
         <object_component_ref idref="oc-206"/>
      </symbol>
      <symbol id="sm-71d">
         <name>__mspabi_sral_9</name>
         <value>0x1294a</value>
         <object_component_ref idref="oc-206"/>
      </symbol>
      <symbol id="sm-71e">
         <name>__mspabi_sral_6</name>
         <value>0x12956</value>
         <object_component_ref idref="oc-206"/>
      </symbol>
      <symbol id="sm-71f">
         <name>__mspabi_sral_7</name>
         <value>0x12952</value>
         <object_component_ref idref="oc-206"/>
      </symbol>
      <symbol id="sm-720">
         <name>__mspabi_sral_4</name>
         <value>0x1295e</value>
         <object_component_ref idref="oc-206"/>
      </symbol>
      <symbol id="sm-721">
         <name>__mspabi_sral_5</name>
         <value>0x1295a</value>
         <object_component_ref idref="oc-206"/>
      </symbol>
      <symbol id="sm-722">
         <name>__mspabi_sral_2</name>
         <value>0x12966</value>
         <object_component_ref idref="oc-206"/>
      </symbol>
      <symbol id="sm-723">
         <name>__mspabi_sral_3</name>
         <value>0x12962</value>
         <object_component_ref idref="oc-206"/>
      </symbol>
      <symbol id="sm-724">
         <name>__mspabi_sral_1</name>
         <value>0x1296a</value>
         <object_component_ref idref="oc-206"/>
      </symbol>
      <symbol id="sm-73b">
         <name>_auto_init_hold_wdt</name>
         <value>0x1269e</value>
         <object_component_ref idref="oc-a6"/>
      </symbol>
      <symbol id="sm-742">
         <name>_Errno</name>
         <value>0x2548</value>
         <object_component_ref idref="oc-253"/>
      </symbol>
      <symbol id="sm-75a">
         <name>feraiseexcept</name>
         <value>0x12a90</value>
         <object_component_ref idref="oc-24d"/>
      </symbol>
      <symbol id="sm-75b">
         <name>_Tls_setup__Fenv</name>
         <value>0x2544</value>
         <object_component_ref idref="oc-2bc"/>
      </symbol>
      <symbol id="sm-75c">
         <name>_Fenv</name>
         <value>0x2540</value>
         <object_component_ref idref="oc-2bc"/>
      </symbol>
      <symbol id="sm-76d">
         <name>__TI_frcmpyd</name>
         <value>0x10c20</value>
         <object_component_ref idref="oc-212"/>
      </symbol>
      <symbol id="sm-77d">
         <name>__mspabi_cmpf</name>
         <value>0x1289e</value>
         <object_component_ref idref="oc-1d0"/>
      </symbol>
      <symbol id="sm-78f">
         <name>__mspabi_divf</name>
         <value>0x1247a</value>
         <object_component_ref idref="oc-1f3"/>
      </symbol>
      <symbol id="sm-79e">
         <name>__mspabi_fltlif</name>
         <value>0x128e8</value>
         <object_component_ref idref="oc-1e3"/>
      </symbol>
      <symbol id="sm-7b0">
         <name>__mspabi_fixfi</name>
         <value>0x1270c</value>
         <object_component_ref idref="oc-1e8"/>
      </symbol>
      <symbol id="sm-7c3">
         <name>__mspabi_fixfli</name>
         <value>0x12620</value>
         <object_component_ref idref="oc-1de"/>
      </symbol>
      <symbol id="sm-7cf">
         <name>logf</name>
         <value>0x12ca6</value>
         <object_component_ref idref="oc-1ed"/>
      </symbol>
      <symbol id="sm-7e3">
         <name>raise</name>
         <value>0x12b2a</value>
         <object_component_ref idref="oc-2bf"/>
      </symbol>
      <symbol id="sm-7f8">
         <name>signal</name>
         <value>0x129ec</value>
         <object_component_ref idref="oc-2f6"/>
      </symbol>
      <symbol id="sm-80a">
         <name>_FDnorm</name>
         <value>0x12508</value>
         <object_component_ref idref="oc-240"/>
      </symbol>
      <symbol id="sm-827">
         <name>_FDscale</name>
         <value>0x1201a</value>
         <object_component_ref idref="oc-270"/>
      </symbol>
      <symbol id="sm-846">
         <name>_FLog</name>
         <value>0x1145e</value>
         <object_component_ref idref="oc-261"/>
      </symbol>
      <symbol id="sm-84f">
         <name>__mspabi_srli</name>
         <value>0x12c90</value>
         <object_component_ref idref="oc-2d3"/>
      </symbol>
      <symbol id="sm-850">
         <name>__TI_exit</name>
         <value>0x1</value>
      </symbol>
      <symbol id="sm-851">
         <name>__TI_args_main</name>
         <value>0x1</value>
      </symbol>
      <symbol id="sm-852">
         <name>__TI_INITARRAY_Base</name>
         <value>0x0</value>
      </symbol>
      <symbol id="sm-853">
         <name>__TI_INITARRAY_Limit</name>
         <value>0x0</value>
      </symbol>
   </symbol_table>
   <title>Link successful</title>
</link_info>
